
[1m[46m RUN [49m[22m [36mv4.0.15 [39m[90mC:/Users/Danie/Desktop/nanobanna-pro[39m

[90mstdout[2m | .auto-claude/worktrees/tasks/009-add-error-rate-tracking-to-error-handler/src/services/llm.test.ts[2m > [22m[2mLLM Service Routing[2m > [22m[2mshould route Image calls to OpenRouter with correct image model
[22m[39m[Image Gen] Starting generation pipeline for: A cool banner
[Image Gen] Dimensions: { aspect_ratio: [32m'16:9'[39m } shouldResize: [33mfalse[39m
[API Keys] getUserAPIKeys() called

[90mstdout[2m | .auto-claude/worktrees/tasks/009-add-error-rate-tracking-to-error-handler/src/services/llm.test.ts[2m > [22m[2mLLM Service Routing[2m > [22m[2mshould route Image calls to OpenRouter with correct image model
[22m[39m[API Keys] Γ£ô Loaded keys from Neon (masked for display)

[90mstdout[2m | .auto-claude/worktrees/tasks/009-add-error-rate-tracking-to-error-handler/src/services/llm.test.ts[2m > [22m[2mLLM Service Routing[2m > [22m[2mshould route Image calls to OpenRouter with correct image model
[22m[39m[Image Gen] User API Keys available: {
  hasReplicate: [33mfalse[39m,
  canGenerateImages: [33mfalse[39m,
  hasProductKeys: [33mfalse[39m
}
[Image Gen] Attempting Nano Banana Pro (OpenRouter)...

[90mstdout[2m | .auto-claude/worktrees/tasks/009-add-error-rate-tracking-to-error-handler/src/services/llm.test.ts[2m > [22m[2mLLM Service Routing[2m > [22m[2mshould route Image calls to OpenRouter with correct image model
[22m[39m[Image Gen] Γ£à Nano Banana Pro success

 [31mΓ¥»[39m .auto-claude/worktrees/tasks/009-add-error-rate-tracking-to-error-handler/src/services/llm.test.ts [2m([22m[2m2 tests[22m[2m | [22m[31m2 failed[39m[2m)[22m[32m 16[2mms[22m[39m
[31m     [31m├ù[31m should route Chat calls to OpenRouter when configured[39m[32m 10[2mms[22m[39m
[31m     [31m├ù[31m should route Image calls to OpenRouter with correct image model[39m[32m 4[2mms[22m[39m
[90mstdout[2m | .auto-claude/worktrees/tasks/008-add-model-usage-analytics-hook-and-display/src/services/llm.test.ts[2m > [22m[2mLLM Service Routing[2m > [22m[2mshould route Image calls to OpenRouter with correct image model
[22m[39m[Image Gen] Starting generation pipeline for: A cool banner
[Image Gen] Dimensions: { aspect_ratio: [32m'16:9'[39m } shouldResize: [33mfalse[39m
[API Keys] getUserAPIKeys() called

[90mstdout[2m | .auto-claude/worktrees/tasks/008-add-model-usage-analytics-hook-and-display/src/services/llm.test.ts[2m > [22m[2mLLM Service Routing[2m > [22m[2mshould route Image calls to OpenRouter with correct image model
[22m[39m[API Keys] Γ£ô Loaded keys from Neon (masked for display)

[90mstdout[2m | .auto-claude/worktrees/tasks/008-add-model-usage-analytics-hook-and-display/src/services/llm.test.ts[2m > [22m[2mLLM Service Routing[2m > [22m[2mshould route Image calls to OpenRouter with correct image model
[22m[39m[Image Gen] User API Keys available: {
  hasReplicate: [33mfalse[39m,
  canGenerateImages: [33mfalse[39m,
  hasProductKeys: [33mfalse[39m
}
[Image Gen] Attempting Nano Banana Pro (OpenRouter)...

[90mstdout[2m | .auto-claude/worktrees/tasks/008-add-model-usage-analytics-hook-and-display/src/services/llm.test.ts[2m > [22m[2mLLM Service Routing[2m > [22m[2mshould route Image calls to OpenRouter with correct image model
[22m[39m[Image Gen] Γ£à Nano Banana Pro success

[90mstdout[2m | .auto-claude/worktrees/tasks/010-add-agent-task-routing-suggestions/src/services/llm.test.ts[2m > [22m[2mLLM Service Routing[2m > [22m[2mshould route Image calls to OpenRouter with correct image model
[22m[39m[Image Gen] Starting generation pipeline for: A cool banner
[Image Gen] Dimensions: { aspect_ratio: [32m'16:9'[39m } shouldResize: [33mfalse[39m
[API Keys] getUserAPIKeys() called

[90mstdout[2m | .auto-claude/worktrees/tasks/018-implement-csrf-protection-for-state-changing-endpo/src/services/llm.test.ts[2m > [22m[2mLLM Service Routing[2m > [22m[2mshould route Image calls to OpenRouter with correct image model
[22m[39m[Image Gen] Starting generation pipeline for: A cool banner
[Image Gen] Dimensions: { aspect_ratio: [32m'16:9'[39m } shouldResize: [33mfalse[39m
[API Keys] getUserAPIKeys() called

[90mstdout[2m | .auto-claude/worktrees/tasks/004-extract-reusable-urltodatauri-helper-to-shared-uti/src/services/llm.test.ts[2m > [22m[2mLLM Service Routing[2m > [22m[2mshould route Image calls to OpenRouter with correct image model
[22m[39m[Image Gen] Starting generation pipeline for: A cool banner
[Image Gen] Dimensions: { aspect_ratio: [32m'16:9'[39m } shouldResize: [33mfalse[39m
[API Keys] getUserAPIKeys() called

[90mstdout[2m | .auto-claude/worktrees/tasks/019-remove-api-key-access-from-localstorage-in-modelse/src/services/llm.test.ts[2m > [22m[2mLLM Service Routing[2m > [22m[2mshould route Image calls to OpenRouter with correct image model
[22m[39m[Image Gen] Starting generation pipeline for: A cool banner
[Image Gen] Dimensions: { aspect_ratio: [32m'16:9'[39m } shouldResize: [33mfalse[39m
[API Keys] getUserAPIKeys() called

 [31mΓ¥»[39m .auto-claude/worktrees/tasks/008-add-model-usage-analytics-hook-and-display/src/services/llm.test.ts [2m([22m[2m2 tests[22m[2m | [22m[31m2 failed[39m[2m)[22m[32m 14[2mms[22m[39m
[31m     [31m├ù[31m should route Chat calls to OpenRouter when configured[39m[32m 9[2mms[22m[39m
[31m     [31m├ù[31m should route Image calls to OpenRouter with correct image model[39m[32m 4[2mms[22m[39m
[90mstdout[2m | .auto-claude/worktrees/tasks/031-prompt-library-history/src/services/llm.test.ts[2m > [22m[2mLLM Service Routing[2m > [22m[2mshould route Image calls to OpenRouter with correct image model
[22m[39m[Image Gen] Starting generation pipeline for: A cool banner
[Image Gen] Dimensions: { aspect_ratio: [32m'16:9'[39m } shouldResize: [33mfalse[39m
[API Keys] getUserAPIKeys() called

[90mstdout[2m | .auto-claude/worktrees/tasks/017-hash-password-reset-tokens-before-database-storage/src/services/llm.test.ts[2m > [22m[2mLLM Service Routing[2m > [22m[2mshould route Image calls to OpenRouter with correct image model
[22m[39m[Image Gen] Starting generation pipeline for: A cool banner
[Image Gen] Dimensions: { aspect_ratio: [32m'16:9'[39m } shouldResize: [33mfalse[39m
[API Keys] getUserAPIKeys() called

[90mstdout[2m | .auto-claude/worktrees/tasks/003-extract-chatinterface-tsx-into-smaller-focused-com/src/services/llm.test.ts[2m > [22m[2mLLM Service Routing[2m > [22m[2mshould route Image calls to OpenRouter with correct image model
[22m[39m[Image Gen] Starting generation pipeline for: A cool banner
[Image Gen] Dimensions: { aspect_ratio: [32m'16:9'[39m } shouldResize: [33mfalse[39m
[API Keys] getUserAPIKeys() called

[90mstdout[2m | .auto-claude/worktrees/tasks/010-add-agent-task-routing-suggestions/src/services/llm.test.ts[2m > [22m[2mLLM Service Routing[2m > [22m[2mshould route Image calls to OpenRouter with correct image model
[22m[39m[API Keys] Γ£ô Loaded keys from Neon (masked for display)

[90mstdout[2m | .auto-claude/worktrees/tasks/018-implement-csrf-protection-for-state-changing-endpo/src/services/llm.test.ts[2m > [22m[2mLLM Service Routing[2m > [22m[2mshould route Image calls to OpenRouter with correct image model
[22m[39m[API Keys] Γ£ô Loaded keys from Neon (masked for display)

[90mstdout[2m | .auto-claude/worktrees/tasks/004-extract-reusable-urltodatauri-helper-to-shared-uti/src/services/llm.test.ts[2m > [22m[2mLLM Service Routing[2m > [22m[2mshould route Image calls to OpenRouter with correct image model
[22m[39m[API Keys] Γ£ô Loaded keys from Neon (masked for display)

[90mstdout[2m | .auto-claude/worktrees/tasks/019-remove-api-key-access-from-localstorage-in-modelse/src/services/llm.test.ts[2m > [22m[2mLLM Service Routing[2m > [22m[2mshould route Image calls to OpenRouter with correct image model
[22m[39m[API Keys] Γ£ô Loaded keys from Neon (masked for display)

[90mstdout[2m | .auto-claude/worktrees/tasks/007-extend-keyboard-shortcuts-for-canvas-operations/src/services/llm.test.ts[2m > [22m[2mLLM Service Routing[2m > [22m[2mshould route Image calls to OpenRouter with correct image model
[22m[39m[Image Gen] Starting generation pipeline for: A cool banner
[Image Gen] Dimensions: { aspect_ratio: [32m'16:9'[39m } shouldResize: [33mfalse[39m
[API Keys] getUserAPIKeys() called

[90mstdout[2m | .auto-claude/worktrees/tasks/031-prompt-library-history/src/services/llm.test.ts[2m > [22m[2mLLM Service Routing[2m > [22m[2mshould route Image calls to OpenRouter with correct image model
[22m[39m[API Keys] Γ£ô Loaded keys from Neon (masked for display)

[90mstdout[2m | .auto-claude/worktrees/tasks/017-hash-password-reset-tokens-before-database-storage/src/services/llm.test.ts[2m > [22m[2mLLM Service Routing[2m > [22m[2mshould route Image calls to OpenRouter with correct image model
[22m[39m[API Keys] Γ£ô Loaded keys from Neon (masked for display)

[90mstdout[2m | .auto-claude/worktrees/tasks/003-extract-chatinterface-tsx-into-smaller-focused-com/src/services/llm.test.ts[2m > [22m[2mLLM Service Routing[2m > [22m[2mshould route Image calls to OpenRouter with correct image model
[22m[39m[API Keys] Γ£ô Loaded keys from Neon (masked for display)

[90mstdout[2m | .auto-claude/worktrees/tasks/010-add-agent-task-routing-suggestions/src/services/llm.test.ts[2m > [22m[2mLLM Service Routing[2m > [22m[2mshould route Image calls to OpenRouter with correct image model
[22m[39m[Image Gen] User API Keys available: {
  hasReplicate: [33mfalse[39m,
  canGenerateImages: [33mfalse[39m,
  hasProductKeys: [33mfalse[39m
}
[Image Gen] Attempting Nano Banana Pro (OpenRouter)...

[90mstdout[2m | .auto-claude/worktrees/tasks/018-implement-csrf-protection-for-state-changing-endpo/src/services/llm.test.ts[2m > [22m[2mLLM Service Routing[2m > [22m[2mshould route Image calls to OpenRouter with correct image model
[22m[39m[Image Gen] User API Keys available: {
  hasReplicate: [33mfalse[39m,
  canGenerateImages: [33mfalse[39m,
  hasProductKeys: [33mfalse[39m
}
[Image Gen] Attempting Nano Banana Pro (OpenRouter)...

[90mstdout[2m | .auto-claude/worktrees/tasks/004-extract-reusable-urltodatauri-helper-to-shared-uti/src/services/llm.test.ts[2m > [22m[2mLLM Service Routing[2m > [22m[2mshould route Image calls to OpenRouter with correct image model
[22m[39m[Image Gen] User API Keys available: {
  hasReplicate: [33mfalse[39m,
  canGenerateImages: [33mfalse[39m,
  hasProductKeys: [33mfalse[39m
}
[Image Gen] Attempting Nano Banana Pro (OpenRouter)...

[90mstdout[2m | .auto-claude/worktrees/tasks/019-remove-api-key-access-from-localstorage-in-modelse/src/services/llm.test.ts[2m > [22m[2mLLM Service Routing[2m > [22m[2mshould route Image calls to OpenRouter with correct image model
[22m[39m[Image Gen] User API Keys available: {
  hasReplicate: [33mfalse[39m,
  canGenerateImages: [33mfalse[39m,
  hasProductKeys: [33mfalse[39m
}
[Image Gen] Attempting Nano Banana Pro (OpenRouter)...

[90mstdout[2m | .auto-claude/worktrees/tasks/007-extend-keyboard-shortcuts-for-canvas-operations/src/services/llm.test.ts[2m > [22m[2mLLM Service Routing[2m > [22m[2mshould route Image calls to OpenRouter with correct image model
[22m[39m[API Keys] Γ£ô Loaded keys from Neon (masked for display)

[90mstdout[2m | .auto-claude/worktrees/tasks/031-prompt-library-history/src/services/llm.test.ts[2m > [22m[2mLLM Service Routing[2m > [22m[2mshould route Image calls to OpenRouter with correct image model
[22m[39m[Image Gen] User API Keys available: {
  hasReplicate: [33mfalse[39m,
  canGenerateImages: [33mfalse[39m,
  hasProductKeys: [33mfalse[39m
}
[Image Gen] Attempting Nano Banana Pro (OpenRouter)...

[90mstdout[2m | .auto-claude/worktrees/tasks/017-hash-password-reset-tokens-before-database-storage/src/services/llm.test.ts[2m > [22m[2mLLM Service Routing[2m > [22m[2mshould route Image calls to OpenRouter with correct image model
[22m[39m[Image Gen] User API Keys available: {
  hasReplicate: [33mfalse[39m,
  canGenerateImages: [33mfalse[39m,
  hasProductKeys: [33mfalse[39m
}
[Image Gen] Attempting Nano Banana Pro (OpenRouter)...

[90mstdout[2m | .auto-claude/worktrees/tasks/003-extract-chatinterface-tsx-into-smaller-focused-com/src/services/llm.test.ts[2m > [22m[2mLLM Service Routing[2m > [22m[2mshould route Image calls to OpenRouter with correct image model
[22m[39m[Image Gen] User API Keys available: {
  hasReplicate: [33mfalse[39m,
  canGenerateImages: [33mfalse[39m,
  hasProductKeys: [33mfalse[39m
}
[Image Gen] Attempting Nano Banana Pro (OpenRouter)...

[90mstdout[2m | .auto-claude/worktrees/tasks/010-add-agent-task-routing-suggestions/src/services/llm.test.ts[2m > [22m[2mLLM Service Routing[2m > [22m[2mshould route Image calls to OpenRouter with correct image model
[22m[39m[Image Gen] Γ£à Nano Banana Pro success

[90mstdout[2m | .auto-claude/worktrees/tasks/018-implement-csrf-protection-for-state-changing-endpo/src/services/llm.test.ts[2m > [22m[2mLLM Service Routing[2m > [22m[2mshould route Image calls to OpenRouter with correct image model
[22m[39m[Image Gen] Γ£à Nano Banana Pro success

[90mstdout[2m | .auto-claude/worktrees/tasks/004-extract-reusable-urltodatauri-helper-to-shared-uti/src/services/llm.test.ts[2m > [22m[2mLLM Service Routing[2m > [22m[2mshould route Image calls to OpenRouter with correct image model
[22m[39m[Image Gen] Γ£à Nano Banana Pro success

[90mstdout[2m | .auto-claude/worktrees/tasks/019-remove-api-key-access-from-localstorage-in-modelse/src/services/llm.test.ts[2m > [22m[2mLLM Service Routing[2m > [22m[2mshould route Image calls to OpenRouter with correct image model
[22m[39m[Image Gen] Γ£à Nano Banana Pro success

[90mstdout[2m | .auto-claude/worktrees/tasks/007-extend-keyboard-shortcuts-for-canvas-operations/src/services/llm.test.ts[2m > [22m[2mLLM Service Routing[2m > [22m[2mshould route Image calls to OpenRouter with correct image model
[22m[39m[Image Gen] User API Keys available: {
  hasReplicate: [33mfalse[39m,
  canGenerateImages: [33mfalse[39m,
  hasProductKeys: [33mfalse[39m
}
[Image Gen] Attempting Nano Banana Pro (OpenRouter)...

[90mstdout[2m | .auto-claude/worktrees/tasks/031-prompt-library-history/src/services/llm.test.ts[2m > [22m[2mLLM Service Routing[2m > [22m[2mshould route Image calls to OpenRouter with correct image model
[22m[39m[Image Gen] Γ£à Nano Banana Pro success

[90mstdout[2m | .auto-claude/worktrees/tasks/017-hash-password-reset-tokens-before-database-storage/src/services/llm.test.ts[2m > [22m[2mLLM Service Routing[2m > [22m[2mshould route Image calls to OpenRouter with correct image model
[22m[39m[Image Gen] Γ£à Nano Banana Pro success

[90mstdout[2m | .auto-claude/worktrees/tasks/003-extract-chatinterface-tsx-into-smaller-focused-com/src/services/llm.test.ts[2m > [22m[2mLLM Service Routing[2m > [22m[2mshould route Image calls to OpenRouter with correct image model
[22m[39m[Image Gen] Γ£à Nano Banana Pro success

[90mstdout[2m | .auto-claude/worktrees/tasks/007-extend-keyboard-shortcuts-for-canvas-operations/src/services/llm.test.ts[2m > [22m[2mLLM Service Routing[2m > [22m[2mshould route Image calls to OpenRouter with correct image model
[22m[39m[Image Gen] Γ£à Nano Banana Pro success

 [31mΓ¥»[39m .auto-claude/worktrees/tasks/018-implement-csrf-protection-for-state-changing-endpo/src/services/llm.test.ts [2m([22m[2m2 tests[22m[2m | [22m[31m2 failed[39m[2m)[22m[32m 15[2mms[22m[39m
[31m     [31m├ù[31m should route Chat calls to OpenRouter when configured[39m[32m 10[2mms[22m[39m
[31m     [31m├ù[31m should route Image calls to OpenRouter with correct image model[39m[32m 4[2mms[22m[39m
 [31mΓ¥»[39m .auto-claude/worktrees/tasks/010-add-agent-task-routing-suggestions/src/services/llm.test.ts [2m([22m[2m2 tests[22m[2m | [22m[31m2 failed[39m[2m)[22m[32m 17[2mms[22m[39m
[31m     [31m├ù[31m should route Chat calls to OpenRouter when configured[39m[32m 10[2mms[22m[39m
[31m     [31m├ù[31m should route Image calls to OpenRouter with correct image model[39m[32m 6[2mms[22m[39m
 [31mΓ¥»[39m .auto-claude/worktrees/tasks/004-extract-reusable-urltodatauri-helper-to-shared-uti/src/services/llm.test.ts [2m([22m[2m2 tests[22m[2m | [22m[31m2 failed[39m[2m)[22m[32m 17[2mms[22m[39m
[31m     [31m├ù[31m should route Chat calls to OpenRouter when configured[39m[32m 10[2mms[22m[39m
[31m     [31m├ù[31m should route Image calls to OpenRouter with correct image model[39m[32m 5[2mms[22m[39m
 [31mΓ¥»[39m .auto-claude/worktrees/tasks/031-prompt-library-history/src/services/llm.test.ts [2m([22m[2m2 tests[22m[2m | [22m[31m2 failed[39m[2m)[22m[32m 16[2mms[22m[39m
[31m     [31m├ù[31m should route Chat calls to OpenRouter when configured[39m[32m 10[2mms[22m[39m
[31m     [31m├ù[31m should route Image calls to OpenRouter with correct image model[39m[32m 4[2mms[22m[39m
 [31mΓ¥»[39m .auto-claude/worktrees/tasks/019-remove-api-key-access-from-localstorage-in-modelse/src/services/llm.test.ts [2m([22m[2m2 tests[22m[2m | [22m[31m2 failed[39m[2m)[22m[32m 17[2mms[22m[39m
[31m     [31m├ù[31m should route Chat calls to OpenRouter when configured[39m[32m 10[2mms[22m[39m
[31m     [31m├ù[31m should route Image calls to OpenRouter with correct image model[39m[32m 5[2mms[22m[39m
 [31mΓ¥»[39m .auto-claude/worktrees/tasks/017-hash-password-reset-tokens-before-database-storage/src/services/llm.test.ts [2m([22m[2m2 tests[22m[2m | [22m[31m2 failed[39m[2m)[22m[32m 16[2mms[22m[39m
[31m     [31m├ù[31m should route Chat calls to OpenRouter when configured[39m[32m 11[2mms[22m[39m
[31m     [31m├ù[31m should route Image calls to OpenRouter with correct image model[39m[32m 4[2mms[22m[39m
 [31mΓ¥»[39m .auto-claude/worktrees/tasks/003-extract-chatinterface-tsx-into-smaller-focused-com/src/services/llm.test.ts [2m([22m[2m2 tests[22m[2m | [22m[31m2 failed[39m[2m)[22m[32m 18[2mms[22m[39m
[31m     [31m├ù[31m should route Chat calls to OpenRouter when configured[39m[32m 11[2mms[22m[39m
[31m     [31m├ù[31m should route Image calls to OpenRouter with correct image model[39m[32m 6[2mms[22m[39m
 [31mΓ¥»[39m .auto-claude/worktrees/tasks/007-extend-keyboard-shortcuts-for-canvas-operations/src/services/llm.test.ts [2m([22m[2m2 tests[22m[2m | [22m[31m2 failed[39m[2m)[22m[32m 20[2mms[22m[39m
[31m     [31m├ù[31m should route Chat calls to OpenRouter when configured[39m[32m 13[2mms[22m[39m
[31m     [31m├ù[31m should route Image calls to OpenRouter with correct image model[39m[32m 5[2mms[22m[39m
[90mstdout[2m | .auto-claude/worktrees/tasks/016-upgrade-vulnerable-npm-dependencies-with-known-cve/src/services/llm.test.ts[2m > [22m[2mLLM Service Routing[2m > [22m[2mshould route Image calls to OpenRouter with correct image model
[22m[39m[Image Gen] Starting generation pipeline for: A cool banner
[Image Gen] Dimensions: { aspect_ratio: [32m'16:9'[39m } shouldResize: [33mfalse[39m
[API Keys] getUserAPIKeys() called

[90mstdout[2m | .auto-claude/worktrees/tasks/016-upgrade-vulnerable-npm-dependencies-with-known-cve/src/services/llm.test.ts[2m > [22m[2mLLM Service Routing[2m > [22m[2mshould route Image calls to OpenRouter with correct image model
[22m[39m[API Keys] Γ£ô Loaded keys from Neon (masked for display)

[90mstdout[2m | .auto-claude/worktrees/tasks/016-upgrade-vulnerable-npm-dependencies-with-known-cve/src/services/llm.test.ts[2m > [22m[2mLLM Service Routing[2m > [22m[2mshould route Image calls to OpenRouter with correct image model
[22m[39m[Image Gen] User API Keys available: {
  hasReplicate: [33mfalse[39m,
  canGenerateImages: [33mfalse[39m,
  hasProductKeys: [33mfalse[39m
}
[Image Gen] Attempting Nano Banana Pro (OpenRouter)...

[90mstdout[2m | .auto-claude/worktrees/tasks/016-upgrade-vulnerable-npm-dependencies-with-known-cve/src/services/llm.test.ts[2m > [22m[2mLLM Service Routing[2m > [22m[2mshould route Image calls to OpenRouter with correct image model
[22m[39m[Image Gen] Γ£à Nano Banana Pro success

[90mstdout[2m | .auto-claude/worktrees/tasks/012-replace-bouncing-notification-with-smooth-toast/src/services/llm.test.ts[2m > [22m[2mLLM Service Routing[2m > [22m[2mshould route Image calls to OpenRouter with correct image model
[22m[39m[Image Gen] Starting generation pipeline for: A cool banner
[Image Gen] Dimensions: { aspect_ratio: [32m'16:9'[39m } shouldResize: [33mfalse[39m
[API Keys] getUserAPIKeys() called

[90mstdout[2m | .auto-claude/worktrees/tasks/012-replace-bouncing-notification-with-smooth-toast/src/services/llm.test.ts[2m > [22m[2mLLM Service Routing[2m > [22m[2mshould route Image calls to OpenRouter with correct image model
[22m[39m[API Keys] Γ£ô Loaded keys from Neon (masked for display)

[90mstdout[2m | .auto-claude/worktrees/tasks/012-replace-bouncing-notification-with-smooth-toast/src/services/llm.test.ts[2m > [22m[2mLLM Service Routing[2m > [22m[2mshould route Image calls to OpenRouter with correct image model
[22m[39m[Image Gen] User API Keys available: {
  hasReplicate: [33mfalse[39m,
  canGenerateImages: [33mfalse[39m,
  hasProductKeys: [33mfalse[39m
}
[Image Gen] Attempting Nano Banana Pro (OpenRouter)...

[90mstdout[2m | .auto-claude/worktrees/tasks/012-replace-bouncing-notification-with-smooth-toast/src/services/llm.test.ts[2m > [22m[2mLLM Service Routing[2m > [22m[2mshould route Image calls to OpenRouter with correct image model
[22m[39m[Image Gen] Γ£à Nano Banana Pro success

 [31mΓ¥»[39m .auto-claude/worktrees/tasks/016-upgrade-vulnerable-npm-dependencies-with-known-cve/src/services/llm.test.ts [2m([22m[2m2 tests[22m[2m | [22m[31m2 failed[39m[2m)[22m[32m 17[2mms[22m[39m
[31m     [31m├ù[31m should route Chat calls to OpenRouter when configured[39m[32m 10[2mms[22m[39m
[31m     [31m├ù[31m should route Image calls to OpenRouter with correct image model[39m[32m 6[2mms[22m[39m
 [31mΓ¥»[39m .auto-claude/worktrees/tasks/012-replace-bouncing-notification-with-smooth-toast/src/services/llm.test.ts [2m([22m[2m2 tests[22m[2m | [22m[31m2 failed[39m[2m)[22m[32m 18[2mms[22m[39m
[31m     [31m├ù[31m should route Chat calls to OpenRouter when configured[39m[32m 11[2mms[22m[39m
[31m     [31m├ù[31m should route Image calls to OpenRouter with correct image model[39m[32m 5[2mms[22m[39m
[90mstdout[2m | .auto-claude/worktrees/tasks/025-add-typescript-type-system-documentation/src/services/llm.test.ts[2m > [22m[2mLLM Service Routing[2m > [22m[2mshould route Image calls to OpenRouter with correct image model
[22m[39m[Image Gen] Starting generation pipeline for: A cool banner
[Image Gen] Dimensions: { aspect_ratio: [32m'16:9'[39m } shouldResize: [33mfalse[39m
[API Keys] getUserAPIKeys() called

[90mstdout[2m | .auto-claude/worktrees/tasks/025-add-typescript-type-system-documentation/src/services/llm.test.ts[2m > [22m[2mLLM Service Routing[2m > [22m[2mshould route Image calls to OpenRouter with correct image model
[22m[39m[API Keys] Γ£ô Loaded keys from Neon (masked for display)

[90mstdout[2m | .auto-claude/worktrees/tasks/013-add-keyboard-navigation-to-profile-dropdown-menu/src/services/llm.test.ts[2m > [22m[2mLLM Service Routing[2m > [22m[2mshould route Image calls to OpenRouter with correct image model
[22m[39m[Image Gen] Starting generation pipeline for: A cool banner
[Image Gen] Dimensions: { aspect_ratio: [32m'16:9'[39m } shouldResize: [33mfalse[39m
[API Keys] getUserAPIKeys() called

[90mstdout[2m | .auto-claude/worktrees/tasks/015-improve-voice-agent-connection-feedback/src/services/llm.test.ts[2m > [22m[2mLLM Service Routing[2m > [22m[2mshould route Image calls to OpenRouter with correct image model
[22m[39m[Image Gen] Starting generation pipeline for: A cool banner
[Image Gen] Dimensions: { aspect_ratio: [32m'16:9'[39m } shouldResize: [33mfalse[39m
[API Keys] getUserAPIKeys() called

[90mstdout[2m | .auto-claude/worktrees/tasks/011-add-modal-accessibility-with-focus-trap/src/services/llm.test.ts[2m > [22m[2mLLM Service Routing[2m > [22m[2mshould route Image calls to OpenRouter with correct image model
[22m[39m[Image Gen] Starting generation pipeline for: A cool banner
[Image Gen] Dimensions: { aspect_ratio: [32m'16:9'[39m } shouldResize: [33mfalse[39m
[API Keys] getUserAPIKeys() called

[90mstdout[2m | .auto-claude/worktrees/tasks/002-refactor-actionexecutor-ts-giant-switch-statement-/src/services/llm.test.ts[2m > [22m[2mLLM Service Routing[2m > [22m[2mshould route Image calls to OpenRouter with correct image model
[22m[39m[Image Gen] Starting generation pipeline for: A cool banner
[Image Gen] Dimensions: { aspect_ratio: [32m'16:9'[39m } shouldResize: [33mfalse[39m
[API Keys] getUserAPIKeys() called

[90mstdout[2m | .auto-claude/worktrees/tasks/006-extend-export-panel-to-multiple-image-formats/src/services/llm.test.ts[2m > [22m[2mLLM Service Routing[2m > [22m[2mshould route Image calls to OpenRouter with correct image model
[22m[39m[Image Gen] Starting generation pipeline for: A cool banner
[Image Gen] Dimensions: { aspect_ratio: [32m'16:9'[39m } shouldResize: [33mfalse[39m
[API Keys] getUserAPIKeys() called

[90mstdout[2m | .auto-claude/worktrees/tasks/025-add-typescript-type-system-documentation/src/services/llm.test.ts[2m > [22m[2mLLM Service Routing[2m > [22m[2mshould route Image calls to OpenRouter with correct image model
[22m[39m[Image Gen] User API Keys available: {
  hasReplicate: [33mfalse[39m,
  canGenerateImages: [33mfalse[39m,
  hasProductKeys: [33mfalse[39m
}
[Image Gen] Attempting Nano Banana Pro (OpenRouter)...

[90mstdout[2m | .auto-claude/worktrees/tasks/013-add-keyboard-navigation-to-profile-dropdown-menu/src/services/llm.test.ts[2m > [22m[2mLLM Service Routing[2m > [22m[2mshould route Image calls to OpenRouter with correct image model
[22m[39m[API Keys] Γ£ô Loaded keys from Neon (masked for display)

[90mstdout[2m | .auto-claude/worktrees/tasks/015-improve-voice-agent-connection-feedback/src/services/llm.test.ts[2m > [22m[2mLLM Service Routing[2m > [22m[2mshould route Image calls to OpenRouter with correct image model
[22m[39m[API Keys] Γ£ô Loaded keys from Neon (masked for display)

[90mstdout[2m | .auto-claude/worktrees/tasks/011-add-modal-accessibility-with-focus-trap/src/services/llm.test.ts[2m > [22m[2mLLM Service Routing[2m > [22m[2mshould route Image calls to OpenRouter with correct image model
[22m[39m[API Keys] Γ£ô Loaded keys from Neon (masked for display)

[90mstdout[2m | .auto-claude/worktrees/tasks/002-refactor-actionexecutor-ts-giant-switch-statement-/src/services/llm.test.ts[2m > [22m[2mLLM Service Routing[2m > [22m[2mshould route Image calls to OpenRouter with correct image model
[22m[39m[API Keys] Γ£ô Loaded keys from Neon (masked for display)

[90mstdout[2m | .auto-claude/worktrees/tasks/006-extend-export-panel-to-multiple-image-formats/src/services/llm.test.ts[2m > [22m[2mLLM Service Routing[2m > [22m[2mshould route Image calls to OpenRouter with correct image model
[22m[39m[API Keys] Γ£ô Loaded keys from Neon (masked for display)

[90mstdout[2m | .auto-claude/worktrees/tasks/024-document-backend-api-routes-and-request-response-s/src/services/llm.test.ts[2m > [22m[2mLLM Service Routing[2m > [22m[2mshould route Image calls to OpenRouter with correct image model
[22m[39m[Image Gen] Starting generation pipeline for: A cool banner
[Image Gen] Dimensions: { aspect_ratio: [32m'16:9'[39m } shouldResize: [33mfalse[39m
[API Keys] getUserAPIKeys() called

[90mstdout[2m | .auto-claude/worktrees/tasks/025-add-typescript-type-system-documentation/src/services/llm.test.ts[2m > [22m[2mLLM Service Routing[2m > [22m[2mshould route Image calls to OpenRouter with correct image model
[22m[39m[Image Gen] Γ£à Nano Banana Pro success

[90mstdout[2m | .auto-claude/worktrees/tasks/013-add-keyboard-navigation-to-profile-dropdown-menu/src/services/llm.test.ts[2m > [22m[2mLLM Service Routing[2m > [22m[2mshould route Image calls to OpenRouter with correct image model
[22m[39m[Image Gen] User API Keys available: {
  hasReplicate: [33mfalse[39m,
  canGenerateImages: [33mfalse[39m,
  hasProductKeys: [33mfalse[39m
}
[Image Gen] Attempting Nano Banana Pro (OpenRouter)...

[90mstdout[2m | .auto-claude/worktrees/tasks/015-improve-voice-agent-connection-feedback/src/services/llm.test.ts[2m > [22m[2mLLM Service Routing[2m > [22m[2mshould route Image calls to OpenRouter with correct image model
[22m[39m[Image Gen] User API Keys available: {
  hasReplicate: [33mfalse[39m,
  canGenerateImages: [33mfalse[39m,
  hasProductKeys: [33mfalse[39m
}
[Image Gen] Attempting Nano Banana Pro (OpenRouter)...

[90mstdout[2m | .auto-claude/worktrees/tasks/011-add-modal-accessibility-with-focus-trap/src/services/llm.test.ts[2m > [22m[2mLLM Service Routing[2m > [22m[2mshould route Image calls to OpenRouter with correct image model
[22m[39m[Image Gen] User API Keys available: {
  hasReplicate: [33mfalse[39m,
  canGenerateImages: [33mfalse[39m,
  hasProductKeys: [33mfalse[39m
}
[Image Gen] Attempting Nano Banana Pro (OpenRouter)...

[90mstdout[2m | .auto-claude/worktrees/tasks/023-create-agent-system-architecture-readme/src/services/llm.test.ts[2m > [22m[2mLLM Service Routing[2m > [22m[2mshould route Image calls to OpenRouter with correct image model
[22m[39m[Image Gen] Starting generation pipeline for: A cool banner
[Image Gen] Dimensions: { aspect_ratio: [32m'16:9'[39m } shouldResize: [33mfalse[39m
[API Keys] getUserAPIKeys() called

[90mstdout[2m | .auto-claude/worktrees/tasks/002-refactor-actionexecutor-ts-giant-switch-statement-/src/services/llm.test.ts[2m > [22m[2mLLM Service Routing[2m > [22m[2mshould route Image calls to OpenRouter with correct image model
[22m[39m[Image Gen] User API Keys available: {
  hasReplicate: [33mfalse[39m,
  canGenerateImages: [33mfalse[39m,
  hasProductKeys: [33mfalse[39m
}
[Image Gen] Attempting Nano Banana Pro (OpenRouter)...

[90mstdout[2m | .auto-claude/worktrees/tasks/006-extend-export-panel-to-multiple-image-formats/src/services/llm.test.ts[2m > [22m[2mLLM Service Routing[2m > [22m[2mshould route Image calls to OpenRouter with correct image model
[22m[39m[Image Gen] User API Keys available: {
  hasReplicate: [33mfalse[39m,
  canGenerateImages: [33mfalse[39m,
  hasProductKeys: [33mfalse[39m
}
[Image Gen] Attempting Nano Banana Pro (OpenRouter)...

[90mstdout[2m | .auto-claude/worktrees/tasks/024-document-backend-api-routes-and-request-response-s/src/services/llm.test.ts[2m > [22m[2mLLM Service Routing[2m > [22m[2mshould route Image calls to OpenRouter with correct image model
[22m[39m[API Keys] Γ£ô Loaded keys from Neon (masked for display)

[90mstdout[2m | .auto-claude/worktrees/tasks/013-add-keyboard-navigation-to-profile-dropdown-menu/src/services/llm.test.ts[2m > [22m[2mLLM Service Routing[2m > [22m[2mshould route Image calls to OpenRouter with correct image model
[22m[39m[Image Gen] Γ£à Nano Banana Pro success

[90mstdout[2m | .auto-claude/worktrees/tasks/015-improve-voice-agent-connection-feedback/src/services/llm.test.ts[2m > [22m[2mLLM Service Routing[2m > [22m[2mshould route Image calls to OpenRouter with correct image model
[22m[39m[Image Gen] Γ£à Nano Banana Pro success

[90mstdout[2m | .auto-claude/worktrees/tasks/011-add-modal-accessibility-with-focus-trap/src/services/llm.test.ts[2m > [22m[2mLLM Service Routing[2m > [22m[2mshould route Image calls to OpenRouter with correct image model
[22m[39m[Image Gen] Γ£à Nano Banana Pro success

[90mstdout[2m | .auto-claude/worktrees/tasks/023-create-agent-system-architecture-readme/src/services/llm.test.ts[2m > [22m[2mLLM Service Routing[2m > [22m[2mshould route Image calls to OpenRouter with correct image model
[22m[39m[API Keys] Γ£ô Loaded keys from Neon (masked for display)

[90mstdout[2m | .auto-claude/worktrees/tasks/002-refactor-actionexecutor-ts-giant-switch-statement-/src/services/llm.test.ts[2m > [22m[2mLLM Service Routing[2m > [22m[2mshould route Image calls to OpenRouter with correct image model
[22m[39m[Image Gen] Γ£à Nano Banana Pro success

[90mstdout[2m | .auto-claude/worktrees/tasks/006-extend-export-panel-to-multiple-image-formats/src/services/llm.test.ts[2m > [22m[2mLLM Service Routing[2m > [22m[2mshould route Image calls to OpenRouter with correct image model
[22m[39m[Image Gen] Γ£à Nano Banana Pro success

[90mstdout[2m | .auto-claude/worktrees/tasks/024-document-backend-api-routes-and-request-response-s/src/services/llm.test.ts[2m > [22m[2mLLM Service Routing[2m > [22m[2mshould route Image calls to OpenRouter with correct image model
[22m[39m[Image Gen] User API Keys available: {
  hasReplicate: [33mfalse[39m,
  canGenerateImages: [33mfalse[39m,
  hasProductKeys: [33mfalse[39m
}
[Image Gen] Attempting Nano Banana Pro (OpenRouter)...

[90mstdout[2m | .auto-claude/worktrees/tasks/005-add-missing-test-coverage-for-critical-service-mod/src/services/llm.test.ts[2m > [22m[2mLLM Service Routing[2m > [22m[2mshould route Image calls to OpenRouter with correct image model
[22m[39m[Image Gen] Starting generation pipeline for: A cool banner
[Image Gen] Dimensions: { aspect_ratio: [32m'16:9'[39m } shouldResize: [33mfalse[39m
[API Keys] getUserAPIKeys() called

 [31mΓ¥»[39m .auto-claude/worktrees/tasks/025-add-typescript-type-system-documentation/src/services/llm.test.ts [2m([22m[2m2 tests[22m[2m | [22m[31m2 failed[39m[2m)[22m[32m 14[2mms[22m[39m
[31m     [31m├ù[31m should route Chat calls to OpenRouter when configured[39m[32m 9[2mms[22m[39m
[31m     [31m├ù[31m should route Image calls to OpenRouter with correct image model[39m[32m 3[2mms[22m[39m
[90mstdout[2m | .auto-claude/worktrees/tasks/023-create-agent-system-architecture-readme/src/services/llm.test.ts[2m > [22m[2mLLM Service Routing[2m > [22m[2mshould route Image calls to OpenRouter with correct image model
[22m[39m[Image Gen] User API Keys available: {
  hasReplicate: [33mfalse[39m,
  canGenerateImages: [33mfalse[39m,
  hasProductKeys: [33mfalse[39m
}
[Image Gen] Attempting Nano Banana Pro (OpenRouter)...

[90mstdout[2m | .auto-claude/worktrees/tasks/024-document-backend-api-routes-and-request-response-s/src/services/llm.test.ts[2m > [22m[2mLLM Service Routing[2m > [22m[2mshould route Image calls to OpenRouter with correct image model
[22m[39m[Image Gen] Γ£à Nano Banana Pro success

[90mstdout[2m | .auto-claude/worktrees/tasks/005-add-missing-test-coverage-for-critical-service-mod/src/services/llm.test.ts[2m > [22m[2mLLM Service Routing[2m > [22m[2mshould route Image calls to OpenRouter with correct image model
[22m[39m[API Keys] Γ£ô Loaded keys from Neon (masked for display)

 [31mΓ¥»[39m .auto-claude/worktrees/tasks/013-add-keyboard-navigation-to-profile-dropdown-menu/src/services/llm.test.ts [2m([22m[2m2 tests[22m[2m | [22m[31m2 failed[39m[2m)[22m[32m 15[2mms[22m[39m
[31m     [31m├ù[31m should route Chat calls to OpenRouter when configured[39m[32m 9[2mms[22m[39m
[31m     [31m├ù[31m should route Image calls to OpenRouter with correct image model[39m[32m 4[2mms[22m[39m
 [31mΓ¥»[39m .auto-claude/worktrees/tasks/015-improve-voice-agent-connection-feedback/src/services/llm.test.ts [2m([22m[2m2 tests[22m[2m | [22m[31m2 failed[39m[2m)[22m[32m 16[2mms[22m[39m
[31m     [31m├ù[31m should route Chat calls to OpenRouter when configured[39m[32m 10[2mms[22m[39m
[31m     [31m├ù[31m should route Image calls to OpenRouter with correct image model[39m[32m 5[2mms[22m[39m
 [31mΓ¥»[39m .auto-claude/worktrees/tasks/011-add-modal-accessibility-with-focus-trap/src/services/llm.test.ts [2m([22m[2m2 tests[22m[2m | [22m[31m2 failed[39m[2m)[22m[32m 14[2mms[22m[39m
[31m     [31m├ù[31m should route Chat calls to OpenRouter when configured[39m[32m 9[2mms[22m[39m
[31m     [31m├ù[31m should route Image calls to OpenRouter with correct image model[39m[32m 4[2mms[22m[39m
[90mstdout[2m | .auto-claude/worktrees/tasks/023-create-agent-system-architecture-readme/src/services/llm.test.ts[2m > [22m[2mLLM Service Routing[2m > [22m[2mshould route Image calls to OpenRouter with correct image model
[22m[39m[Image Gen] Γ£à Nano Banana Pro success

[90mstdout[2m | .auto-claude/worktrees/tasks/005-add-missing-test-coverage-for-critical-service-mod/src/services/llm.test.ts[2m > [22m[2mLLM Service Routing[2m > [22m[2mshould route Image calls to OpenRouter with correct image model
[22m[39m[Image Gen] User API Keys available: {
  hasReplicate: [33mfalse[39m,
  canGenerateImages: [33mfalse[39m,
  hasProductKeys: [33mfalse[39m
}
[Image Gen] Attempting Nano Banana Pro (OpenRouter)...

 [31mΓ¥»[39m .auto-claude/worktrees/tasks/002-refactor-actionexecutor-ts-giant-switch-statement-/src/services/llm.test.ts [2m([22m[2m2 tests[22m[2m | [22m[31m2 failed[39m[2m)[22m[32m 16[2mms[22m[39m
[31m     [31m├ù[31m should route Chat calls to OpenRouter when configured[39m[32m 10[2mms[22m[39m
[31m     [31m├ù[31m should route Image calls to OpenRouter with correct image model[39m[32m 4[2mms[22m[39m
 [31mΓ¥»[39m .auto-claude/worktrees/tasks/006-extend-export-panel-to-multiple-image-formats/src/services/llm.test.ts [2m([22m[2m2 tests[22m[2m | [22m[31m2 failed[39m[2m)[22m[32m 15[2mms[22m[39m
[31m     [31m├ù[31m should route Chat calls to OpenRouter when configured[39m[32m 9[2mms[22m[39m
[31m     [31m├ù[31m should route Image calls to OpenRouter with correct image model[39m[32m 4[2mms[22m[39m
[90mstdout[2m | .auto-claude/worktrees/tasks/005-add-missing-test-coverage-for-critical-service-mod/src/services/llm.test.ts[2m > [22m[2mLLM Service Routing[2m > [22m[2mshould route Image calls to OpenRouter with correct image model
[22m[39m[Image Gen] Γ£à Nano Banana Pro success

 [31mΓ¥»[39m .auto-claude/worktrees/tasks/024-document-backend-api-routes-and-request-response-s/src/services/llm.test.ts [2m([22m[2m2 tests[22m[2m | [22m[31m2 failed[39m[2m)[22m[32m 17[2mms[22m[39m
[31m     [31m├ù[31m should route Chat calls to OpenRouter when configured[39m[32m 11[2mms[22m[39m
[31m     [31m├ù[31m should route Image calls to OpenRouter with correct image model[39m[32m 4[2mms[22m[39m
 [31mΓ¥»[39m .auto-claude/worktrees/tasks/023-create-agent-system-architecture-readme/src/services/llm.test.ts [2m([22m[2m2 tests[22m[2m | [22m[31m2 failed[39m[2m)[22m[32m 17[2mms[22m[39m
[31m     [31m├ù[31m should route Chat calls to OpenRouter when configured[39m[32m 11[2mms[22m[39m
[31m     [31m├ù[31m should route Image calls to OpenRouter with correct image model[39m[32m 4[2mms[22m[39m
 [31mΓ¥»[39m .auto-claude/worktrees/tasks/005-add-missing-test-coverage-for-critical-service-mod/src/services/llm.test.ts [2m([22m[2m2 tests[22m[2m | [22m[31m2 failed[39m[2m)[22m[32m 18[2mms[22m[39m
[31m     [31m├ù[31m should route Chat calls to OpenRouter when configured[39m[32m 12[2mms[22m[39m
[31m     [31m├ù[31m should route Image calls to OpenRouter with correct image model[39m[32m 4[2mms[22m[39m
[90mstdout[2m | src/services/llm.test.ts[2m > [22m[2mLLM Service Routing[2m > [22m[2mshould route Image calls to OpenRouter with correct image model
[22m[39m[Image Gen] Starting generation pipeline for: A cool banner
[Image Gen] Dimensions: { aspect_ratio: [32m'16:9'[39m } shouldResize: [33mfalse[39m
[API Keys] getUserAPIKeys() called

[90mstdout[2m | src/services/llm.test.ts[2m > [22m[2mLLM Service Routing[2m > [22m[2mshould route Image calls to OpenRouter with correct image model
[22m[39m[API Keys] Γ£ô Loaded keys from Neon (masked for display)

[90mstdout[2m | src/services/llm.test.ts[2m > [22m[2mLLM Service Routing[2m > [22m[2mshould route Image calls to OpenRouter with correct image model
[22m[39m[Image Gen] User API Keys available: {
  hasReplicate: [33mfalse[39m,
  canGenerateImages: [33mfalse[39m,
  hasProductKeys: [33mfalse[39m
}
[Image Gen] Attempting Nano Banana Pro (OpenRouter)...

[90mstdout[2m | src/services/llm.test.ts[2m > [22m[2mLLM Service Routing[2m > [22m[2mshould route Image calls to OpenRouter with correct image model
[22m[39m[Image Gen] Γ£à Nano Banana Pro success

 [31mΓ¥»[39m src/services/llm.test.ts [2m([22m[2m2 tests[22m[2m | [22m[31m2 failed[39m[2m)[22m[32m 12[2mms[22m[39m
[31m     [31m├ù[31m should route Chat calls to OpenRouter when configured[39m[32m 8[2mms[22m[39m
[31m     [31m├ù[31m should route Image calls to OpenRouter with correct image model[39m[32m 3[2mms[22m[39m
node.exe : 
At line:1 char:1
+ & "C:\Program 
Files\nodejs/node.exe" 
"C:\Program 
Files\nodejs/node_mo ...
+ ~~~~~~~~~~~~~~~~~~~~~~~~~~~
~~~~~~~~~~~~~~~~~~~~~~~~~~~~~
~~~~~~~~~~~~~
    + CategoryInfo           
   : NotSpecified: (:String  
  ) [], RemoteException
    + FullyQualifiedErrorId  
   : NativeCommandError
 
[31mΓÄ»ΓÄ»ΓÄ»ΓÄ»ΓÄ»ΓÄ»[39m
[1m[41m Failed Tests 44 [49
m[22m[31mΓÄ»ΓÄ»ΓÄ»ΓÄ»ΓÄ»ΓÄ»
ΓÄ»[39m

[41m[1m FAIL [22m[49m 
src/services/llm.test.ts[2m 
> [22mLLM Service 
Routing[2m > [22mshould 
route Chat calls to 
OpenRouter when configured
[31m[1mAssertionError[22m
[39m: expected "vi.fn()" to 
be called with arguments: [ 
ΓÇª(2) ][90m

Received: 

[1m  1st vi.fn() call:

[22m[2m  [[22m
[32m-   "https://openrouter.
ai/api/v1/chat/completions",
[90m
[32m-   ObjectContaining 
{[90m
[32m-     "body": 
StringContaining "\"model\":\
"google/gemini-3-pro-preview\
"",[90m
[32m-     "headers": 
ObjectContaining {[90m
[32m-       
"Authorization": "Bearer 
sk-test-key",[90m
[32m-       "X-Title": 
"NanoBanna Pro",[90m
[31m+   "http://localhost:30
00/api/ai/chat",[90m
[31m+   {[90m
[31m+     "body": "{\"messag
es\":[{\"role\":\"system\",\"
content\":[{\"type\":\"text\"
,\"text\":\"You are 
\\\"Nano\\\", the lead 
Design Partner at Nano 
Banana Pro. You are an 
energetic, expert creative 
director specializing in 
Personal Branding and 
LinkedIn 
Optimization.\\nYour mission 
is to collaborate with the 
user to design the *perfect* 
LinkedIn Banner (1584 x 396 
px) that stops the scroll 
and drives 
engagement.\\n\\n### YOUR 
PERSONA\\n-   **Enthusiastic 
& Proactive**: Don't just 
wait for orders. Suggest 
ideas! \\\"I noticed your 
logo is blueΓÇöhow about we 
use a complementary orange 
accent to make it 
pop?\\\"\\n-   **The Expert 
Guide**: You know the 
LinkedIn algorithm and 
psychology. Explain *why* 
certain designs work.\\n-   
**Conversational**: Talk 
like a human colleague. Use 
emojis sparingly but 
effectively.\\n-   
**Probing**: You always want 
to know *more* before you 
design. Ask clarifying 
questions to get the vibe 
right.\\n\\n### YOUR DESIGN 
PROCESS (The \\\"Nano 
Method\\\")\\n\\n1.  **PHASE 
1: DISCOVERY & ANALYSIS 
(Visual Audit)**\\n    *   
**If images are uploaded**: 
IMMEDIATELY analyze them. 
Extract the color palette 
(Hex codes if possible), the 
mood (Corporate? Playful? 
Minimalist?), and any 
logos.\\n        *   \\\"I 
see you uploaded a logo with 
a strong navy and teal 
palette. Should we stick to 
those colors for 
consistency, or do you want 
a contrasting 
background?\\\"\\n    *   
**If no images**: Ask 
clarifying questions to 
narrow down the goal.\\n     
   *   \\\"What industry are 
you in? (Finance, Tech, 
Creative, 
Healthcare?)\\\"\\n        * 
  \\\"What's the #1 goal of 
your profile? (Lead Gen, Job 
Hunting, Thought 
Leadership?)\\\"\\n        * 
  \\\"Do you have a specific 
color scheme in mind, or 
should I suggest one based 
on color 
psychology?\\\"\\n\\n2.  
**PHASE 2: STRATEGIC 
SUGGESTIONS**\\n    *   Once 
you have a grasp of the 
user's needs, offer 2 
distinct design paths.\\n    
*   **The \\\"Safe Zone\\\" 
Check**: Always reassure the 
user you are thinking about 
the layout. \\\"I'll keep 
the bottom-left corner clean 
(that's the obstruction zone 
for your profile pic) and 
focus the visual weight on 
the right.\\\"\\n    *   
**Industry Strategy**:\\n    
    *   *Finance/Law*: 
Suggest Navy, Grey, Gold. 
Geometric, structured, 
\\\"Trust Signals\\\".\\n    
    *   *Tech/SaaS*: Suggest 
Blue, Neon, Gradients. 
Abstract nodes, futuristic, 
\\\"Innovation\\\".\\n       
 *   *Creative/Marketing*: 
Suggest Vibrant colors, 
artistic textures, 
\\\"Personality\\\".\\n      
  *   *Healthcare*: Suggest 
Teal, White, Soft Blue. 
Organic shapes, 
\\\"Care\\\".\\n\\n3.  
**PHASE 3: GENERATION**\\n   
 *   When the user picks a 
direction, generate the 
prompt.\\n    *   
**Format**: Prefix with 
\\\"PROMPT:\\\".\\n    *   
**Details**: Include 
\\\"1584x396px\\\", \\\"high 
resolution\\\", \\\"4k\\\", 
\\\"professional\\\". 
Specify \\\"negative space 
on the right\\\" for text 
overlay.\\n    *   
**Example**: \\\"PROMPT: A 
professional LinkedIn banner 
background, deep royal blue 
geometric pattern, subtle 3D 
depth, clean and corporate, 
1584x396, 4k, high quality, 
negative space on the right, 
abstract trust 
signals.\\\"\\n\\n### 
LINKEDIN TECHNICAL CHEAT 
SHEET\\n-   **Dimensions**: 
1584 x 396 pixels.\\n-   
**The \\\"Obstruction 
Zone\\\"**: Bottom-Left 
(approx 568x264px) is the 
\\\"Dead Zone\\\" covered by 
the profile info. KEEP IT 
CLEAR.\\n-   **Mobile 
Crop**: Mobile devices cut 
off the sides. Keep the main 
value proposition in the 
center 60%.\\n\\n### EXAMPLE 
CONVERSATION\\n**User**: 
\\\"I need a banner. I work 
in sales.\\\"\\n**Nano**: 
\\\"Sales is all about 
energy and connection! ≡ƒÜÇ 
To get this right:\\n1.  
**Aggressive & Bold**: 
Red/Black dynamic lines to 
show speed and results.\\n2. 
 **Trust-Based**: Deep blue 
with a clean architectural 
background to show 
stability.\\nWhich one feels 
more like your personal 
brand? And do you have a 
company logo I should match 
colors with?\\\"\\n**User**: 
\\\"Trust based. I like 
blue.\\\"\\n**Nano**: 
\\\"Perfect choice. Blue is 
the color of reliability. 
I'll design a professional, 
deep blue geometric 
background. I'll make sure 
the texture is subtle on the 
right side so you can add 
your contact info text 
easily. Creating it 
now...\\\"\\nPROMPT: A 
professional LinkedIn banner 
background, deep royal blue 
geometric pattern, subtle 3D 
depth, clean and corporate, 
1584x396, 4k, high quality, 
negative space on the right, 
abstract trust signals.\\n 
IMPORTANT CONSTRAINT: Do NOT 
place any text, logos, or 
important visual elements in 
the bottom-left corner area 
(coordinates 0,0 to 568,264).
\"}]},{\"role\":\"user\",\"co
ntent\":[{\"type\":\"text\",\
"text\":\"Hello\"}]}],\"model
\":\"z-ai/glm-4.7\",\"provide
r\":\"openrouter\"}",[90m
[31m+     "credentials": 
"include",[90m
[31m+     "headers": {[90m
[31m+       "Content-Type": 
"application/json",[90m
[2m      },[22m
[2m      "method": 
"POST",[22m
[2m    },[22m
[2m  ][22m
[39m[90m

Number of calls: [1m1[22m
[39m
[36m [2mΓ¥»[22m src/servic
es/llm.test.ts:[2m54:23[22m
[39m
    [90m 52| [39m    
[35mawait[39m [34mgenerate
DesignChatResponse[39m([32m
'Hello'[39m)[33m;[39m
    [90m 53| [39m
    [90m 54| [39m    [34me
xpect[39m(fetchMock)[33m.[
39m[34mtoHaveBeenCalledWith
[39m(
    [90m   | [39m          
            [31m^[39m
    [90m 55| [39m      [32
m'https://openrouter.ai/api/v
1/chat/completions'[39m[33m
,[39m
    [90m 56| [39m      expe
ct[33m.[39m[34mobjectConta
ining[39m({

[31m[2mΓÄ»ΓÄ»ΓÄ»ΓÄ»ΓÄ»ΓÄ»ΓÄ
»ΓÄ»ΓÄ»ΓÄ»ΓÄ»ΓÄ»ΓÄ»ΓÄ»ΓÄ»ΓÄ»Γ
Ä»ΓÄ»ΓÄ»ΓÄ»ΓÄ»ΓÄ»ΓÄ»[1/44]ΓÄ»
[22m[39m

[41m[1m FAIL [22m[49m 
src/services/llm.test.ts[2m 
> [22mLLM Service 
Routing[2m > [22mshould 
route Image calls to 
OpenRouter with correct 
image model
[31m[1mAssertionError[22m:
 expected "vi.fn()" to be 
called with arguments: [ 
ΓÇª(2) ][90m

Received: 

[1m  1st vi.fn() call:

[22m[2m  [[22m
[32m-   "https://openrouter.
ai/api/v1/chat/completions",
[90m
[32m-   ObjectContaining 
{[90m
[32m-     "body": 
StringContaining "\"model\":\
"google/gemini-3-pro-image-pr
eview\"",[90m
[31m+   "http://localhost:30
00/api/user/api-keys",[90m
[31m+   {[90m
[31m+     "credentials": 
"include",[90m
[31m+     "headers": {[90m
[31m+       "Content-Type": 
"application/json",[90m
[31m+     },[90m
[31m+     "method": 
"GET",[90m
[2m    },[22m
[2m  ][22m

[1m  2nd vi.fn() call:

[22m[2m  [[22m
[32m-   "https://openrouter.
ai/api/v1/chat/completions",
[90m
[32m-   ObjectContaining 
{[90m
[32m-     "body": 
StringContaining "\"model\":\
"google/gemini-3-pro-image-pr
eview\"",[90m
[31m+   "http://localhost:30
00/api/ai/image/generate",[9
0m
[31m+   {[90m
[31m+     "body": 
"{\"prompt\":\"A cool banner\
",\"model\":\"google/gemini-3
-pro-image-preview\",\"provid
er\":\"openrouter\",\"aspect_
ratio\":\"16:9\"}",[90m
[31m+     "credentials": 
"include",[90m
[31m+     "headers": {[90m
[31m+       "Content-Type": 
"application/json",[90m
[31m+     },[90m
[31m+     "method": 
"POST",[90m
[2m    },[22m
[2m  ][22m
[31m[90m

Number of calls: [1m2[22m
[31m[39m
[36m [2mΓ¥»[22m src/servic
es/llm.test.ts:[2m83:23[22m
[39m
    [90m 81| [39m
    [90m 82| [39m    
[90m// Should use the 
imageGen model constant[39m
    [90m 83| [39m    [34me
xpect[39m(fetchMock)[33m.[
39m[34mtoHaveBeenCalledWith
[39m(
    [90m   | [39m          
            [31m^[39m
    [90m 84| [39m      [32
m'https://openrouter.ai/api/v
1/chat/completions'[39m[33m
,[39m
    [90m 85| [39m      expe
ct[33m.[39m[34mobjectConta
ining[39m({

[31m[2mΓÄ»ΓÄ»ΓÄ»ΓÄ»ΓÄ»ΓÄ»ΓÄ
»ΓÄ»ΓÄ»ΓÄ»ΓÄ»ΓÄ»ΓÄ»ΓÄ»ΓÄ»ΓÄ»Γ
Ä»ΓÄ»ΓÄ»ΓÄ»ΓÄ»ΓÄ»ΓÄ»[2/44]ΓÄ»
[22m[39m

[41m[1m FAIL [22m[49m .au
to-claude/worktrees/tasks/003
-extract-chatinterface-tsx-in
to-smaller-focused-com/src/se
rvices/llm.test.ts[2m > 
[22mLLM Service Routing[2m 
> [22mshould route Chat 
calls to OpenRouter when 
configured
[31m[1mAssertionError[22m
[39m: expected "vi.fn()" to 
be called with arguments: [ 
ΓÇª(2) ][90m

Received: 

[1m  1st vi.fn() call:

[22m[2m  [[22m
[32m-   "https://openrouter.
ai/api/v1/chat/completions",
[90m
[32m-   ObjectContaining 
{[90m
[32m-     "body": 
StringContaining "\"model\":\
"google/gemini-3-pro-preview\
"",[90m
[32m-     "headers": 
ObjectContaining {[90m
[32m-       
"Authorization": "Bearer 
sk-test-key",[90m
[32m-       "X-Title": 
"NanoBanna Pro",[90m
[31m+   "http://localhost:30
00/api/ai/chat",[90m
[31m+   {[90m
[31m+     "body": "{\"messag
es\":[{\"role\":\"system\",\"
content\":[{\"type\":\"text\"
,\"text\":\"You are 
\\\"Nano\\\", the lead 
Design Partner at Nano 
Banana Pro. You are an 
energetic, expert creative 
director specializing in 
Personal Branding and 
LinkedIn 
Optimization.\\nYour mission 
is to collaborate with the 
user to design the *perfect* 
LinkedIn Banner (1584 x 396 
px) that stops the scroll 
and drives 
engagement.\\n\\n### YOUR 
PERSONA\\n-   **Enthusiastic 
& Proactive**: Don't just 
wait for orders. Suggest 
ideas! \\\"I noticed your 
logo is blueΓÇöhow about we 
use a complementary orange 
accent to make it 
pop?\\\"\\n-   **The Expert 
Guide**: You know the 
LinkedIn algorithm and 
psychology. Explain *why* 
certain designs work.\\n-   
**Conversational**: Talk 
like a human colleague. Use 
emojis sparingly but 
effectively.\\n-   
**Probing**: You always want 
to know *more* before you 
design. Ask clarifying 
questions to get the vibe 
right.\\n\\n### YOUR DESIGN 
PROCESS (The \\\"Nano 
Method\\\")\\n\\n1.  **PHASE 
1: DISCOVERY & ANALYSIS 
(Visual Audit)**\\n    *   
**If images are uploaded**: 
IMMEDIATELY analyze them. 
Extract the color palette 
(Hex codes if possible), the 
mood (Corporate? Playful? 
Minimalist?), and any 
logos.\\n        *   \\\"I 
see you uploaded a logo with 
a strong navy and teal 
palette. Should we stick to 
those colors for 
consistency, or do you want 
a contrasting 
background?\\\"\\n    *   
**If no images**: Ask 
clarifying questions to 
narrow down the goal.\\n     
   *   \\\"What industry are 
you in? (Finance, Tech, 
Creative, 
Healthcare?)\\\"\\n        * 
  \\\"What's the #1 goal of 
your profile? (Lead Gen, Job 
Hunting, Thought 
Leadership?)\\\"\\n        * 
  \\\"Do you have a specific 
color scheme in mind, or 
should I suggest one based 
on color 
psychology?\\\"\\n\\n2.  
**PHASE 2: STRATEGIC 
SUGGESTIONS**\\n    *   Once 
you have a grasp of the 
user's needs, offer 2 
distinct design paths.\\n    
*   **The \\\"Safe Zone\\\" 
Check**: Always reassure the 
user you are thinking about 
the layout. \\\"I'll keep 
the bottom-left corner clean 
(that's the obstruction zone 
for your profile pic) and 
focus the visual weight on 
the right.\\\"\\n    *   
**Industry Strategy**:\\n    
    *   *Finance/Law*: 
Suggest Navy, Grey, Gold. 
Geometric, structured, 
\\\"Trust Signals\\\".\\n    
    *   *Tech/SaaS*: Suggest 
Blue, Neon, Gradients. 
Abstract nodes, futuristic, 
\\\"Innovation\\\".\\n       
 *   *Creative/Marketing*: 
Suggest Vibrant colors, 
artistic textures, 
\\\"Personality\\\".\\n      
  *   *Healthcare*: Suggest 
Teal, White, Soft Blue. 
Organic shapes, 
\\\"Care\\\".\\n\\n3.  
**PHASE 3: GENERATION**\\n   
 *   When the user picks a 
direction, generate the 
prompt.\\n    *   
**Format**: Prefix with 
\\\"PROMPT:\\\".\\n    *   
**Details**: Include 
\\\"1584x396px\\\", \\\"high 
resolution\\\", \\\"4k\\\", 
\\\"professional\\\". 
Specify \\\"negative space 
on the right\\\" for text 
overlay.\\n    *   
**Example**: \\\"PROMPT: A 
professional LinkedIn banner 
background, deep royal blue 
geometric pattern, subtle 3D 
depth, clean and corporate, 
1584x396, 4k, high quality, 
negative space on the right, 
abstract trust 
signals.\\\"\\n\\n### 
LINKEDIN TECHNICAL CHEAT 
SHEET\\n-   **Dimensions**: 
1584 x 396 pixels.\\n-   
**The \\\"Obstruction 
Zone\\\"**: Bottom-Left 
(approx 568x264px) is the 
\\\"Dead Zone\\\" covered by 
the profile info. KEEP IT 
CLEAR.\\n-   **Mobile 
Crop**: Mobile devices cut 
off the sides. Keep the main 
value proposition in the 
center 60%.\\n\\n### EXAMPLE 
CONVERSATION\\n**User**: 
\\\"I need a banner. I work 
in sales.\\\"\\n**Nano**: 
\\\"Sales is all about 
energy and connection! ≡ƒÜÇ 
To get this right:\\n1.  
**Aggressive & Bold**: 
Red/Black dynamic lines to 
show speed and results.\\n2. 
 **Trust-Based**: Deep blue 
with a clean architectural 
background to show 
stability.\\nWhich one feels 
more like your personal 
brand? And do you have a 
company logo I should match 
colors with?\\\"\\n**User**: 
\\\"Trust based. I like 
blue.\\\"\\n**Nano**: 
\\\"Perfect choice. Blue is 
the color of reliability. 
I'll design a professional, 
deep blue geometric 
background. I'll make sure 
the texture is subtle on the 
right side so you can add 
your contact info text 
easily. Creating it 
now...\\\"\\nPROMPT: A 
professional LinkedIn banner 
background, deep royal blue 
geometric pattern, subtle 3D 
depth, clean and corporate, 
1584x396, 4k, high quality, 
negative space on the right, 
abstract trust signals.\\n 
IMPORTANT CONSTRAINT: Do NOT 
place any text, logos, or 
important visual elements in 
the bottom-left corner area 
(coordinates 0,0 to 568,264).
\"}]},{\"role\":\"user\",\"co
ntent\":[{\"type\":\"text\",\
"text\":\"Hello\"}]}],\"model
\":\"z-ai/glm-4.7\",\"provide
r\":\"openrouter\"}",[90m
[31m+     "credentials": 
"include",[90m
[31m+     "headers": {[90m
[31m+       "Content-Type": 
"application/json",[90m
[2m      },[22m
[2m      "method": 
"POST",[22m
[2m    },[22m
[2m  ][22m
[39m[90m

Number of calls: [1m1[22m
[39m
[36m [2mΓ¥»[22m .auto-clau
de/worktrees/tasks/003-extrac
t-chatinterface-tsx-into-smal
ler-focused-com/src/services/
llm.test.ts:[2m54:23[22m[3
9m
    [90m 52| [39m    
[35mawait[39m [34mgenerate
DesignChatResponse[39m([32m
'Hello'[39m)[33m;[39m
    [90m 53| [39m
    [90m 54| [39m    [34me
xpect[39m(fetchMock)[33m.[
39m[34mtoHaveBeenCalledWith
[39m(
    [90m   | [39m          
            [31m^[39m
    [90m 55| [39m      [32
m'https://openrouter.ai/api/v
1/chat/completions'[39m[33m
,[39m
    [90m 56| [39m      expe
ct[33m.[39m[34mobjectConta
ining[39m({

[31m[2mΓÄ»ΓÄ»ΓÄ»ΓÄ»ΓÄ»ΓÄ»ΓÄ
»ΓÄ»ΓÄ»ΓÄ»ΓÄ»ΓÄ»ΓÄ»ΓÄ»ΓÄ»ΓÄ»Γ
Ä»ΓÄ»ΓÄ»ΓÄ»ΓÄ»ΓÄ»ΓÄ»[3/44]ΓÄ»
[22m[39m

[41m[1m FAIL [22m[49m .au
to-claude/worktrees/tasks/003
-extract-chatinterface-tsx-in
to-smaller-focused-com/src/se
rvices/llm.test.ts[2m > 
[22mLLM Service Routing[2m 
> [22mshould route Image 
calls to OpenRouter with 
correct image model
[31m[1mAssertionError[22m:
 expected "vi.fn()" to be 
called with arguments: [ 
ΓÇª(2) ][90m

Received: 

[1m  1st vi.fn() call:

[22m[2m  [[22m
[32m-   "https://openrouter.
ai/api/v1/chat/completions",
[90m
[32m-   ObjectContaining 
{[90m
[32m-     "body": 
StringContaining "\"model\":\
"google/gemini-3-pro-image-pr
eview\"",[90m
[31m+   "http://localhost:30
00/api/user/api-keys",[90m
[31m+   {[90m
[31m+     "credentials": 
"include",[90m
[31m+     "headers": {[90m
[31m+       "Content-Type": 
"application/json",[90m
[31m+     },[90m
[31m+     "method": 
"GET",[90m
[2m    },[22m
[2m  ][22m

[1m  2nd vi.fn() call:

[22m[2m  [[22m
[32m-   "https://openrouter.
ai/api/v1/chat/completions",
[90m
[32m-   ObjectContaining 
{[90m
[32m-     "body": 
StringContaining "\"model\":\
"google/gemini-3-pro-image-pr
eview\"",[90m
[31m+   "http://localhost:30
00/api/ai/image/generate",[9
0m
[31m+   {[90m
[31m+     "body": 
"{\"prompt\":\"A cool banner\
",\"model\":\"google/gemini-3
-pro-image-preview\",\"provid
er\":\"openrouter\",\"aspect_
ratio\":\"16:9\"}",[90m
[31m+     "credentials": 
"include",[90m
[31m+     "headers": {[90m
[31m+       "Content-Type": 
"application/json",[90m
[31m+     },[90m
[31m+     "method": 
"POST",[90m
[2m    },[22m
[2m  ][22m
[31m[90m

Number of calls: [1m2[22m
[31m[39m
[36m [2mΓ¥»[22m .auto-clau
de/worktrees/tasks/003-extrac
t-chatinterface-tsx-into-smal
ler-focused-com/src/services/
llm.test.ts:[2m83:23[22m[3
9m
    [90m 81| [39m
    [90m 82| [39m    
[90m// Should use the 
imageGen model constant[39m
    [90m 83| [39m    [34me
xpect[39m(fetchMock)[33m.[
39m[34mtoHaveBeenCalledWith
[39m(
    [90m   | [39m          
            [31m^[39m
    [90m 84| [39m      [32
m'https://openrouter.ai/api/v
1/chat/completions'[39m[33m
,[39m
    [90m 85| [39m      expe
ct[33m.[39m[34mobjectConta
ining[39m({

[31m[2mΓÄ»ΓÄ»ΓÄ»ΓÄ»ΓÄ»ΓÄ»ΓÄ
»ΓÄ»ΓÄ»ΓÄ»ΓÄ»ΓÄ»ΓÄ»ΓÄ»ΓÄ»ΓÄ»Γ
Ä»ΓÄ»ΓÄ»ΓÄ»ΓÄ»ΓÄ»ΓÄ»[4/44]ΓÄ»
[22m[39m

[41m[1m FAIL [22m[49m .au
to-claude/worktrees/tasks/002
-refactor-actionexecutor-ts-g
iant-switch-statement-/src/se
rvices/llm.test.ts[2m > 
[22mLLM Service Routing[2m 
> [22mshould route Chat 
calls to OpenRouter when 
configured
[31m[1mAssertionError[22m
[39m: expected "vi.fn()" to 
be called with arguments: [ 
ΓÇª(2) ][90m

Received: 

[1m  1st vi.fn() call:

[22m[2m  [[22m
[32m-   "https://openrouter.
ai/api/v1/chat/completions",
[90m
[32m-   ObjectContaining 
{[90m
[32m-     "body": 
StringContaining "\"model\":\
"google/gemini-3-pro-preview\
"",[90m
[32m-     "headers": 
ObjectContaining {[90m
[32m-       
"Authorization": "Bearer 
sk-test-key",[90m
[32m-       "X-Title": 
"NanoBanna Pro",[90m
[31m+   "http://localhost:30
00/api/ai/chat",[90m
[31m+   {[90m
[31m+     "body": "{\"messag
es\":[{\"role\":\"system\",\"
content\":[{\"type\":\"text\"
,\"text\":\"You are 
\\\"Nano\\\", the lead 
Design Partner at Nano 
Banana Pro. You are an 
energetic, expert creative 
director specializing in 
Personal Branding and 
LinkedIn 
Optimization.\\nYour mission 
is to collaborate with the 
user to design the *perfect* 
LinkedIn Banner (1584 x 396 
px) that stops the scroll 
and drives 
engagement.\\n\\n### YOUR 
PERSONA\\n-   **Enthusiastic 
& Proactive**: Don't just 
wait for orders. Suggest 
ideas! \\\"I noticed your 
logo is blueΓÇöhow about we 
use a complementary orange 
accent to make it 
pop?\\\"\\n-   **The Expert 
Guide**: You know the 
LinkedIn algorithm and 
psychology. Explain *why* 
certain designs work.\\n-   
**Conversational**: Talk 
like a human colleague. Use 
emojis sparingly but 
effectively.\\n-   
**Probing**: You always want 
to know *more* before you 
design. Ask clarifying 
questions to get the vibe 
right.\\n\\n### YOUR DESIGN 
PROCESS (The \\\"Nano 
Method\\\")\\n\\n1.  **PHASE 
1: DISCOVERY & ANALYSIS 
(Visual Audit)**\\n    *   
**If images are uploaded**: 
IMMEDIATELY analyze them. 
Extract the color palette 
(Hex codes if possible), the 
mood (Corporate? Playful? 
Minimalist?), and any 
logos.\\n        *   \\\"I 
see you uploaded a logo with 
a strong navy and teal 
palette. Should we stick to 
those colors for 
consistency, or do you want 
a contrasting 
background?\\\"\\n    *   
**If no images**: Ask 
clarifying questions to 
narrow down the goal.\\n     
   *   \\\"What industry are 
you in? (Finance, Tech, 
Creative, 
Healthcare?)\\\"\\n        * 
  \\\"What's the #1 goal of 
your profile? (Lead Gen, Job 
Hunting, Thought 
Leadership?)\\\"\\n        * 
  \\\"Do you have a specific 
color scheme in mind, or 
should I suggest one based 
on color 
psychology?\\\"\\n\\n2.  
**PHASE 2: STRATEGIC 
SUGGESTIONS**\\n    *   Once 
you have a grasp of the 
user's needs, offer 2 
distinct design paths.\\n    
*   **The \\\"Safe Zone\\\" 
Check**: Always reassure the 
user you are thinking about 
the layout. \\\"I'll keep 
the bottom-left corner clean 
(that's the obstruction zone 
for your profile pic) and 
focus the visual weight on 
the right.\\\"\\n    *   
**Industry Strategy**:\\n    
    *   *Finance/Law*: 
Suggest Navy, Grey, Gold. 
Geometric, structured, 
\\\"Trust Signals\\\".\\n    
    *   *Tech/SaaS*: Suggest 
Blue, Neon, Gradients. 
Abstract nodes, futuristic, 
\\\"Innovation\\\".\\n       
 *   *Creative/Marketing*: 
Suggest Vibrant colors, 
artistic textures, 
\\\"Personality\\\".\\n      
  *   *Healthcare*: Suggest 
Teal, White, Soft Blue. 
Organic shapes, 
\\\"Care\\\".\\n\\n3.  
**PHASE 3: GENERATION**\\n   
 *   When the user picks a 
direction, generate the 
prompt.\\n    *   
**Format**: Prefix with 
\\\"PROMPT:\\\".\\n    *   
**Details**: Include 
\\\"1584x396px\\\", \\\"high 
resolution\\\", \\\"4k\\\", 
\\\"professional\\\". 
Specify \\\"negative space 
on the right\\\" for text 
overlay.\\n    *   
**Example**: \\\"PROMPT: A 
professional LinkedIn banner 
background, deep royal blue 
geometric pattern, subtle 3D 
depth, clean and corporate, 
1584x396, 4k, high quality, 
negative space on the right, 
abstract trust 
signals.\\\"\\n\\n### 
LINKEDIN TECHNICAL CHEAT 
SHEET\\n-   **Dimensions**: 
1584 x 396 pixels.\\n-   
**The \\\"Obstruction 
Zone\\\"**: Bottom-Left 
(approx 568x264px) is the 
\\\"Dead Zone\\\" covered by 
the profile info. KEEP IT 
CLEAR.\\n-   **Mobile 
Crop**: Mobile devices cut 
off the sides. Keep the main 
value proposition in the 
center 60%.\\n\\n### EXAMPLE 
CONVERSATION\\n**User**: 
\\\"I need a banner. I work 
in sales.\\\"\\n**Nano**: 
\\\"Sales is all about 
energy and connection! ≡ƒÜÇ 
To get this right:\\n1.  
**Aggressive & Bold**: 
Red/Black dynamic lines to 
show speed and results.\\n2. 
 **Trust-Based**: Deep blue 
with a clean architectural 
background to show 
stability.\\nWhich one feels 
more like your personal 
brand? And do you have a 
company logo I should match 
colors with?\\\"\\n**User**: 
\\\"Trust based. I like 
blue.\\\"\\n**Nano**: 
\\\"Perfect choice. Blue is 
the color of reliability. 
I'll design a professional, 
deep blue geometric 
background. I'll make sure 
the texture is subtle on the 
right side so you can add 
your contact info text 
easily. Creating it 
now...\\\"\\nPROMPT: A 
professional LinkedIn banner 
background, deep royal blue 
geometric pattern, subtle 3D 
depth, clean and corporate, 
1584x396, 4k, high quality, 
negative space on the right, 
abstract trust signals.\\n 
IMPORTANT CONSTRAINT: Do NOT 
place any text, logos, or 
important visual elements in 
the bottom-left corner area 
(coordinates 0,0 to 568,264).
\"}]},{\"role\":\"user\",\"co
ntent\":[{\"type\":\"text\",\
"text\":\"Hello\"}]}],\"model
\":\"z-ai/glm-4.7\",\"provide
r\":\"openrouter\"}",[90m
[31m+     "credentials": 
"include",[90m
[31m+     "headers": {[90m
[31m+       "Content-Type": 
"application/json",[90m
[2m      },[22m
[2m      "method": 
"POST",[22m
[2m    },[22m
[2m  ][22m
[39m[90m

Number of calls: [1m1[22m
[39m
[36m [2mΓ¥»[22m .auto-clau
de/worktrees/tasks/002-refact
or-actionexecutor-ts-giant-sw
itch-statement-/src/services/
llm.test.ts:[2m54:23[22m[3
9m
    [90m 52| [39m    
[35mawait[39m [34mgenerate
DesignChatResponse[39m([32m
'Hello'[39m)[33m;[39m
    [90m 53| [39m
    [90m 54| [39m    [34me
xpect[39m(fetchMock)[33m.[
39m[34mtoHaveBeenCalledWith
[39m(
    [90m   | [39m          
            [31m^[39m
    [90m 55| [39m      [32
m'https://openrouter.ai/api/v
1/chat/completions'[39m[33m
,[39m
    [90m 56| [39m      expe
ct[33m.[39m[34mobjectConta
ining[39m({

[31m[2mΓÄ»ΓÄ»ΓÄ»ΓÄ»ΓÄ»ΓÄ»ΓÄ
»ΓÄ»ΓÄ»ΓÄ»ΓÄ»ΓÄ»ΓÄ»ΓÄ»ΓÄ»ΓÄ»Γ
Ä»ΓÄ»ΓÄ»ΓÄ»ΓÄ»ΓÄ»ΓÄ»[5/44]ΓÄ»
[22m[39m

[41m[1m FAIL [22m[49m .au
to-claude/worktrees/tasks/002
-refactor-actionexecutor-ts-g
iant-switch-statement-/src/se
rvices/llm.test.ts[2m > 
[22mLLM Service Routing[2m 
> [22mshould route Image 
calls to OpenRouter with 
correct image model
[31m[1mAssertionError[22m:
 expected "vi.fn()" to be 
called with arguments: [ 
ΓÇª(2) ][90m

Received: 

[1m  1st vi.fn() call:

[22m[2m  [[22m
[32m-   "https://openrouter.
ai/api/v1/chat/completions",
[90m
[32m-   ObjectContaining 
{[90m
[32m-     "body": 
StringContaining "\"model\":\
"google/gemini-3-pro-image-pr
eview\"",[90m
[31m+   "http://localhost:30
00/api/user/api-keys",[90m
[31m+   {[90m
[31m+     "credentials": 
"include",[90m
[31m+     "headers": {[90m
[31m+       "Content-Type": 
"application/json",[90m
[31m+     },[90m
[31m+     "method": 
"GET",[90m
[2m    },[22m
[2m  ][22m

[1m  2nd vi.fn() call:

[22m[2m  [[22m
[32m-   "https://openrouter.
ai/api/v1/chat/completions",
[90m
[32m-   ObjectContaining 
{[90m
[32m-     "body": 
StringContaining "\"model\":\
"google/gemini-3-pro-image-pr
eview\"",[90m
[31m+   "http://localhost:30
00/api/ai/image/generate",[9
0m
[31m+   {[90m
[31m+     "body": 
"{\"prompt\":\"A cool banner\
",\"model\":\"google/gemini-3
-pro-image-preview\",\"provid
er\":\"openrouter\",\"aspect_
ratio\":\"16:9\"}",[90m
[31m+     "credentials": 
"include",[90m
[31m+     "headers": {[90m
[31m+       "Content-Type": 
"application/json",[90m
[31m+     },[90m
[31m+     "method": 
"POST",[90m
[2m    },[22m
[2m  ][22m
[31m[90m

Number of calls: [1m2[22m
[31m[39m
[36m [2mΓ¥»[22m .auto-clau
de/worktrees/tasks/002-refact
or-actionexecutor-ts-giant-sw
itch-statement-/src/services/
llm.test.ts:[2m83:23[22m[3
9m
    [90m 81| [39m
    [90m 82| [39m    
[90m// Should use the 
imageGen model constant[39m
    [90m 83| [39m    [34me
xpect[39m(fetchMock)[33m.[
39m[34mtoHaveBeenCalledWith
[39m(
    [90m   | [39m          
            [31m^[39m
    [90m 84| [39m      [32
m'https://openrouter.ai/api/v
1/chat/completions'[39m[33m
,[39m
    [90m 85| [39m      expe
ct[33m.[39m[34mobjectConta
ining[39m({

[31m[2mΓÄ»ΓÄ»ΓÄ»ΓÄ»ΓÄ»ΓÄ»ΓÄ
»ΓÄ»ΓÄ»ΓÄ»ΓÄ»ΓÄ»ΓÄ»ΓÄ»ΓÄ»ΓÄ»Γ
Ä»ΓÄ»ΓÄ»ΓÄ»ΓÄ»ΓÄ»ΓÄ»[6/44]ΓÄ»
[22m[39m

[41m[1m FAIL [22m[49m .au
to-claude/worktrees/tasks/004
-extract-reusable-urltodataur
i-helper-to-shared-uti/src/se
rvices/llm.test.ts[2m > 
[22mLLM Service Routing[2m 
> [22mshould route Chat 
calls to OpenRouter when 
configured
[31m[1mAssertionError[22m
[39m: expected "vi.fn()" to 
be called with arguments: [ 
ΓÇª(2) ][90m

Received: 

[1m  1st vi.fn() call:

[22m[2m  [[22m
[32m-   "https://openrouter.
ai/api/v1/chat/completions",
[90m
[32m-   ObjectContaining 
{[90m
[32m-     "body": 
StringContaining "\"model\":\
"google/gemini-3-pro-preview\
"",[90m
[32m-     "headers": 
ObjectContaining {[90m
[32m-       
"Authorization": "Bearer 
sk-test-key",[90m
[32m-       "X-Title": 
"NanoBanna Pro",[90m
[31m+   "http://localhost:30
00/api/ai/chat",[90m
[31m+   {[90m
[31m+     "body": "{\"messag
es\":[{\"role\":\"system\",\"
content\":[{\"type\":\"text\"
,\"text\":\"You are 
\\\"Nano\\\", the lead 
Design Partner at Nano 
Banana Pro. You are an 
energetic, expert creative 
director specializing in 
Personal Branding and 
LinkedIn 
Optimization.\\nYour mission 
is to collaborate with the 
user to design the *perfect* 
LinkedIn Banner (1584 x 396 
px) that stops the scroll 
and drives 
engagement.\\n\\n### YOUR 
PERSONA\\n-   **Enthusiastic 
& Proactive**: Don't just 
wait for orders. Suggest 
ideas! \\\"I noticed your 
logo is blueΓÇöhow about we 
use a complementary orange 
accent to make it 
pop?\\\"\\n-   **The Expert 
Guide**: You know the 
LinkedIn algorithm and 
psychology. Explain *why* 
certain designs work.\\n-   
**Conversational**: Talk 
like a human colleague. Use 
emojis sparingly but 
effectively.\\n-   
**Probing**: You always want 
to know *more* before you 
design. Ask clarifying 
questions to get the vibe 
right.\\n\\n### YOUR DESIGN 
PROCESS (The \\\"Nano 
Method\\\")\\n\\n1.  **PHASE 
1: DISCOVERY & ANALYSIS 
(Visual Audit)**\\n    *   
**If images are uploaded**: 
IMMEDIATELY analyze them. 
Extract the color palette 
(Hex codes if possible), the 
mood (Corporate? Playful? 
Minimalist?), and any 
logos.\\n        *   \\\"I 
see you uploaded a logo with 
a strong navy and teal 
palette. Should we stick to 
those colors for 
consistency, or do you want 
a contrasting 
background?\\\"\\n    *   
**If no images**: Ask 
clarifying questions to 
narrow down the goal.\\n     
   *   \\\"What industry are 
you in? (Finance, Tech, 
Creative, 
Healthcare?)\\\"\\n        * 
  \\\"What's the #1 goal of 
your profile? (Lead Gen, Job 
Hunting, Thought 
Leadership?)\\\"\\n        * 
  \\\"Do you have a specific 
color scheme in mind, or 
should I suggest one based 
on color 
psychology?\\\"\\n\\n2.  
**PHASE 2: STRATEGIC 
SUGGESTIONS**\\n    *   Once 
you have a grasp of the 
user's needs, offer 2 
distinct design paths.\\n    
*   **The \\\"Safe Zone\\\" 
Check**: Always reassure the 
user you are thinking about 
the layout. \\\"I'll keep 
the bottom-left corner clean 
(that's the obstruction zone 
for your profile pic) and 
focus the visual weight on 
the right.\\\"\\n    *   
**Industry Strategy**:\\n    
    *   *Finance/Law*: 
Suggest Navy, Grey, Gold. 
Geometric, structured, 
\\\"Trust Signals\\\".\\n    
    *   *Tech/SaaS*: Suggest 
Blue, Neon, Gradients. 
Abstract nodes, futuristic, 
\\\"Innovation\\\".\\n       
 *   *Creative/Marketing*: 
Suggest Vibrant colors, 
artistic textures, 
\\\"Personality\\\".\\n      
  *   *Healthcare*: Suggest 
Teal, White, Soft Blue. 
Organic shapes, 
\\\"Care\\\".\\n\\n3.  
**PHASE 3: GENERATION**\\n   
 *   When the user picks a 
direction, generate the 
prompt.\\n    *   
**Format**: Prefix with 
\\\"PROMPT:\\\".\\n    *   
**Details**: Include 
\\\"1584x396px\\\", \\\"high 
resolution\\\", \\\"4k\\\", 
\\\"professional\\\". 
Specify \\\"negative space 
on the right\\\" for text 
overlay.\\n    *   
**Example**: \\\"PROMPT: A 
professional LinkedIn banner 
background, deep royal blue 
geometric pattern, subtle 3D 
depth, clean and corporate, 
1584x396, 4k, high quality, 
negative space on the right, 
abstract trust 
signals.\\\"\\n\\n### 
LINKEDIN TECHNICAL CHEAT 
SHEET\\n-   **Dimensions**: 
1584 x 396 pixels.\\n-   
**The \\\"Obstruction 
Zone\\\"**: Bottom-Left 
(approx 568x264px) is the 
\\\"Dead Zone\\\" covered by 
the profile info. KEEP IT 
CLEAR.\\n-   **Mobile 
Crop**: Mobile devices cut 
off the sides. Keep the main 
value proposition in the 
center 60%.\\n\\n### EXAMPLE 
CONVERSATION\\n**User**: 
\\\"I need a banner. I work 
in sales.\\\"\\n**Nano**: 
\\\"Sales is all about 
energy and connection! ≡ƒÜÇ 
To get this right:\\n1.  
**Aggressive & Bold**: 
Red/Black dynamic lines to 
show speed and results.\\n2. 
 **Trust-Based**: Deep blue 
with a clean architectural 
background to show 
stability.\\nWhich one feels 
more like your personal 
brand? And do you have a 
company logo I should match 
colors with?\\\"\\n**User**: 
\\\"Trust based. I like 
blue.\\\"\\n**Nano**: 
\\\"Perfect choice. Blue is 
the color of reliability. 
I'll design a professional, 
deep blue geometric 
background. I'll make sure 
the texture is subtle on the 
right side so you can add 
your contact info text 
easily. Creating it 
now...\\\"\\nPROMPT: A 
professional LinkedIn banner 
background, deep royal blue 
geometric pattern, subtle 3D 
depth, clean and corporate, 
1584x396, 4k, high quality, 
negative space on the right, 
abstract trust signals.\\n 
IMPORTANT CONSTRAINT: Do NOT 
place any text, logos, or 
important visual elements in 
the bottom-left corner area 
(coordinates 0,0 to 568,264).
\"}]},{\"role\":\"user\",\"co
ntent\":[{\"type\":\"text\",\
"text\":\"Hello\"}]}],\"model
\":\"z-ai/glm-4.7\",\"provide
r\":\"openrouter\"}",[90m
[31m+     "credentials": 
"include",[90m
[31m+     "headers": {[90m
[31m+       "Content-Type": 
"application/json",[90m
[2m      },[22m
[2m      "method": 
"POST",[22m
[2m    },[22m
[2m  ][22m
[39m[90m

Number of calls: [1m1[22m
[39m
[36m [2mΓ¥»[22m .auto-clau
de/worktrees/tasks/004-extrac
t-reusable-urltodatauri-helpe
r-to-shared-uti/src/services/
llm.test.ts:[2m54:23[22m[3
9m
    [90m 52| [39m    
[35mawait[39m [34mgenerate
DesignChatResponse[39m([32m
'Hello'[39m)[33m;[39m
    [90m 53| [39m
    [90m 54| [39m    [34me
xpect[39m(fetchMock)[33m.[
39m[34mtoHaveBeenCalledWith
[39m(
    [90m   | [39m          
            [31m^[39m
    [90m 55| [39m      [32
m'https://openrouter.ai/api/v
1/chat/completions'[39m[33m
,[39m
    [90m 56| [39m      expe
ct[33m.[39m[34mobjectConta
ining[39m({

[31m[2mΓÄ»ΓÄ»ΓÄ»ΓÄ»ΓÄ»ΓÄ»ΓÄ
»ΓÄ»ΓÄ»ΓÄ»ΓÄ»ΓÄ»ΓÄ»ΓÄ»ΓÄ»ΓÄ»Γ
Ä»ΓÄ»ΓÄ»ΓÄ»ΓÄ»ΓÄ»ΓÄ»[7/44]ΓÄ»
[22m[39m

[41m[1m FAIL [22m[49m .au
to-claude/worktrees/tasks/004
-extract-reusable-urltodataur
i-helper-to-shared-uti/src/se
rvices/llm.test.ts[2m > 
[22mLLM Service Routing[2m 
> [22mshould route Image 
calls to OpenRouter with 
correct image model
[31m[1mAssertionError[22m:
 expected "vi.fn()" to be 
called with arguments: [ 
ΓÇª(2) ][90m

Received: 

[1m  1st vi.fn() call:

[22m[2m  [[22m
[32m-   "https://openrouter.
ai/api/v1/chat/completions",
[90m
[32m-   ObjectContaining 
{[90m
[32m-     "body": 
StringContaining "\"model\":\
"google/gemini-3-pro-image-pr
eview\"",[90m
[31m+   "http://localhost:30
00/api/user/api-keys",[90m
[31m+   {[90m
[31m+     "credentials": 
"include",[90m
[31m+     "headers": {[90m
[31m+       "Content-Type": 
"application/json",[90m
[31m+     },[90m
[31m+     "method": 
"GET",[90m
[2m    },[22m
[2m  ][22m

[1m  2nd vi.fn() call:

[22m[2m  [[22m
[32m-   "https://openrouter.
ai/api/v1/chat/completions",
[90m
[32m-   ObjectContaining 
{[90m
[32m-     "body": 
StringContaining "\"model\":\
"google/gemini-3-pro-image-pr
eview\"",[90m
[31m+   "http://localhost:30
00/api/ai/image/generate",[9
0m
[31m+   {[90m
[31m+     "body": 
"{\"prompt\":\"A cool banner\
",\"model\":\"google/gemini-3
-pro-image-preview\",\"provid
er\":\"openrouter\",\"aspect_
ratio\":\"16:9\"}",[90m
[31m+     "credentials": 
"include",[90m
[31m+     "headers": {[90m
[31m+       "Content-Type": 
"application/json",[90m
[31m+     },[90m
[31m+     "method": 
"POST",[90m
[2m    },[22m
[2m  ][22m
[31m[90m

Number of calls: [1m2[22m
[31m[39m
[36m [2mΓ¥»[22m .auto-clau
de/worktrees/tasks/004-extrac
t-reusable-urltodatauri-helpe
r-to-shared-uti/src/services/
llm.test.ts:[2m83:23[22m[3
9m
    [90m 81| [39m
    [90m 82| [39m    
[90m// Should use the 
imageGen model constant[39m
    [90m 83| [39m    [34me
xpect[39m(fetchMock)[33m.[
39m[34mtoHaveBeenCalledWith
[39m(
    [90m   | [39m          
            [31m^[39m
    [90m 84| [39m      [32
m'https://openrouter.ai/api/v
1/chat/completions'[39m[33m
,[39m
    [90m 85| [39m      expe
ct[33m.[39m[34mobjectConta
ining[39m({

[31m[2mΓÄ»ΓÄ»ΓÄ»ΓÄ»ΓÄ»ΓÄ»ΓÄ
»ΓÄ»ΓÄ»ΓÄ»ΓÄ»ΓÄ»ΓÄ»ΓÄ»ΓÄ»ΓÄ»Γ
Ä»ΓÄ»ΓÄ»ΓÄ»ΓÄ»ΓÄ»ΓÄ»[8/44]ΓÄ»
[22m[39m

[41m[1m FAIL [22m[49m .au
to-claude/worktrees/tasks/005
-add-missing-test-coverage-fo
r-critical-service-mod/src/se
rvices/llm.test.ts[2m > 
[22mLLM Service Routing[2m 
> [22mshould route Chat 
calls to OpenRouter when 
configured
[31m[1mAssertionError[22m
[39m: expected "vi.fn()" to 
be called with arguments: [ 
ΓÇª(2) ][90m

Received: 

[1m  1st vi.fn() call:

[22m[2m  [[22m
[32m-   "https://openrouter.
ai/api/v1/chat/completions",
[90m
[32m-   ObjectContaining 
{[90m
[32m-     "body": 
StringContaining "\"model\":\
"google/gemini-3-pro-preview\
"",[90m
[32m-     "headers": 
ObjectContaining {[90m
[32m-       
"Authorization": "Bearer 
sk-test-key",[90m
[32m-       "X-Title": 
"NanoBanna Pro",[90m
[31m+   "http://localhost:30
00/api/ai/chat",[90m
[31m+   {[90m
[31m+     "body": "{\"messag
es\":[{\"role\":\"system\",\"
content\":[{\"type\":\"text\"
,\"text\":\"You are 
\\\"Nano\\\", the lead 
Design Partner at Nano 
Banana Pro. You are an 
energetic, expert creative 
director specializing in 
Personal Branding and 
LinkedIn 
Optimization.\\nYour mission 
is to collaborate with the 
user to design the *perfect* 
LinkedIn Banner (1584 x 396 
px) that stops the scroll 
and drives 
engagement.\\n\\n### YOUR 
PERSONA\\n-   **Enthusiastic 
& Proactive**: Don't just 
wait for orders. Suggest 
ideas! \\\"I noticed your 
logo is blueΓÇöhow about we 
use a complementary orange 
accent to make it 
pop?\\\"\\n-   **The Expert 
Guide**: You know the 
LinkedIn algorithm and 
psychology. Explain *why* 
certain designs work.\\n-   
**Conversational**: Talk 
like a human colleague. Use 
emojis sparingly but 
effectively.\\n-   
**Probing**: You always want 
to know *more* before you 
design. Ask clarifying 
questions to get the vibe 
right.\\n\\n### YOUR DESIGN 
PROCESS (The \\\"Nano 
Method\\\")\\n\\n1.  **PHASE 
1: DISCOVERY & ANALYSIS 
(Visual Audit)**\\n    *   
**If images are uploaded**: 
IMMEDIATELY analyze them. 
Extract the color palette 
(Hex codes if possible), the 
mood (Corporate? Playful? 
Minimalist?), and any 
logos.\\n        *   \\\"I 
see you uploaded a logo with 
a strong navy and teal 
palette. Should we stick to 
those colors for 
consistency, or do you want 
a contrasting 
background?\\\"\\n    *   
**If no images**: Ask 
clarifying questions to 
narrow down the goal.\\n     
   *   \\\"What industry are 
you in? (Finance, Tech, 
Creative, 
Healthcare?)\\\"\\n        * 
  \\\"What's the #1 goal of 
your profile? (Lead Gen, Job 
Hunting, Thought 
Leadership?)\\\"\\n        * 
  \\\"Do you have a specific 
color scheme in mind, or 
should I suggest one based 
on color 
psychology?\\\"\\n\\n2.  
**PHASE 2: STRATEGIC 
SUGGESTIONS**\\n    *   Once 
you have a grasp of the 
user's needs, offer 2 
distinct design paths.\\n    
*   **The \\\"Safe Zone\\\" 
Check**: Always reassure the 
user you are thinking about 
the layout. \\\"I'll keep 
the bottom-left corner clean 
(that's the obstruction zone 
for your profile pic) and 
focus the visual weight on 
the right.\\\"\\n    *   
**Industry Strategy**:\\n    
    *   *Finance/Law*: 
Suggest Navy, Grey, Gold. 
Geometric, structured, 
\\\"Trust Signals\\\".\\n    
    *   *Tech/SaaS*: Suggest 
Blue, Neon, Gradients. 
Abstract nodes, futuristic, 
\\\"Innovation\\\".\\n       
 *   *Creative/Marketing*: 
Suggest Vibrant colors, 
artistic textures, 
\\\"Personality\\\".\\n      
  *   *Healthcare*: Suggest 
Teal, White, Soft Blue. 
Organic shapes, 
\\\"Care\\\".\\n\\n3.  
**PHASE 3: GENERATION**\\n   
 *   When the user picks a 
direction, generate the 
prompt.\\n    *   
**Format**: Prefix with 
\\\"PROMPT:\\\".\\n    *   
**Details**: Include 
\\\"1584x396px\\\", \\\"high 
resolution\\\", \\\"4k\\\", 
\\\"professional\\\". 
Specify \\\"negative space 
on the right\\\" for text 
overlay.\\n    *   
**Example**: \\\"PROMPT: A 
professional LinkedIn banner 
background, deep royal blue 
geometric pattern, subtle 3D 
depth, clean and corporate, 
1584x396, 4k, high quality, 
negative space on the right, 
abstract trust 
signals.\\\"\\n\\n### 
LINKEDIN TECHNICAL CHEAT 
SHEET\\n-   **Dimensions**: 
1584 x 396 pixels.\\n-   
**The \\\"Obstruction 
Zone\\\"**: Bottom-Left 
(approx 568x264px) is the 
\\\"Dead Zone\\\" covered by 
the profile info. KEEP IT 
CLEAR.\\n-   **Mobile 
Crop**: Mobile devices cut 
off the sides. Keep the main 
value proposition in the 
center 60%.\\n\\n### EXAMPLE 
CONVERSATION\\n**User**: 
\\\"I need a banner. I work 
in sales.\\\"\\n**Nano**: 
\\\"Sales is all about 
energy and connection! ≡ƒÜÇ 
To get this right:\\n1.  
**Aggressive & Bold**: 
Red/Black dynamic lines to 
show speed and results.\\n2. 
 **Trust-Based**: Deep blue 
with a clean architectural 
background to show 
stability.\\nWhich one feels 
more like your personal 
brand? And do you have a 
company logo I should match 
colors with?\\\"\\n**User**: 
\\\"Trust based. I like 
blue.\\\"\\n**Nano**: 
\\\"Perfect choice. Blue is 
the color of reliability. 
I'll design a professional, 
deep blue geometric 
background. I'll make sure 
the texture is subtle on the 
right side so you can add 
your contact info text 
easily. Creating it 
now...\\\"\\nPROMPT: A 
professional LinkedIn banner 
background, deep royal blue 
geometric pattern, subtle 3D 
depth, clean and corporate, 
1584x396, 4k, high quality, 
negative space on the right, 
abstract trust signals.\\n 
IMPORTANT CONSTRAINT: Do NOT 
place any text, logos, or 
important visual elements in 
the bottom-left corner area 
(coordinates 0,0 to 568,264).
\"}]},{\"role\":\"user\",\"co
ntent\":[{\"type\":\"text\",\
"text\":\"Hello\"}]}],\"model
\":\"z-ai/glm-4.7\",\"provide
r\":\"openrouter\"}",[90m
[31m+     "credentials": 
"include",[90m
[31m+     "headers": {[90m
[31m+       "Content-Type": 
"application/json",[90m
[2m      },[22m
[2m      "method": 
"POST",[22m
[2m    },[22m
[2m  ][22m
[39m[90m

Number of calls: [1m1[22m
[39m
[36m [2mΓ¥»[22m .auto-clau
de/worktrees/tasks/005-add-mi
ssing-test-coverage-for-criti
cal-service-mod/src/services/
llm.test.ts:[2m54:23[22m[3
9m
    [90m 52| [39m    
[35mawait[39m [34mgenerate
DesignChatResponse[39m([32m
'Hello'[39m)[33m;[39m
    [90m 53| [39m
    [90m 54| [39m    [34me
xpect[39m(fetchMock)[33m.[
39m[34mtoHaveBeenCalledWith
[39m(
    [90m   | [39m          
            [31m^[39m
    [90m 55| [39m      [32
m'https://openrouter.ai/api/v
1/chat/completions'[39m[33m
,[39m
    [90m 56| [39m      expe
ct[33m.[39m[34mobjectConta
ining[39m({

[31m[2mΓÄ»ΓÄ»ΓÄ»ΓÄ»ΓÄ»ΓÄ»ΓÄ
»ΓÄ»ΓÄ»ΓÄ»ΓÄ»ΓÄ»ΓÄ»ΓÄ»ΓÄ»ΓÄ»Γ
Ä»ΓÄ»ΓÄ»ΓÄ»ΓÄ»ΓÄ»ΓÄ»[9/44]ΓÄ»
[22m[39m

[41m[1m FAIL [22m[49m .au
to-claude/worktrees/tasks/005
-add-missing-test-coverage-fo
r-critical-service-mod/src/se
rvices/llm.test.ts[2m > 
[22mLLM Service Routing[2m 
> [22mshould route Image 
calls to OpenRouter with 
correct image model
[31m[1mAssertionError[22m:
 expected "vi.fn()" to be 
called with arguments: [ 
ΓÇª(2) ][90m

Received: 

[1m  1st vi.fn() call:

[22m[2m  [[22m
[32m-   "https://openrouter.
ai/api/v1/chat/completions",
[90m
[32m-   ObjectContaining 
{[90m
[32m-     "body": 
StringContaining "\"model\":\
"google/gemini-3-pro-image-pr
eview\"",[90m
[31m+   "http://localhost:30
00/api/user/api-keys",[90m
[31m+   {[90m
[31m+     "credentials": 
"include",[90m
[31m+     "headers": {[90m
[31m+       "Content-Type": 
"application/json",[90m
[31m+     },[90m
[31m+     "method": 
"GET",[90m
[2m    },[22m
[2m  ][22m

[1m  2nd vi.fn() call:

[22m[2m  [[22m
[32m-   "https://openrouter.
ai/api/v1/chat/completions",
[90m
[32m-   ObjectContaining 
{[90m
[32m-     "body": 
StringContaining "\"model\":\
"google/gemini-3-pro-image-pr
eview\"",[90m
[31m+   "http://localhost:30
00/api/ai/image/generate",[9
0m
[31m+   {[90m
[31m+     "body": 
"{\"prompt\":\"A cool banner\
",\"model\":\"google/gemini-3
-pro-image-preview\",\"provid
er\":\"openrouter\",\"aspect_
ratio\":\"16:9\"}",[90m
[31m+     "credentials": 
"include",[90m
[31m+     "headers": {[90m
[31m+       "Content-Type": 
"application/json",[90m
[31m+     },[90m
[31m+     "method": 
"POST",[90m
[2m    },[22m
[2m  ][22m
[31m[90m

Number of calls: [1m2[22m
[31m[39m
[36m [2mΓ¥»[22m .auto-clau
de/worktrees/tasks/005-add-mi
ssing-test-coverage-for-criti
cal-service-mod/src/services/
llm.test.ts:[2m83:23[22m[3
9m
    [90m 81| [39m
    [90m 82| [39m    
[90m// Should use the 
imageGen model constant[39m
    [90m 83| [39m    [34me
xpect[39m(fetchMock)[33m.[
39m[34mtoHaveBeenCalledWith
[39m(
    [90m   | [39m          
            [31m^[39m
    [90m 84| [39m      [32
m'https://openrouter.ai/api/v
1/chat/completions'[39m[33m
,[39m
    [90m 85| [39m      expe
ct[33m.[39m[34mobjectConta
ining[39m({

[31m[2mΓÄ»ΓÄ»ΓÄ»ΓÄ»ΓÄ»ΓÄ»ΓÄ
»ΓÄ»ΓÄ»ΓÄ»ΓÄ»ΓÄ»ΓÄ»ΓÄ»ΓÄ»ΓÄ»Γ
Ä»ΓÄ»ΓÄ»ΓÄ»ΓÄ»ΓÄ»[10/44]ΓÄ»[
22m[39m

[41m[1m FAIL [22m[49m .au
to-claude/worktrees/tasks/006
-extend-export-panel-to-multi
ple-image-formats/src/service
s/llm.test.ts[2m > [22mLLM 
Service Routing[2m > 
[22mshould route Chat calls 
to OpenRouter when configured
[31m[1mAssertionError[22m
[39m: expected "vi.fn()" to 
be called with arguments: [ 
ΓÇª(2) ][90m

Received: 

[1m  1st vi.fn() call:

[22m[2m  [[22m
[32m-   "https://openrouter.
ai/api/v1/chat/completions",
[90m
[32m-   ObjectContaining 
{[90m
[32m-     "body": 
StringContaining "\"model\":\
"google/gemini-3-pro-preview\
"",[90m
[32m-     "headers": 
ObjectContaining {[90m
[32m-       
"Authorization": "Bearer 
sk-test-key",[90m
[32m-       "X-Title": 
"NanoBanna Pro",[90m
[31m+   "http://localhost:30
00/api/ai/chat",[90m
[31m+   {[90m
[31m+     "body": "{\"messag
es\":[{\"role\":\"system\",\"
content\":[{\"type\":\"text\"
,\"text\":\"You are 
\\\"Nano\\\", the lead 
Design Partner at Nano 
Banana Pro. You are an 
energetic, expert creative 
director specializing in 
Personal Branding and 
LinkedIn 
Optimization.\\nYour mission 
is to collaborate with the 
user to design the *perfect* 
LinkedIn Banner (1584 x 396 
px) that stops the scroll 
and drives 
engagement.\\n\\n### YOUR 
PERSONA\\n-   **Enthusiastic 
& Proactive**: Don't just 
wait for orders. Suggest 
ideas! \\\"I noticed your 
logo is blueΓÇöhow about we 
use a complementary orange 
accent to make it 
pop?\\\"\\n-   **The Expert 
Guide**: You know the 
LinkedIn algorithm and 
psychology. Explain *why* 
certain designs work.\\n-   
**Conversational**: Talk 
like a human colleague. Use 
emojis sparingly but 
effectively.\\n-   
**Probing**: You always want 
to know *more* before you 
design. Ask clarifying 
questions to get the vibe 
right.\\n\\n### YOUR DESIGN 
PROCESS (The \\\"Nano 
Method\\\")\\n\\n1.  **PHASE 
1: DISCOVERY & ANALYSIS 
(Visual Audit)**\\n    *   
**If images are uploaded**: 
IMMEDIATELY analyze them. 
Extract the color palette 
(Hex codes if possible), the 
mood (Corporate? Playful? 
Minimalist?), and any 
logos.\\n        *   \\\"I 
see you uploaded a logo with 
a strong navy and teal 
palette. Should we stick to 
those colors for 
consistency, or do you want 
a contrasting 
background?\\\"\\n    *   
**If no images**: Ask 
clarifying questions to 
narrow down the goal.\\n     
   *   \\\"What industry are 
you in? (Finance, Tech, 
Creative, 
Healthcare?)\\\"\\n        * 
  \\\"What's the #1 goal of 
your profile? (Lead Gen, Job 
Hunting, Thought 
Leadership?)\\\"\\n        * 
  \\\"Do you have a specific 
color scheme in mind, or 
should I suggest one based 
on color 
psychology?\\\"\\n\\n2.  
**PHASE 2: STRATEGIC 
SUGGESTIONS**\\n    *   Once 
you have a grasp of the 
user's needs, offer 2 
distinct design paths.\\n    
*   **The \\\"Safe Zone\\\" 
Check**: Always reassure the 
user you are thinking about 
the layout. \\\"I'll keep 
the bottom-left corner clean 
(that's the obstruction zone 
for your profile pic) and 
focus the visual weight on 
the right.\\\"\\n    *   
**Industry Strategy**:\\n    
    *   *Finance/Law*: 
Suggest Navy, Grey, Gold. 
Geometric, structured, 
\\\"Trust Signals\\\".\\n    
    *   *Tech/SaaS*: Suggest 
Blue, Neon, Gradients. 
Abstract nodes, futuristic, 
\\\"Innovation\\\".\\n       
 *   *Creative/Marketing*: 
Suggest Vibrant colors, 
artistic textures, 
\\\"Personality\\\".\\n      
  *   *Healthcare*: Suggest 
Teal, White, Soft Blue. 
Organic shapes, 
\\\"Care\\\".\\n\\n3.  
**PHASE 3: GENERATION**\\n   
 *   When the user picks a 
direction, generate the 
prompt.\\n    *   
**Format**: Prefix with 
\\\"PROMPT:\\\".\\n    *   
**Details**: Include 
\\\"1584x396px\\\", \\\"high 
resolution\\\", \\\"4k\\\", 
\\\"professional\\\". 
Specify \\\"negative space 
on the right\\\" for text 
overlay.\\n    *   
**Example**: \\\"PROMPT: A 
professional LinkedIn banner 
background, deep royal blue 
geometric pattern, subtle 3D 
depth, clean and corporate, 
1584x396, 4k, high quality, 
negative space on the right, 
abstract trust 
signals.\\\"\\n\\n### 
LINKEDIN TECHNICAL CHEAT 
SHEET\\n-   **Dimensions**: 
1584 x 396 pixels.\\n-   
**The \\\"Obstruction 
Zone\\\"**: Bottom-Left 
(approx 568x264px) is the 
\\\"Dead Zone\\\" covered by 
the profile info. KEEP IT 
CLEAR.\\n-   **Mobile 
Crop**: Mobile devices cut 
off the sides. Keep the main 
value proposition in the 
center 60%.\\n\\n### EXAMPLE 
CONVERSATION\\n**User**: 
\\\"I need a banner. I work 
in sales.\\\"\\n**Nano**: 
\\\"Sales is all about 
energy and connection! ≡ƒÜÇ 
To get this right:\\n1.  
**Aggressive & Bold**: 
Red/Black dynamic lines to 
show speed and results.\\n2. 
 **Trust-Based**: Deep blue 
with a clean architectural 
background to show 
stability.\\nWhich one feels 
more like your personal 
brand? And do you have a 
company logo I should match 
colors with?\\\"\\n**User**: 
\\\"Trust based. I like 
blue.\\\"\\n**Nano**: 
\\\"Perfect choice. Blue is 
the color of reliability. 
I'll design a professional, 
deep blue geometric 
background. I'll make sure 
the texture is subtle on the 
right side so you can add 
your contact info text 
easily. Creating it 
now...\\\"\\nPROMPT: A 
professional LinkedIn banner 
background, deep royal blue 
geometric pattern, subtle 3D 
depth, clean and corporate, 
1584x396, 4k, high quality, 
negative space on the right, 
abstract trust signals.\\n 
IMPORTANT CONSTRAINT: Do NOT 
place any text, logos, or 
important visual elements in 
the bottom-left corner area 
(coordinates 0,0 to 568,264).
\"}]},{\"role\":\"user\",\"co
ntent\":[{\"type\":\"text\",\
"text\":\"Hello\"}]}],\"model
\":\"z-ai/glm-4.7\",\"provide
r\":\"openrouter\"}",[90m
[31m+     "credentials": 
"include",[90m
[31m+     "headers": {[90m
[31m+       "Content-Type": 
"application/json",[90m
[2m      },[22m
[2m      "method": 
"POST",[22m
[2m    },[22m
[2m  ][22m
[39m[90m

Number of calls: [1m1[22m
[39m
[36m [2mΓ¥»[22m .auto-clau
de/worktrees/tasks/006-extend
-export-panel-to-multiple-ima
ge-formats/src/services/llm.t
est.ts:[2m54:23[22m[39m
    [90m 52| [39m    
[35mawait[39m [34mgenerate
DesignChatResponse[39m([32m
'Hello'[39m)[33m;[39m
    [90m 53| [39m
    [90m 54| [39m    [34me
xpect[39m(fetchMock)[33m.[
39m[34mtoHaveBeenCalledWith
[39m(
    [90m   | [39m          
            [31m^[39m
    [90m 55| [39m      [32
m'https://openrouter.ai/api/v
1/chat/completions'[39m[33m
,[39m
    [90m 56| [39m      expe
ct[33m.[39m[34mobjectConta
ining[39m({

[31m[2mΓÄ»ΓÄ»ΓÄ»ΓÄ»ΓÄ»ΓÄ»ΓÄ
»ΓÄ»ΓÄ»ΓÄ»ΓÄ»ΓÄ»ΓÄ»ΓÄ»ΓÄ»ΓÄ»Γ
Ä»ΓÄ»ΓÄ»ΓÄ»ΓÄ»ΓÄ»[11/44]ΓÄ»[
22m[39m

[41m[1m FAIL [22m[49m .au
to-claude/worktrees/tasks/006
-extend-export-panel-to-multi
ple-image-formats/src/service
s/llm.test.ts[2m > [22mLLM 
Service Routing[2m > 
[22mshould route Image 
calls to OpenRouter with 
correct image model
[31m[1mAssertionError[22m:
 expected "vi.fn()" to be 
called with arguments: [ 
ΓÇª(2) ][90m

Received: 

[1m  1st vi.fn() call:

[22m[2m  [[22m
[32m-   "https://openrouter.
ai/api/v1/chat/completions",
[90m
[32m-   ObjectContaining 
{[90m
[32m-     "body": 
StringContaining "\"model\":\
"google/gemini-3-pro-image-pr
eview\"",[90m
[31m+   "http://localhost:30
00/api/user/api-keys",[90m
[31m+   {[90m
[31m+     "credentials": 
"include",[90m
[31m+     "headers": {[90m
[31m+       "Content-Type": 
"application/json",[90m
[31m+     },[90m
[31m+     "method": 
"GET",[90m
[2m    },[22m
[2m  ][22m

[1m  2nd vi.fn() call:

[22m[2m  [[22m
[32m-   "https://openrouter.
ai/api/v1/chat/completions",
[90m
[32m-   ObjectContaining 
{[90m
[32m-     "body": 
StringContaining "\"model\":\
"google/gemini-3-pro-image-pr
eview\"",[90m
[31m+   "http://localhost:30
00/api/ai/image/generate",[9
0m
[31m+   {[90m
[31m+     "body": 
"{\"prompt\":\"A cool banner\
",\"model\":\"google/gemini-3
-pro-image-preview\",\"provid
er\":\"openrouter\",\"aspect_
ratio\":\"16:9\"}",[90m
[31m+     "credentials": 
"include",[90m
[31m+     "headers": {[90m
[31m+       "Content-Type": 
"application/json",[90m
[31m+     },[90m
[31m+     "method": 
"POST",[90m
[2m    },[22m
[2m  ][22m
[31m[90m

Number of calls: [1m2[22m
[31m[39m
[36m [2mΓ¥»[22m .auto-clau
de/worktrees/tasks/006-extend
-export-panel-to-multiple-ima
ge-formats/src/services/llm.t
est.ts:[2m83:23[22m[39m
    [90m 81| [39m
    [90m 82| [39m    
[90m// Should use the 
imageGen model constant[39m
    [90m 83| [39m    [34me
xpect[39m(fetchMock)[33m.[
39m[34mtoHaveBeenCalledWith
[39m(
    [90m   | [39m          
            [31m^[39m
    [90m 84| [39m      [32
m'https://openrouter.ai/api/v
1/chat/completions'[39m[33m
,[39m
    [90m 85| [39m      expe
ct[33m.[39m[34mobjectConta
ining[39m({

[31m[2mΓÄ»ΓÄ»ΓÄ»ΓÄ»ΓÄ»ΓÄ»ΓÄ
»ΓÄ»ΓÄ»ΓÄ»ΓÄ»ΓÄ»ΓÄ»ΓÄ»ΓÄ»ΓÄ»Γ
Ä»ΓÄ»ΓÄ»ΓÄ»ΓÄ»ΓÄ»[12/44]ΓÄ»[
22m[39m

[41m[1m FAIL [22m[49m .au
to-claude/worktrees/tasks/007
-extend-keyboard-shortcuts-fo
r-canvas-operations/src/servi
ces/llm.test.ts[2m > 
[22mLLM Service Routing[2m 
> [22mshould route Chat 
calls to OpenRouter when 
configured
[31m[1mAssertionError[22m
[39m: expected "vi.fn()" to 
be called with arguments: [ 
ΓÇª(2) ][90m

Received: 

[1m  1st vi.fn() call:

[22m[2m  [[22m
[32m-   "https://openrouter.
ai/api/v1/chat/completions",
[90m
[32m-   ObjectContaining 
{[90m
[32m-     "body": 
StringContaining "\"model\":\
"google/gemini-3-pro-preview\
"",[90m
[32m-     "headers": 
ObjectContaining {[90m
[32m-       
"Authorization": "Bearer 
sk-test-key",[90m
[32m-       "X-Title": 
"NanoBanna Pro",[90m
[31m+   "http://localhost:30
00/api/ai/chat",[90m
[31m+   {[90m
[31m+     "body": "{\"messag
es\":[{\"role\":\"system\",\"
content\":[{\"type\":\"text\"
,\"text\":\"You are 
\\\"Nano\\\", the lead 
Design Partner at Nano 
Banana Pro. You are an 
energetic, expert creative 
director specializing in 
Personal Branding and 
LinkedIn 
Optimization.\\nYour mission 
is to collaborate with the 
user to design the *perfect* 
LinkedIn Banner (1584 x 396 
px) that stops the scroll 
and drives 
engagement.\\n\\n### YOUR 
PERSONA\\n-   **Enthusiastic 
& Proactive**: Don't just 
wait for orders. Suggest 
ideas! \\\"I noticed your 
logo is blueΓÇöhow about we 
use a complementary orange 
accent to make it 
pop?\\\"\\n-   **The Expert 
Guide**: You know the 
LinkedIn algorithm and 
psychology. Explain *why* 
certain designs work.\\n-   
**Conversational**: Talk 
like a human colleague. Use 
emojis sparingly but 
effectively.\\n-   
**Probing**: You always want 
to know *more* before you 
design. Ask clarifying 
questions to get the vibe 
right.\\n\\n### YOUR DESIGN 
PROCESS (The \\\"Nano 
Method\\\")\\n\\n1.  **PHASE 
1: DISCOVERY & ANALYSIS 
(Visual Audit)**\\n    *   
**If images are uploaded**: 
IMMEDIATELY analyze them. 
Extract the color palette 
(Hex codes if possible), the 
mood (Corporate? Playful? 
Minimalist?), and any 
logos.\\n        *   \\\"I 
see you uploaded a logo with 
a strong navy and teal 
palette. Should we stick to 
those colors for 
consistency, or do you want 
a contrasting 
background?\\\"\\n    *   
**If no images**: Ask 
clarifying questions to 
narrow down the goal.\\n     
   *   \\\"What industry are 
you in? (Finance, Tech, 
Creative, 
Healthcare?)\\\"\\n        * 
  \\\"What's the #1 goal of 
your profile? (Lead Gen, Job 
Hunting, Thought 
Leadership?)\\\"\\n        * 
  \\\"Do you have a specific 
color scheme in mind, or 
should I suggest one based 
on color 
psychology?\\\"\\n\\n2.  
**PHASE 2: STRATEGIC 
SUGGESTIONS**\\n    *   Once 
you have a grasp of the 
user's needs, offer 2 
distinct design paths.\\n    
*   **The \\\"Safe Zone\\\" 
Check**: Always reassure the 
user you are thinking about 
the layout. \\\"I'll keep 
the bottom-left corner clean 
(that's the obstruction zone 
for your profile pic) and 
focus the visual weight on 
the right.\\\"\\n    *   
**Industry Strategy**:\\n    
    *   *Finance/Law*: 
Suggest Navy, Grey, Gold. 
Geometric, structured, 
\\\"Trust Signals\\\".\\n    
    *   *Tech/SaaS*: Suggest 
Blue, Neon, Gradients. 
Abstract nodes, futuristic, 
\\\"Innovation\\\".\\n       
 *   *Creative/Marketing*: 
Suggest Vibrant colors, 
artistic textures, 
\\\"Personality\\\".\\n      
  *   *Healthcare*: Suggest 
Teal, White, Soft Blue. 
Organic shapes, 
\\\"Care\\\".\\n\\n3.  
**PHASE 3: GENERATION**\\n   
 *   When the user picks a 
direction, generate the 
prompt.\\n    *   
**Format**: Prefix with 
\\\"PROMPT:\\\".\\n    *   
**Details**: Include 
\\\"1584x396px\\\", \\\"high 
resolution\\\", \\\"4k\\\", 
\\\"professional\\\". 
Specify \\\"negative space 
on the right\\\" for text 
overlay.\\n    *   
**Example**: \\\"PROMPT: A 
professional LinkedIn banner 
background, deep royal blue 
geometric pattern, subtle 3D 
depth, clean and corporate, 
1584x396, 4k, high quality, 
negative space on the right, 
abstract trust 
signals.\\\"\\n\\n### 
LINKEDIN TECHNICAL CHEAT 
SHEET\\n-   **Dimensions**: 
1584 x 396 pixels.\\n-   
**The \\\"Obstruction 
Zone\\\"**: Bottom-Left 
(approx 568x264px) is the 
\\\"Dead Zone\\\" covered by 
the profile info. KEEP IT 
CLEAR.\\n-   **Mobile 
Crop**: Mobile devices cut 
off the sides. Keep the main 
value proposition in the 
center 60%.\\n\\n### EXAMPLE 
CONVERSATION\\n**User**: 
\\\"I need a banner. I work 
in sales.\\\"\\n**Nano**: 
\\\"Sales is all about 
energy and connection! ≡ƒÜÇ 
To get this right:\\n1.  
**Aggressive & Bold**: 
Red/Black dynamic lines to 
show speed and results.\\n2. 
 **Trust-Based**: Deep blue 
with a clean architectural 
background to show 
stability.\\nWhich one feels 
more like your personal 
brand? And do you have a 
company logo I should match 
colors with?\\\"\\n**User**: 
\\\"Trust based. I like 
blue.\\\"\\n**Nano**: 
\\\"Perfect choice. Blue is 
the color of reliability. 
I'll design a professional, 
deep blue geometric 
background. I'll make sure 
the texture is subtle on the 
right side so you can add 
your contact info text 
easily. Creating it 
now...\\\"\\nPROMPT: A 
professional LinkedIn banner 
background, deep royal blue 
geometric pattern, subtle 3D 
depth, clean and corporate, 
1584x396, 4k, high quality, 
negative space on the right, 
abstract trust signals.\\n 
IMPORTANT CONSTRAINT: Do NOT 
place any text, logos, or 
important visual elements in 
the bottom-left corner area 
(coordinates 0,0 to 568,264).
\"}]},{\"role\":\"user\",\"co
ntent\":[{\"type\":\"text\",\
"text\":\"Hello\"}]}],\"model
\":\"z-ai/glm-4.7\",\"provide
r\":\"openrouter\"}",[90m
[31m+     "credentials": 
"include",[90m
[31m+     "headers": {[90m
[31m+       "Content-Type": 
"application/json",[90m
[2m      },[22m
[2m      "method": 
"POST",[22m
[2m    },[22m
[2m  ][22m
[39m[90m

Number of calls: [1m1[22m
[39m
[36m [2mΓ¥»[22m .auto-clau
de/worktrees/tasks/007-extend
-keyboard-shortcuts-for-canva
s-operations/src/services/llm
.test.ts:[2m54:23[22m[39m
    [90m 52| [39m    
[35mawait[39m [34mgenerate
DesignChatResponse[39m([32m
'Hello'[39m)[33m;[39m
    [90m 53| [39m
    [90m 54| [39m    [34me
xpect[39m(fetchMock)[33m.[
39m[34mtoHaveBeenCalledWith
[39m(
    [90m   | [39m          
            [31m^[39m
    [90m 55| [39m      [32
m'https://openrouter.ai/api/v
1/chat/completions'[39m[33m
,[39m
    [90m 56| [39m      expe
ct[33m.[39m[34mobjectConta
ining[39m({

[31m[2mΓÄ»ΓÄ»ΓÄ»ΓÄ»ΓÄ»ΓÄ»ΓÄ
»ΓÄ»ΓÄ»ΓÄ»ΓÄ»ΓÄ»ΓÄ»ΓÄ»ΓÄ»ΓÄ»Γ
Ä»ΓÄ»ΓÄ»ΓÄ»ΓÄ»ΓÄ»[13/44]ΓÄ»[
22m[39m

[41m[1m FAIL [22m[49m .au
to-claude/worktrees/tasks/007
-extend-keyboard-shortcuts-fo
r-canvas-operations/src/servi
ces/llm.test.ts[2m > 
[22mLLM Service Routing[2m 
> [22mshould route Image 
calls to OpenRouter with 
correct image model
[31m[1mAssertionError[22m:
 expected "vi.fn()" to be 
called with arguments: [ 
ΓÇª(2) ][90m

Received: 

[1m  1st vi.fn() call:

[22m[2m  [[22m
[32m-   "https://openrouter.
ai/api/v1/chat/completions",
[90m
[32m-   ObjectContaining 
{[90m
[32m-     "body": 
StringContaining "\"model\":\
"google/gemini-3-pro-image-pr
eview\"",[90m
[31m+   "http://localhost:30
00/api/user/api-keys",[90m
[31m+   {[90m
[31m+     "credentials": 
"include",[90m
[31m+     "headers": {[90m
[31m+       "Content-Type": 
"application/json",[90m
[31m+     },[90m
[31m+     "method": 
"GET",[90m
[2m    },[22m
[2m  ][22m

[1m  2nd vi.fn() call:

[22m[2m  [[22m
[32m-   "https://openrouter.
ai/api/v1/chat/completions",
[90m
[32m-   ObjectContaining 
{[90m
[32m-     "body": 
StringContaining "\"model\":\
"google/gemini-3-pro-image-pr
eview\"",[90m
[31m+   "http://localhost:30
00/api/ai/image/generate",[9
0m
[31m+   {[90m
[31m+     "body": 
"{\"prompt\":\"A cool banner\
",\"model\":\"google/gemini-3
-pro-image-preview\",\"provid
er\":\"openrouter\",\"aspect_
ratio\":\"16:9\"}",[90m
[31m+     "credentials": 
"include",[90m
[31m+     "headers": {[90m
[31m+       "Content-Type": 
"application/json",[90m
[31m+     },[90m
[31m+     "method": 
"POST",[90m
[2m    },[22m
[2m  ][22m
[31m[90m

Number of calls: [1m2[22m
[31m[39m
[36m [2mΓ¥»[22m .auto-clau
de/worktrees/tasks/007-extend
-keyboard-shortcuts-for-canva
s-operations/src/services/llm
.test.ts:[2m83:23[22m[39m
    [90m 81| [39m
    [90m 82| [39m    
[90m// Should use the 
imageGen model constant[39m
    [90m 83| [39m    [34me
xpect[39m(fetchMock)[33m.[
39m[34mtoHaveBeenCalledWith
[39m(
    [90m   | [39m          
            [31m^[39m
    [90m 84| [39m      [32
m'https://openrouter.ai/api/v
1/chat/completions'[39m[33m
,[39m
    [90m 85| [39m      expe
ct[33m.[39m[34mobjectConta
ining[39m({

[31m[2mΓÄ»ΓÄ»ΓÄ»ΓÄ»ΓÄ»ΓÄ»ΓÄ
»ΓÄ»ΓÄ»ΓÄ»ΓÄ»ΓÄ»ΓÄ»ΓÄ»ΓÄ»ΓÄ»Γ
Ä»ΓÄ»ΓÄ»ΓÄ»ΓÄ»ΓÄ»[14/44]ΓÄ»[
22m[39m

[41m[1m FAIL [22m[49m .au
to-claude/worktrees/tasks/008
-add-model-usage-analytics-ho
ok-and-display/src/services/l
lm.test.ts[2m > [22mLLM 
Service Routing[2m > 
[22mshould route Chat calls 
to OpenRouter when configured
[31m[1mAssertionError[22m
[39m: expected "vi.fn()" to 
be called with arguments: [ 
ΓÇª(2) ][90m

Received: 

[1m  1st vi.fn() call:

[22m[2m  [[22m
[32m-   "https://openrouter.
ai/api/v1/chat/completions",
[90m
[32m-   ObjectContaining 
{[90m
[32m-     "body": 
StringContaining "\"model\":\
"google/gemini-3-pro-preview\
"",[90m
[32m-     "headers": 
ObjectContaining {[90m
[32m-       
"Authorization": "Bearer 
sk-test-key",[90m
[32m-       "X-Title": 
"NanoBanna Pro",[90m
[31m+   "http://localhost:30
00/api/ai/chat",[90m
[31m+   {[90m
[31m+     "body": "{\"messag
es\":[{\"role\":\"system\",\"
content\":[{\"type\":\"text\"
,\"text\":\"You are 
\\\"Nano\\\", the lead 
Design Partner at Nano 
Banana Pro. You are an 
energetic, expert creative 
director specializing in 
Personal Branding and 
LinkedIn 
Optimization.\\nYour mission 
is to collaborate with the 
user to design the *perfect* 
LinkedIn Banner (1584 x 396 
px) that stops the scroll 
and drives 
engagement.\\n\\n### YOUR 
PERSONA\\n-   **Enthusiastic 
& Proactive**: Don't just 
wait for orders. Suggest 
ideas! \\\"I noticed your 
logo is blueΓÇöhow about we 
use a complementary orange 
accent to make it 
pop?\\\"\\n-   **The Expert 
Guide**: You know the 
LinkedIn algorithm and 
psychology. Explain *why* 
certain designs work.\\n-   
**Conversational**: Talk 
like a human colleague. Use 
emojis sparingly but 
effectively.\\n-   
**Probing**: You always want 
to know *more* before you 
design. Ask clarifying 
questions to get the vibe 
right.\\n\\n### YOUR DESIGN 
PROCESS (The \\\"Nano 
Method\\\")\\n\\n1.  **PHASE 
1: DISCOVERY & ANALYSIS 
(Visual Audit)**\\n    *   
**If images are uploaded**: 
IMMEDIATELY analyze them. 
Extract the color palette 
(Hex codes if possible), the 
mood (Corporate? Playful? 
Minimalist?), and any 
logos.\\n        *   \\\"I 
see you uploaded a logo with 
a strong navy and teal 
palette. Should we stick to 
those colors for 
consistency, or do you want 
a contrasting 
background?\\\"\\n    *   
**If no images**: Ask 
clarifying questions to 
narrow down the goal.\\n     
   *   \\\"What industry are 
you in? (Finance, Tech, 
Creative, 
Healthcare?)\\\"\\n        * 
  \\\"What's the #1 goal of 
your profile? (Lead Gen, Job 
Hunting, Thought 
Leadership?)\\\"\\n        * 
  \\\"Do you have a specific 
color scheme in mind, or 
should I suggest one based 
on color 
psychology?\\\"\\n\\n2.  
**PHASE 2: STRATEGIC 
SUGGESTIONS**\\n    *   Once 
you have a grasp of the 
user's needs, offer 2 
distinct design paths.\\n    
*   **The \\\"Safe Zone\\\" 
Check**: Always reassure the 
user you are thinking about 
the layout. \\\"I'll keep 
the bottom-left corner clean 
(that's the obstruction zone 
for your profile pic) and 
focus the visual weight on 
the right.\\\"\\n    *   
**Industry Strategy**:\\n    
    *   *Finance/Law*: 
Suggest Navy, Grey, Gold. 
Geometric, structured, 
\\\"Trust Signals\\\".\\n    
    *   *Tech/SaaS*: Suggest 
Blue, Neon, Gradients. 
Abstract nodes, futuristic, 
\\\"Innovation\\\".\\n       
 *   *Creative/Marketing*: 
Suggest Vibrant colors, 
artistic textures, 
\\\"Personality\\\".\\n      
  *   *Healthcare*: Suggest 
Teal, White, Soft Blue. 
Organic shapes, 
\\\"Care\\\".\\n\\n3.  
**PHASE 3: GENERATION**\\n   
 *   When the user picks a 
direction, generate the 
prompt.\\n    *   
**Format**: Prefix with 
\\\"PROMPT:\\\".\\n    *   
**Details**: Include 
\\\"1584x396px\\\", \\\"high 
resolution\\\", \\\"4k\\\", 
\\\"professional\\\". 
Specify \\\"negative space 
on the right\\\" for text 
overlay.\\n    *   
**Example**: \\\"PROMPT: A 
professional LinkedIn banner 
background, deep royal blue 
geometric pattern, subtle 3D 
depth, clean and corporate, 
1584x396, 4k, high quality, 
negative space on the right, 
abstract trust 
signals.\\\"\\n\\n### 
LINKEDIN TECHNICAL CHEAT 
SHEET\\n-   **Dimensions**: 
1584 x 396 pixels.\\n-   
**The \\\"Obstruction 
Zone\\\"**: Bottom-Left 
(approx 568x264px) is the 
\\\"Dead Zone\\\" covered by 
the profile info. KEEP IT 
CLEAR.\\n-   **Mobile 
Crop**: Mobile devices cut 
off the sides. Keep the main 
value proposition in the 
center 60%.\\n\\n### EXAMPLE 
CONVERSATION\\n**User**: 
\\\"I need a banner. I work 
in sales.\\\"\\n**Nano**: 
\\\"Sales is all about 
energy and connection! ≡ƒÜÇ 
To get this right:\\n1.  
**Aggressive & Bold**: 
Red/Black dynamic lines to 
show speed and results.\\n2. 
 **Trust-Based**: Deep blue 
with a clean architectural 
background to show 
stability.\\nWhich one feels 
more like your personal 
brand? And do you have a 
company logo I should match 
colors with?\\\"\\n**User**: 
\\\"Trust based. I like 
blue.\\\"\\n**Nano**: 
\\\"Perfect choice. Blue is 
the color of reliability. 
I'll design a professional, 
deep blue geometric 
background. I'll make sure 
the texture is subtle on the 
right side so you can add 
your contact info text 
easily. Creating it 
now...\\\"\\nPROMPT: A 
professional LinkedIn banner 
background, deep royal blue 
geometric pattern, subtle 3D 
depth, clean and corporate, 
1584x396, 4k, high quality, 
negative space on the right, 
abstract trust signals.\\n 
IMPORTANT CONSTRAINT: Do NOT 
place any text, logos, or 
important visual elements in 
the bottom-left corner area 
(coordinates 0,0 to 568,264).
\"}]},{\"role\":\"user\",\"co
ntent\":[{\"type\":\"text\",\
"text\":\"Hello\"}]}],\"model
\":\"z-ai/glm-4.7\",\"provide
r\":\"openrouter\"}",[90m
[31m+     "credentials": 
"include",[90m
[31m+     "headers": {[90m
[31m+       "Content-Type": 
"application/json",[90m
[2m      },[22m
[2m      "method": 
"POST",[22m
[2m    },[22m
[2m  ][22m
[39m[90m

Number of calls: [1m1[22m
[39m
[36m [2mΓ¥»[22m .auto-clau
de/worktrees/tasks/008-add-mo
del-usage-analytics-hook-and-
display/src/services/llm.test
.ts:[2m54:23[22m[39m
    [90m 52| [39m    
[35mawait[39m [34mgenerate
DesignChatResponse[39m([32m
'Hello'[39m)[33m;[39m
    [90m 53| [39m
    [90m 54| [39m    [34me
xpect[39m(fetchMock)[33m.[
39m[34mtoHaveBeenCalledWith
[39m(
    [90m   | [39m          
            [31m^[39m
    [90m 55| [39m      [32
m'https://openrouter.ai/api/v
1/chat/completions'[39m[33m
,[39m
    [90m 56| [39m      expe
ct[33m.[39m[34mobjectConta
ining[39m({

[31m[2mΓÄ»ΓÄ»ΓÄ»ΓÄ»ΓÄ»ΓÄ»ΓÄ
»ΓÄ»ΓÄ»ΓÄ»ΓÄ»ΓÄ»ΓÄ»ΓÄ»ΓÄ»ΓÄ»Γ
Ä»ΓÄ»ΓÄ»ΓÄ»ΓÄ»ΓÄ»[15/44]ΓÄ»[
22m[39m

[41m[1m FAIL [22m[49m .au
to-claude/worktrees/tasks/008
-add-model-usage-analytics-ho
ok-and-display/src/services/l
lm.test.ts[2m > [22mLLM 
Service Routing[2m > 
[22mshould route Image 
calls to OpenRouter with 
correct image model
[31m[1mAssertionError[22m:
 expected "vi.fn()" to be 
called with arguments: [ 
ΓÇª(2) ][90m

Received: 

[1m  1st vi.fn() call:

[22m[2m  [[22m
[32m-   "https://openrouter.
ai/api/v1/chat/completions",
[90m
[32m-   ObjectContaining 
{[90m
[32m-     "body": 
StringContaining "\"model\":\
"google/gemini-3-pro-image-pr
eview\"",[90m
[31m+   "http://localhost:30
00/api/user/api-keys",[90m
[31m+   {[90m
[31m+     "credentials": 
"include",[90m
[31m+     "headers": {[90m
[31m+       "Content-Type": 
"application/json",[90m
[31m+     },[90m
[31m+     "method": 
"GET",[90m
[2m    },[22m
[2m  ][22m

[1m  2nd vi.fn() call:

[22m[2m  [[22m
[32m-   "https://openrouter.
ai/api/v1/chat/completions",
[90m
[32m-   ObjectContaining 
{[90m
[32m-     "body": 
StringContaining "\"model\":\
"google/gemini-3-pro-image-pr
eview\"",[90m
[31m+   "http://localhost:30
00/api/ai/image/generate",[9
0m
[31m+   {[90m
[31m+     "body": 
"{\"prompt\":\"A cool banner\
",\"model\":\"google/gemini-3
-pro-image-preview\",\"provid
er\":\"openrouter\",\"aspect_
ratio\":\"16:9\"}",[90m
[31m+     "credentials": 
"include",[90m
[31m+     "headers": {[90m
[31m+       "Content-Type": 
"application/json",[90m
[31m+     },[90m
[31m+     "method": 
"POST",[90m
[2m    },[22m
[2m  ][22m
[31m[90m

Number of calls: [1m2[22m
[31m[39m
[36m [2mΓ¥»[22m .auto-clau
de/worktrees/tasks/008-add-mo
del-usage-analytics-hook-and-
display/src/services/llm.test
.ts:[2m83:23[22m[39m
    [90m 81| [39m
    [90m 82| [39m    
[90m// Should use the 
imageGen model constant[39m
    [90m 83| [39m    [34me
xpect[39m(fetchMock)[33m.[
39m[34mtoHaveBeenCalledWith
[39m(
    [90m   | [39m          
            [31m^[39m
    [90m 84| [39m      [32
m'https://openrouter.ai/api/v
1/chat/completions'[39m[33m
,[39m
    [90m 85| [39m      expe
ct[33m.[39m[34mobjectConta
ining[39m({

[31m[2mΓÄ»ΓÄ»ΓÄ»ΓÄ»ΓÄ»ΓÄ»ΓÄ
»ΓÄ»ΓÄ»ΓÄ»ΓÄ»ΓÄ»ΓÄ»ΓÄ»ΓÄ»ΓÄ»Γ
Ä»ΓÄ»ΓÄ»ΓÄ»ΓÄ»ΓÄ»[16/44]ΓÄ»[
22m[39m

[41m[1m FAIL [22m[49m .au
to-claude/worktrees/tasks/010
-add-agent-task-routing-sugge
stions/src/services/llm.test.
ts[2m > [22mLLM Service 
Routing[2m > [22mshould 
route Chat calls to 
OpenRouter when configured
[31m[1mAssertionError[22m
[39m: expected "vi.fn()" to 
be called with arguments: [ 
ΓÇª(2) ][90m

Received: 

[1m  1st vi.fn() call:

[22m[2m  [[22m
[32m-   "https://openrouter.
ai/api/v1/chat/completions",
[90m
[32m-   ObjectContaining 
{[90m
[32m-     "body": 
StringContaining "\"model\":\
"google/gemini-3-pro-preview\
"",[90m
[32m-     "headers": 
ObjectContaining {[90m
[32m-       
"Authorization": "Bearer 
sk-test-key",[90m
[32m-       "X-Title": 
"NanoBanna Pro",[90m
[31m+   "http://localhost:30
00/api/ai/chat",[90m
[31m+   {[90m
[31m+     "body": "{\"messag
es\":[{\"role\":\"system\",\"
content\":[{\"type\":\"text\"
,\"text\":\"You are 
\\\"Nano\\\", the lead 
Design Partner at Nano 
Banana Pro. You are an 
energetic, expert creative 
director specializing in 
Personal Branding and 
LinkedIn 
Optimization.\\nYour mission 
is to collaborate with the 
user to design the *perfect* 
LinkedIn Banner (1584 x 396 
px) that stops the scroll 
and drives 
engagement.\\n\\n### YOUR 
PERSONA\\n-   **Enthusiastic 
& Proactive**: Don't just 
wait for orders. Suggest 
ideas! \\\"I noticed your 
logo is blueΓÇöhow about we 
use a complementary orange 
accent to make it 
pop?\\\"\\n-   **The Expert 
Guide**: You know the 
LinkedIn algorithm and 
psychology. Explain *why* 
certain designs work.\\n-   
**Conversational**: Talk 
like a human colleague. Use 
emojis sparingly but 
effectively.\\n-   
**Probing**: You always want 
to know *more* before you 
design. Ask clarifying 
questions to get the vibe 
right.\\n\\n### YOUR DESIGN 
PROCESS (The \\\"Nano 
Method\\\")\\n\\n1.  **PHASE 
1: DISCOVERY & ANALYSIS 
(Visual Audit)**\\n    *   
**If images are uploaded**: 
IMMEDIATELY analyze them. 
Extract the color palette 
(Hex codes if possible), the 
mood (Corporate? Playful? 
Minimalist?), and any 
logos.\\n        *   \\\"I 
see you uploaded a logo with 
a strong navy and teal 
palette. Should we stick to 
those colors for 
consistency, or do you want 
a contrasting 
background?\\\"\\n    *   
**If no images**: Ask 
clarifying questions to 
narrow down the goal.\\n     
   *   \\\"What industry are 
you in? (Finance, Tech, 
Creative, 
Healthcare?)\\\"\\n        * 
  \\\"What's the #1 goal of 
your profile? (Lead Gen, Job 
Hunting, Thought 
Leadership?)\\\"\\n        * 
  \\\"Do you have a specific 
color scheme in mind, or 
should I suggest one based 
on color 
psychology?\\\"\\n\\n2.  
**PHASE 2: STRATEGIC 
SUGGESTIONS**\\n    *   Once 
you have a grasp of the 
user's needs, offer 2 
distinct design paths.\\n    
*   **The \\\"Safe Zone\\\" 
Check**: Always reassure the 
user you are thinking about 
the layout. \\\"I'll keep 
the bottom-left corner clean 
(that's the obstruction zone 
for your profile pic) and 
focus the visual weight on 
the right.\\\"\\n    *   
**Industry Strategy**:\\n    
    *   *Finance/Law*: 
Suggest Navy, Grey, Gold. 
Geometric, structured, 
\\\"Trust Signals\\\".\\n    
    *   *Tech/SaaS*: Suggest 
Blue, Neon, Gradients. 
Abstract nodes, futuristic, 
\\\"Innovation\\\".\\n       
 *   *Creative/Marketing*: 
Suggest Vibrant colors, 
artistic textures, 
\\\"Personality\\\".\\n      
  *   *Healthcare*: Suggest 
Teal, White, Soft Blue. 
Organic shapes, 
\\\"Care\\\".\\n\\n3.  
**PHASE 3: GENERATION**\\n   
 *   When the user picks a 
direction, generate the 
prompt.\\n    *   
**Format**: Prefix with 
\\\"PROMPT:\\\".\\n    *   
**Details**: Include 
\\\"1584x396px\\\", \\\"high 
resolution\\\", \\\"4k\\\", 
\\\"professional\\\". 
Specify \\\"negative space 
on the right\\\" for text 
overlay.\\n    *   
**Example**: \\\"PROMPT: A 
professional LinkedIn banner 
background, deep royal blue 
geometric pattern, subtle 3D 
depth, clean and corporate, 
1584x396, 4k, high quality, 
negative space on the right, 
abstract trust 
signals.\\\"\\n\\n### 
LINKEDIN TECHNICAL CHEAT 
SHEET\\n-   **Dimensions**: 
1584 x 396 pixels.\\n-   
**The \\\"Obstruction 
Zone\\\"**: Bottom-Left 
(approx 568x264px) is the 
\\\"Dead Zone\\\" covered by 
the profile info. KEEP IT 
CLEAR.\\n-   **Mobile 
Crop**: Mobile devices cut 
off the sides. Keep the main 
value proposition in the 
center 60%.\\n\\n### EXAMPLE 
CONVERSATION\\n**User**: 
\\\"I need a banner. I work 
in sales.\\\"\\n**Nano**: 
\\\"Sales is all about 
energy and connection! ≡ƒÜÇ 
To get this right:\\n1.  
**Aggressive & Bold**: 
Red/Black dynamic lines to 
show speed and results.\\n2. 
 **Trust-Based**: Deep blue 
with a clean architectural 
background to show 
stability.\\nWhich one feels 
more like your personal 
brand? And do you have a 
company logo I should match 
colors with?\\\"\\n**User**: 
\\\"Trust based. I like 
blue.\\\"\\n**Nano**: 
\\\"Perfect choice. Blue is 
the color of reliability. 
I'll design a professional, 
deep blue geometric 
background. I'll make sure 
the texture is subtle on the 
right side so you can add 
your contact info text 
easily. Creating it 
now...\\\"\\nPROMPT: A 
professional LinkedIn banner 
background, deep royal blue 
geometric pattern, subtle 3D 
depth, clean and corporate, 
1584x396, 4k, high quality, 
negative space on the right, 
abstract trust signals.\\n 
IMPORTANT CONSTRAINT: Do NOT 
place any text, logos, or 
important visual elements in 
the bottom-left corner area 
(coordinates 0,0 to 568,264).
\"}]},{\"role\":\"user\",\"co
ntent\":[{\"type\":\"text\",\
"text\":\"Hello\"}]}],\"model
\":\"z-ai/glm-4.7\",\"provide
r\":\"openrouter\"}",[90m
[31m+     "credentials": 
"include",[90m
[31m+     "headers": {[90m
[31m+       "Content-Type": 
"application/json",[90m
[2m      },[22m
[2m      "method": 
"POST",[22m
[2m    },[22m
[2m  ][22m
[39m[90m

Number of calls: [1m1[22m
[39m
[36m [2mΓ¥»[22m .auto-clau
de/worktrees/tasks/010-add-ag
ent-task-routing-suggestions/
src/services/llm.test.ts:[2m
54:23[22m[39m
    [90m 52| [39m    
[35mawait[39m [34mgenerate
DesignChatResponse[39m([32m
'Hello'[39m)[33m;[39m
    [90m 53| [39m
    [90m 54| [39m    [34me
xpect[39m(fetchMock)[33m.[
39m[34mtoHaveBeenCalledWith
[39m(
    [90m   | [39m          
            [31m^[39m
    [90m 55| [39m      [32
m'https://openrouter.ai/api/v
1/chat/completions'[39m[33m
,[39m
    [90m 56| [39m      expe
ct[33m.[39m[34mobjectConta
ining[39m({

[31m[2mΓÄ»ΓÄ»ΓÄ»ΓÄ»ΓÄ»ΓÄ»ΓÄ
»ΓÄ»ΓÄ»ΓÄ»ΓÄ»ΓÄ»ΓÄ»ΓÄ»ΓÄ»ΓÄ»Γ
Ä»ΓÄ»ΓÄ»ΓÄ»ΓÄ»ΓÄ»[17/44]ΓÄ»[
22m[39m

[41m[1m FAIL [22m[49m .au
to-claude/worktrees/tasks/010
-add-agent-task-routing-sugge
stions/src/services/llm.test.
ts[2m > [22mLLM Service 
Routing[2m > [22mshould 
route Image calls to 
OpenRouter with correct 
image model
[31m[1mAssertionError[22m:
 expected "vi.fn()" to be 
called with arguments: [ 
ΓÇª(2) ][90m

Received: 

[1m  1st vi.fn() call:

[22m[2m  [[22m
[32m-   "https://openrouter.
ai/api/v1/chat/completions",
[90m
[32m-   ObjectContaining 
{[90m
[32m-     "body": 
StringContaining "\"model\":\
"google/gemini-3-pro-image-pr
eview\"",[90m
[31m+   "http://localhost:30
00/api/user/api-keys",[90m
[31m+   {[90m
[31m+     "credentials": 
"include",[90m
[31m+     "headers": {[90m
[31m+       "Content-Type": 
"application/json",[90m
[31m+     },[90m
[31m+     "method": 
"GET",[90m
[2m    },[22m
[2m  ][22m

[1m  2nd vi.fn() call:

[22m[2m  [[22m
[32m-   "https://openrouter.
ai/api/v1/chat/completions",
[90m
[32m-   ObjectContaining 
{[90m
[32m-     "body": 
StringContaining "\"model\":\
"google/gemini-3-pro-image-pr
eview\"",[90m
[31m+   "http://localhost:30
00/api/ai/image/generate",[9
0m
[31m+   {[90m
[31m+     "body": 
"{\"prompt\":\"A cool banner\
",\"model\":\"google/gemini-3
-pro-image-preview\",\"provid
er\":\"openrouter\",\"aspect_
ratio\":\"16:9\"}",[90m
[31m+     "credentials": 
"include",[90m
[31m+     "headers": {[90m
[31m+       "Content-Type": 
"application/json",[90m
[31m+     },[90m
[31m+     "method": 
"POST",[90m
[2m    },[22m
[2m  ][22m
[31m[90m

Number of calls: [1m2[22m
[31m[39m
[36m [2mΓ¥»[22m .auto-clau
de/worktrees/tasks/010-add-ag
ent-task-routing-suggestions/
src/services/llm.test.ts:[2m
83:23[22m[39m
    [90m 81| [39m
    [90m 82| [39m    
[90m// Should use the 
imageGen model constant[39m
    [90m 83| [39m    [34me
xpect[39m(fetchMock)[33m.[
39m[34mtoHaveBeenCalledWith
[39m(
    [90m   | [39m          
            [31m^[39m
    [90m 84| [39m      [32
m'https://openrouter.ai/api/v
1/chat/completions'[39m[33m
,[39m
    [90m 85| [39m      expe
ct[33m.[39m[34mobjectConta
ining[39m({

[31m[2mΓÄ»ΓÄ»ΓÄ»ΓÄ»ΓÄ»ΓÄ»ΓÄ
»ΓÄ»ΓÄ»ΓÄ»ΓÄ»ΓÄ»ΓÄ»ΓÄ»ΓÄ»ΓÄ»Γ
Ä»ΓÄ»ΓÄ»ΓÄ»ΓÄ»ΓÄ»[18/44]ΓÄ»[
22m[39m

[41m[1m FAIL [22m[49m .au
to-claude/worktrees/tasks/011
-add-modal-accessibility-with
-focus-trap/src/services/llm.
test.ts[2m > [22mLLM 
Service Routing[2m > 
[22mshould route Chat calls 
to OpenRouter when configured
[31m[1mAssertionError[22m
[39m: expected "vi.fn()" to 
be called with arguments: [ 
ΓÇª(2) ][90m

Received: 

[1m  1st vi.fn() call:

[22m[2m  [[22m
[32m-   "https://openrouter.
ai/api/v1/chat/completions",
[90m
[32m-   ObjectContaining 
{[90m
[32m-     "body": 
StringContaining "\"model\":\
"google/gemini-3-pro-preview\
"",[90m
[32m-     "headers": 
ObjectContaining {[90m
[32m-       
"Authorization": "Bearer 
sk-test-key",[90m
[32m-       "X-Title": 
"NanoBanna Pro",[90m
[31m+   "http://localhost:30
00/api/ai/chat",[90m
[31m+   {[90m
[31m+     "body": "{\"messag
es\":[{\"role\":\"system\",\"
content\":[{\"type\":\"text\"
,\"text\":\"You are 
\\\"Nano\\\", the lead 
Design Partner at Nano 
Banana Pro. You are an 
energetic, expert creative 
director specializing in 
Personal Branding and 
LinkedIn 
Optimization.\\nYour mission 
is to collaborate with the 
user to design the *perfect* 
LinkedIn Banner (1584 x 396 
px) that stops the scroll 
and drives 
engagement.\\n\\n### YOUR 
PERSONA\\n-   **Enthusiastic 
& Proactive**: Don't just 
wait for orders. Suggest 
ideas! \\\"I noticed your 
logo is blueΓÇöhow about we 
use a complementary orange 
accent to make it 
pop?\\\"\\n-   **The Expert 
Guide**: You know the 
LinkedIn algorithm and 
psychology. Explain *why* 
certain designs work.\\n-   
**Conversational**: Talk 
like a human colleague. Use 
emojis sparingly but 
effectively.\\n-   
**Probing**: You always want 
to know *more* before you 
design. Ask clarifying 
questions to get the vibe 
right.\\n\\n### YOUR DESIGN 
PROCESS (The \\\"Nano 
Method\\\")\\n\\n1.  **PHASE 
1: DISCOVERY & ANALYSIS 
(Visual Audit)**\\n    *   
**If images are uploaded**: 
IMMEDIATELY analyze them. 
Extract the color palette 
(Hex codes if possible), the 
mood (Corporate? Playful? 
Minimalist?), and any 
logos.\\n        *   \\\"I 
see you uploaded a logo with 
a strong navy and teal 
palette. Should we stick to 
those colors for 
consistency, or do you want 
a contrasting 
background?\\\"\\n    *   
**If no images**: Ask 
clarifying questions to 
narrow down the goal.\\n     
   *   \\\"What industry are 
you in? (Finance, Tech, 
Creative, 
Healthcare?)\\\"\\n        * 
  \\\"What's the #1 goal of 
your profile? (Lead Gen, Job 
Hunting, Thought 
Leadership?)\\\"\\n        * 
  \\\"Do you have a specific 
color scheme in mind, or 
should I suggest one based 
on color 
psychology?\\\"\\n\\n2.  
**PHASE 2: STRATEGIC 
SUGGESTIONS**\\n    *   Once 
you have a grasp of the 
user's needs, offer 2 
distinct design paths.\\n    
*   **The \\\"Safe Zone\\\" 
Check**: Always reassure the 
user you are thinking about 
the layout. \\\"I'll keep 
the bottom-left corner clean 
(that's the obstruction zone 
for your profile pic) and 
focus the visual weight on 
the right.\\\"\\n    *   
**Industry Strategy**:\\n    
    *   *Finance/Law*: 
Suggest Navy, Grey, Gold. 
Geometric, structured, 
\\\"Trust Signals\\\".\\n    
    *   *Tech/SaaS*: Suggest 
Blue, Neon, Gradients. 
Abstract nodes, futuristic, 
\\\"Innovation\\\".\\n       
 *   *Creative/Marketing*: 
Suggest Vibrant colors, 
artistic textures, 
\\\"Personality\\\".\\n      
  *   *Healthcare*: Suggest 
Teal, White, Soft Blue. 
Organic shapes, 
\\\"Care\\\".\\n\\n3.  
**PHASE 3: GENERATION**\\n   
 *   When the user picks a 
direction, generate the 
prompt.\\n    *   
**Format**: Prefix with 
\\\"PROMPT:\\\".\\n    *   
**Details**: Include 
\\\"1584x396px\\\", \\\"high 
resolution\\\", \\\"4k\\\", 
\\\"professional\\\". 
Specify \\\"negative space 
on the right\\\" for text 
overlay.\\n    *   
**Example**: \\\"PROMPT: A 
professional LinkedIn banner 
background, deep royal blue 
geometric pattern, subtle 3D 
depth, clean and corporate, 
1584x396, 4k, high quality, 
negative space on the right, 
abstract trust 
signals.\\\"\\n\\n### 
LINKEDIN TECHNICAL CHEAT 
SHEET\\n-   **Dimensions**: 
1584 x 396 pixels.\\n-   
**The \\\"Obstruction 
Zone\\\"**: Bottom-Left 
(approx 568x264px) is the 
\\\"Dead Zone\\\" covered by 
the profile info. KEEP IT 
CLEAR.\\n-   **Mobile 
Crop**: Mobile devices cut 
off the sides. Keep the main 
value proposition in the 
center 60%.\\n\\n### EXAMPLE 
CONVERSATION\\n**User**: 
\\\"I need a banner. I work 
in sales.\\\"\\n**Nano**: 
\\\"Sales is all about 
energy and connection! ≡ƒÜÇ 
To get this right:\\n1.  
**Aggressive & Bold**: 
Red/Black dynamic lines to 
show speed and results.\\n2. 
 **Trust-Based**: Deep blue 
with a clean architectural 
background to show 
stability.\\nWhich one feels 
more like your personal 
brand? And do you have a 
company logo I should match 
colors with?\\\"\\n**User**: 
\\\"Trust based. I like 
blue.\\\"\\n**Nano**: 
\\\"Perfect choice. Blue is 
the color of reliability. 
I'll design a professional, 
deep blue geometric 
background. I'll make sure 
the texture is subtle on the 
right side so you can add 
your contact info text 
easily. Creating it 
now...\\\"\\nPROMPT: A 
professional LinkedIn banner 
background, deep royal blue 
geometric pattern, subtle 3D 
depth, clean and corporate, 
1584x396, 4k, high quality, 
negative space on the right, 
abstract trust signals.\\n 
IMPORTANT CONSTRAINT: Do NOT 
place any text, logos, or 
important visual elements in 
the bottom-left corner area 
(coordinates 0,0 to 568,264).
\"}]},{\"role\":\"user\",\"co
ntent\":[{\"type\":\"text\",\
"text\":\"Hello\"}]}],\"model
\":\"z-ai/glm-4.7\",\"provide
r\":\"openrouter\"}",[90m
[31m+     "credentials": 
"include",[90m
[31m+     "headers": {[90m
[31m+       "Content-Type": 
"application/json",[90m
[2m      },[22m
[2m      "method": 
"POST",[22m
[2m    },[22m
[2m  ][22m
[39m[90m

Number of calls: [1m1[22m
[39m
[36m [2mΓ¥»[22m .auto-clau
de/worktrees/tasks/011-add-mo
dal-accessibility-with-focus-
trap/src/services/llm.test.ts
:[2m54:23[22m[39m
    [90m 52| [39m    
[35mawait[39m [34mgenerate
DesignChatResponse[39m([32m
'Hello'[39m)[33m;[39m
    [90m 53| [39m
    [90m 54| [39m    [34me
xpect[39m(fetchMock)[33m.[
39m[34mtoHaveBeenCalledWith
[39m(
    [90m   | [39m          
            [31m^[39m
    [90m 55| [39m      [32
m'https://openrouter.ai/api/v
1/chat/completions'[39m[33m
,[39m
    [90m 56| [39m      expe
ct[33m.[39m[34mobjectConta
ining[39m({

[31m[2mΓÄ»ΓÄ»ΓÄ»ΓÄ»ΓÄ»ΓÄ»ΓÄ
»ΓÄ»ΓÄ»ΓÄ»ΓÄ»ΓÄ»ΓÄ»ΓÄ»ΓÄ»ΓÄ»Γ
Ä»ΓÄ»ΓÄ»ΓÄ»ΓÄ»ΓÄ»[19/44]ΓÄ»[
22m[39m

[41m[1m FAIL [22m[49m .au
to-claude/worktrees/tasks/011
-add-modal-accessibility-with
-focus-trap/src/services/llm.
test.ts[2m > [22mLLM 
Service Routing[2m > 
[22mshould route Image 
calls to OpenRouter with 
correct image model
[31m[1mAssertionError[22m:
 expected "vi.fn()" to be 
called with arguments: [ 
ΓÇª(2) ][90m

Received: 

[1m  1st vi.fn() call:

[22m[2m  [[22m
[32m-   "https://openrouter.
ai/api/v1/chat/completions",
[90m
[32m-   ObjectContaining 
{[90m
[32m-     "body": 
StringContaining "\"model\":\
"google/gemini-3-pro-image-pr
eview\"",[90m
[31m+   "http://localhost:30
00/api/user/api-keys",[90m
[31m+   {[90m
[31m+     "credentials": 
"include",[90m
[31m+     "headers": {[90m
[31m+       "Content-Type": 
"application/json",[90m
[31m+     },[90m
[31m+     "method": 
"GET",[90m
[2m    },[22m
[2m  ][22m

[1m  2nd vi.fn() call:

[22m[2m  [[22m
[32m-   "https://openrouter.
ai/api/v1/chat/completions",
[90m
[32m-   ObjectContaining 
{[90m
[32m-     "body": 
StringContaining "\"model\":\
"google/gemini-3-pro-image-pr
eview\"",[90m
[31m+   "http://localhost:30
00/api/ai/image/generate",[9
0m
[31m+   {[90m
[31m+     "body": 
"{\"prompt\":\"A cool banner\
",\"model\":\"google/gemini-3
-pro-image-preview\",\"provid
er\":\"openrouter\",\"aspect_
ratio\":\"16:9\"}",[90m
[31m+     "credentials": 
"include",[90m
[31m+     "headers": {[90m
[31m+       "Content-Type": 
"application/json",[90m
[31m+     },[90m
[31m+     "method": 
"POST",[90m
[2m    },[22m
[2m  ][22m
[31m[90m

Number of calls: [1m2[22m
[31m[39m
[36m [2mΓ¥»[22m .auto-clau
de/worktrees/tasks/011-add-mo
dal-accessibility-with-focus-
trap/src/services/llm.test.ts
:[2m83:23[22m[39m
    [90m 81| [39m
    [90m 82| [39m    
[90m// Should use the 
imageGen model constant[39m
    [90m 83| [39m    [34me
xpect[39m(fetchMock)[33m.[
39m[34mtoHaveBeenCalledWith
[39m(
    [90m   | [39m          
            [31m^[39m
    [90m 84| [39m      [32
m'https://openrouter.ai/api/v
1/chat/completions'[39m[33m
,[39m
    [90m 85| [39m      expe
ct[33m.[39m[34mobjectConta
ining[39m({

[31m[2mΓÄ»ΓÄ»ΓÄ»ΓÄ»ΓÄ»ΓÄ»ΓÄ
»ΓÄ»ΓÄ»ΓÄ»ΓÄ»ΓÄ»ΓÄ»ΓÄ»ΓÄ»ΓÄ»Γ
Ä»ΓÄ»ΓÄ»ΓÄ»ΓÄ»ΓÄ»[20/44]ΓÄ»[
22m[39m

[41m[1m FAIL [22m[49m .au
to-claude/worktrees/tasks/009
-add-error-rate-tracking-to-e
rror-handler/src/services/llm
.test.ts[2m > [22mLLM 
Service Routing[2m > 
[22mshould route Chat calls 
to OpenRouter when configured
[31m[1mAssertionError[22m
[39m: expected "vi.fn()" to 
be called with arguments: [ 
ΓÇª(2) ][90m

Received: 

[1m  1st vi.fn() call:

[22m[2m  [[22m
[32m-   "https://openrouter.
ai/api/v1/chat/completions",
[90m
[32m-   ObjectContaining 
{[90m
[32m-     "body": 
StringContaining "\"model\":\
"google/gemini-3-pro-preview\
"",[90m
[32m-     "headers": 
ObjectContaining {[90m
[32m-       
"Authorization": "Bearer 
sk-test-key",[90m
[32m-       "X-Title": 
"NanoBanna Pro",[90m
[31m+   "http://localhost:30
00/api/ai/chat",[90m
[31m+   {[90m
[31m+     "body": "{\"messag
es\":[{\"role\":\"system\",\"
content\":[{\"type\":\"text\"
,\"text\":\"You are 
\\\"Nano\\\", the lead 
Design Partner at Nano 
Banana Pro. You are an 
energetic, expert creative 
director specializing in 
Personal Branding and 
LinkedIn 
Optimization.\\nYour mission 
is to collaborate with the 
user to design the *perfect* 
LinkedIn Banner (1584 x 396 
px) that stops the scroll 
and drives 
engagement.\\n\\n### YOUR 
PERSONA\\n-   **Enthusiastic 
& Proactive**: Don't just 
wait for orders. Suggest 
ideas! \\\"I noticed your 
logo is blueΓÇöhow about we 
use a complementary orange 
accent to make it 
pop?\\\"\\n-   **The Expert 
Guide**: You know the 
LinkedIn algorithm and 
psychology. Explain *why* 
certain designs work.\\n-   
**Conversational**: Talk 
like a human colleague. Use 
emojis sparingly but 
effectively.\\n-   
**Probing**: You always want 
to know *more* before you 
design. Ask clarifying 
questions to get the vibe 
right.\\n\\n### YOUR DESIGN 
PROCESS (The \\\"Nano 
Method\\\")\\n\\n1.  **PHASE 
1: DISCOVERY & ANALYSIS 
(Visual Audit)**\\n    *   
**If images are uploaded**: 
IMMEDIATELY analyze them. 
Extract the color palette 
(Hex codes if possible), the 
mood (Corporate? Playful? 
Minimalist?), and any 
logos.\\n        *   \\\"I 
see you uploaded a logo with 
a strong navy and teal 
palette. Should we stick to 
those colors for 
consistency, or do you want 
a contrasting 
background?\\\"\\n    *   
**If no images**: Ask 
clarifying questions to 
narrow down the goal.\\n     
   *   \\\"What industry are 
you in? (Finance, Tech, 
Creative, 
Healthcare?)\\\"\\n        * 
  \\\"What's the #1 goal of 
your profile? (Lead Gen, Job 
Hunting, Thought 
Leadership?)\\\"\\n        * 
  \\\"Do you have a specific 
color scheme in mind, or 
should I suggest one based 
on color 
psychology?\\\"\\n\\n2.  
**PHASE 2: STRATEGIC 
SUGGESTIONS**\\n    *   Once 
you have a grasp of the 
user's needs, offer 2 
distinct design paths.\\n    
*   **The \\\"Safe Zone\\\" 
Check**: Always reassure the 
user you are thinking about 
the layout. \\\"I'll keep 
the bottom-left corner clean 
(that's the obstruction zone 
for your profile pic) and 
focus the visual weight on 
the right.\\\"\\n    *   
**Industry Strategy**:\\n    
    *   *Finance/Law*: 
Suggest Navy, Grey, Gold. 
Geometric, structured, 
\\\"Trust Signals\\\".\\n    
    *   *Tech/SaaS*: Suggest 
Blue, Neon, Gradients. 
Abstract nodes, futuristic, 
\\\"Innovation\\\".\\n       
 *   *Creative/Marketing*: 
Suggest Vibrant colors, 
artistic textures, 
\\\"Personality\\\".\\n      
  *   *Healthcare*: Suggest 
Teal, White, Soft Blue. 
Organic shapes, 
\\\"Care\\\".\\n\\n3.  
**PHASE 3: GENERATION**\\n   
 *   When the user picks a 
direction, generate the 
prompt.\\n    *   
**Format**: Prefix with 
\\\"PROMPT:\\\".\\n    *   
**Details**: Include 
\\\"1584x396px\\\", \\\"high 
resolution\\\", \\\"4k\\\", 
\\\"professional\\\". 
Specify \\\"negative space 
on the right\\\" for text 
overlay.\\n    *   
**Example**: \\\"PROMPT: A 
professional LinkedIn banner 
background, deep royal blue 
geometric pattern, subtle 3D 
depth, clean and corporate, 
1584x396, 4k, high quality, 
negative space on the right, 
abstract trust 
signals.\\\"\\n\\n### 
LINKEDIN TECHNICAL CHEAT 
SHEET\\n-   **Dimensions**: 
1584 x 396 pixels.\\n-   
**The \\\"Obstruction 
Zone\\\"**: Bottom-Left 
(approx 568x264px) is the 
\\\"Dead Zone\\\" covered by 
the profile info. KEEP IT 
CLEAR.\\n-   **Mobile 
Crop**: Mobile devices cut 
off the sides. Keep the main 
value proposition in the 
center 60%.\\n\\n### EXAMPLE 
CONVERSATION\\n**User**: 
\\\"I need a banner. I work 
in sales.\\\"\\n**Nano**: 
\\\"Sales is all about 
energy and connection! ≡ƒÜÇ 
To get this right:\\n1.  
**Aggressive & Bold**: 
Red/Black dynamic lines to 
show speed and results.\\n2. 
 **Trust-Based**: Deep blue 
with a clean architectural 
background to show 
stability.\\nWhich one feels 
more like your personal 
brand? And do you have a 
company logo I should match 
colors with?\\\"\\n**User**: 
\\\"Trust based. I like 
blue.\\\"\\n**Nano**: 
\\\"Perfect choice. Blue is 
the color of reliability. 
I'll design a professional, 
deep blue geometric 
background. I'll make sure 
the texture is subtle on the 
right side so you can add 
your contact info text 
easily. Creating it 
now...\\\"\\nPROMPT: A 
professional LinkedIn banner 
background, deep royal blue 
geometric pattern, subtle 3D 
depth, clean and corporate, 
1584x396, 4k, high quality, 
negative space on the right, 
abstract trust signals.\\n 
IMPORTANT CONSTRAINT: Do NOT 
place any text, logos, or 
important visual elements in 
the bottom-left corner area 
(coordinates 0,0 to 568,264).
\"}]},{\"role\":\"user\",\"co
ntent\":[{\"type\":\"text\",\
"text\":\"Hello\"}]}],\"model
\":\"z-ai/glm-4.7\",\"provide
r\":\"openrouter\"}",[90m
[31m+     "credentials": 
"include",[90m
[31m+     "headers": {[90m
[31m+       "Content-Type": 
"application/json",[90m
[2m      },[22m
[2m      "method": 
"POST",[22m
[2m    },[22m
[2m  ][22m
[39m[90m

Number of calls: [1m1[22m
[39m
[36m [2mΓ¥»[22m .auto-clau
de/worktrees/tasks/009-add-er
ror-rate-tracking-to-error-ha
ndler/src/services/llm.test.t
s:[2m54:23[22m[39m
    [90m 52| [39m    
[35mawait[39m [34mgenerate
DesignChatResponse[39m([32m
'Hello'[39m)[33m;[39m
    [90m 53| [39m
    [90m 54| [39m    [34me
xpect[39m(fetchMock)[33m.[
39m[34mtoHaveBeenCalledWith
[39m(
    [90m   | [39m          
            [31m^[39m
    [90m 55| [39m      [32
m'https://openrouter.ai/api/v
1/chat/completions'[39m[33m
,[39m
    [90m 56| [39m      expe
ct[33m.[39m[34mobjectConta
ining[39m({

[31m[2mΓÄ»ΓÄ»ΓÄ»ΓÄ»ΓÄ»ΓÄ»ΓÄ
»ΓÄ»ΓÄ»ΓÄ»ΓÄ»ΓÄ»ΓÄ»ΓÄ»ΓÄ»ΓÄ»Γ
Ä»ΓÄ»ΓÄ»ΓÄ»ΓÄ»ΓÄ»[21/44]ΓÄ»[
22m[39m

[41m[1m FAIL [22m[49m .au
to-claude/worktrees/tasks/009
-add-error-rate-tracking-to-e
rror-handler/src/services/llm
.test.ts[2m > [22mLLM 
Service Routing[2m > 
[22mshould route Image 
calls to OpenRouter with 
correct image model
[31m[1mAssertionError[22m:
 expected "vi.fn()" to be 
called with arguments: [ 
ΓÇª(2) ][90m

Received: 

[1m  1st vi.fn() call:

[22m[2m  [[22m
[32m-   "https://openrouter.
ai/api/v1/chat/completions",
[90m
[32m-   ObjectContaining 
{[90m
[32m-     "body": 
StringContaining "\"model\":\
"google/gemini-3-pro-image-pr
eview\"",[90m
[31m+   "http://localhost:30
00/api/user/api-keys",[90m
[31m+   {[90m
[31m+     "credentials": 
"include",[90m
[31m+     "headers": {[90m
[31m+       "Content-Type": 
"application/json",[90m
[31m+     },[90m
[31m+     "method": 
"GET",[90m
[2m    },[22m
[2m  ][22m

[1m  2nd vi.fn() call:

[22m[2m  [[22m
[32m-   "https://openrouter.
ai/api/v1/chat/completions",
[90m
[32m-   ObjectContaining 
{[90m
[32m-     "body": 
StringContaining "\"model\":\
"google/gemini-3-pro-image-pr
eview\"",[90m
[31m+   "http://localhost:30
00/api/ai/image/generate",[9
0m
[31m+   {[90m
[31m+     "body": 
"{\"prompt\":\"A cool banner\
",\"model\":\"google/gemini-3
-pro-image-preview\",\"provid
er\":\"openrouter\",\"aspect_
ratio\":\"16:9\"}",[90m
[31m+     "credentials": 
"include",[90m
[31m+     "headers": {[90m
[31m+       "Content-Type": 
"application/json",[90m
[31m+     },[90m
[31m+     "method": 
"POST",[90m
[2m    },[22m
[2m  ][22m
[31m[90m

Number of calls: [1m2[22m
[31m[39m
[36m [2mΓ¥»[22m .auto-clau
de/worktrees/tasks/009-add-er
ror-rate-tracking-to-error-ha
ndler/src/services/llm.test.t
s:[2m83:23[22m[39m
    [90m 81| [39m
    [90m 82| [39m    
[90m// Should use the 
imageGen model constant[39m
    [90m 83| [39m    [34me
xpect[39m(fetchMock)[33m.[
39m[34mtoHaveBeenCalledWith
[39m(
    [90m   | [39m          
            [31m^[39m
    [90m 84| [39m      [32
m'https://openrouter.ai/api/v
1/chat/completions'[39m[33m
,[39m
    [90m 85| [39m      expe
ct[33m.[39m[34mobjectConta
ining[39m({

[31m[2mΓÄ»ΓÄ»ΓÄ»ΓÄ»ΓÄ»ΓÄ»ΓÄ
»ΓÄ»ΓÄ»ΓÄ»ΓÄ»ΓÄ»ΓÄ»ΓÄ»ΓÄ»ΓÄ»Γ
Ä»ΓÄ»ΓÄ»ΓÄ»ΓÄ»ΓÄ»[22/44]ΓÄ»[
22m[39m

[41m[1m FAIL [22m[49m .au
to-claude/worktrees/tasks/012
-replace-bouncing-notificatio
n-with-smooth-toast/src/servi
ces/llm.test.ts[2m > 
[22mLLM Service Routing[2m 
> [22mshould route Chat 
calls to OpenRouter when 
configured
[31m[1mAssertionError[22m
[39m: expected "vi.fn()" to 
be called with arguments: [ 
ΓÇª(2) ][90m

Received: 

[1m  1st vi.fn() call:

[22m[2m  [[22m
[32m-   "https://openrouter.
ai/api/v1/chat/completions",
[90m
[32m-   ObjectContaining 
{[90m
[32m-     "body": 
StringContaining "\"model\":\
"google/gemini-3-pro-preview\
"",[90m
[32m-     "headers": 
ObjectContaining {[90m
[32m-       
"Authorization": "Bearer 
sk-test-key",[90m
[32m-       "X-Title": 
"NanoBanna Pro",[90m
[31m+   "http://localhost:30
00/api/ai/chat",[90m
[31m+   {[90m
[31m+     "body": "{\"messag
es\":[{\"role\":\"system\",\"
content\":[{\"type\":\"text\"
,\"text\":\"You are 
\\\"Nano\\\", the lead 
Design Partner at Nano 
Banana Pro. You are an 
energetic, expert creative 
director specializing in 
Personal Branding and 
LinkedIn 
Optimization.\\nYour mission 
is to collaborate with the 
user to design the *perfect* 
LinkedIn Banner (1584 x 396 
px) that stops the scroll 
and drives 
engagement.\\n\\n### YOUR 
PERSONA\\n-   **Enthusiastic 
& Proactive**: Don't just 
wait for orders. Suggest 
ideas! \\\"I noticed your 
logo is blueΓÇöhow about we 
use a complementary orange 
accent to make it 
pop?\\\"\\n-   **The Expert 
Guide**: You know the 
LinkedIn algorithm and 
psychology. Explain *why* 
certain designs work.\\n-   
**Conversational**: Talk 
like a human colleague. Use 
emojis sparingly but 
effectively.\\n-   
**Probing**: You always want 
to know *more* before you 
design. Ask clarifying 
questions to get the vibe 
right.\\n\\n### YOUR DESIGN 
PROCESS (The \\\"Nano 
Method\\\")\\n\\n1.  **PHASE 
1: DISCOVERY & ANALYSIS 
(Visual Audit)**\\n    *   
**If images are uploaded**: 
IMMEDIATELY analyze them. 
Extract the color palette 
(Hex codes if possible), the 
mood (Corporate? Playful? 
Minimalist?), and any 
logos.\\n        *   \\\"I 
see you uploaded a logo with 
a strong navy and teal 
palette. Should we stick to 
those colors for 
consistency, or do you want 
a contrasting 
background?\\\"\\n    *   
**If no images**: Ask 
clarifying questions to 
narrow down the goal.\\n     
   *   \\\"What industry are 
you in? (Finance, Tech, 
Creative, 
Healthcare?)\\\"\\n        * 
  \\\"What's the #1 goal of 
your profile? (Lead Gen, Job 
Hunting, Thought 
Leadership?)\\\"\\n        * 
  \\\"Do you have a specific 
color scheme in mind, or 
should I suggest one based 
on color 
psychology?\\\"\\n\\n2.  
**PHASE 2: STRATEGIC 
SUGGESTIONS**\\n    *   Once 
you have a grasp of the 
user's needs, offer 2 
distinct design paths.\\n    
*   **The \\\"Safe Zone\\\" 
Check**: Always reassure the 
user you are thinking about 
the layout. \\\"I'll keep 
the bottom-left corner clean 
(that's the obstruction zone 
for your profile pic) and 
focus the visual weight on 
the right.\\\"\\n    *   
**Industry Strategy**:\\n    
    *   *Finance/Law*: 
Suggest Navy, Grey, Gold. 
Geometric, structured, 
\\\"Trust Signals\\\".\\n    
    *   *Tech/SaaS*: Suggest 
Blue, Neon, Gradients. 
Abstract nodes, futuristic, 
\\\"Innovation\\\".\\n       
 *   *Creative/Marketing*: 
Suggest Vibrant colors, 
artistic textures, 
\\\"Personality\\\".\\n      
  *   *Healthcare*: Suggest 
Teal, White, Soft Blue. 
Organic shapes, 
\\\"Care\\\".\\n\\n3.  
**PHASE 3: GENERATION**\\n   
 *   When the user picks a 
direction, generate the 
prompt.\\n    *   
**Format**: Prefix with 
\\\"PROMPT:\\\".\\n    *   
**Details**: Include 
\\\"1584x396px\\\", \\\"high 
resolution\\\", \\\"4k\\\", 
\\\"professional\\\". 
Specify \\\"negative space 
on the right\\\" for text 
overlay.\\n    *   
**Example**: \\\"PROMPT: A 
professional LinkedIn banner 
background, deep royal blue 
geometric pattern, subtle 3D 
depth, clean and corporate, 
1584x396, 4k, high quality, 
negative space on the right, 
abstract trust 
signals.\\\"\\n\\n### 
LINKEDIN TECHNICAL CHEAT 
SHEET\\n-   **Dimensions**: 
1584 x 396 pixels.\\n-   
**The \\\"Obstruction 
Zone\\\"**: Bottom-Left 
(approx 568x264px) is the 
\\\"Dead Zone\\\" covered by 
the profile info. KEEP IT 
CLEAR.\\n-   **Mobile 
Crop**: Mobile devices cut 
off the sides. Keep the main 
value proposition in the 
center 60%.\\n\\n### EXAMPLE 
CONVERSATION\\n**User**: 
\\\"I need a banner. I work 
in sales.\\\"\\n**Nano**: 
\\\"Sales is all about 
energy and connection! ≡ƒÜÇ 
To get this right:\\n1.  
**Aggressive & Bold**: 
Red/Black dynamic lines to 
show speed and results.\\n2. 
 **Trust-Based**: Deep blue 
with a clean architectural 
background to show 
stability.\\nWhich one feels 
more like your personal 
brand? And do you have a 
company logo I should match 
colors with?\\\"\\n**User**: 
\\\"Trust based. I like 
blue.\\\"\\n**Nano**: 
\\\"Perfect choice. Blue is 
the color of reliability. 
I'll design a professional, 
deep blue geometric 
background. I'll make sure 
the texture is subtle on the 
right side so you can add 
your contact info text 
easily. Creating it 
now...\\\"\\nPROMPT: A 
professional LinkedIn banner 
background, deep royal blue 
geometric pattern, subtle 3D 
depth, clean and corporate, 
1584x396, 4k, high quality, 
negative space on the right, 
abstract trust signals.\\n 
IMPORTANT CONSTRAINT: Do NOT 
place any text, logos, or 
important visual elements in 
the bottom-left corner area 
(coordinates 0,0 to 568,264).
\"}]},{\"role\":\"user\",\"co
ntent\":[{\"type\":\"text\",\
"text\":\"Hello\"}]}],\"model
\":\"z-ai/glm-4.7\",\"provide
r\":\"openrouter\"}",[90m
[31m+     "credentials": 
"include",[90m
[31m+     "headers": {[90m
[31m+       "Content-Type": 
"application/json",[90m
[2m      },[22m
[2m      "method": 
"POST",[22m
[2m    },[22m
[2m  ][22m
[39m[90m

Number of calls: [1m1[22m
[39m
[36m [2mΓ¥»[22m .auto-clau
de/worktrees/tasks/012-replac
e-bouncing-notification-with-
smooth-toast/src/services/llm
.test.ts:[2m54:23[22m[39m
    [90m 52| [39m    
[35mawait[39m [34mgenerate
DesignChatResponse[39m([32m
'Hello'[39m)[33m;[39m
    [90m 53| [39m
    [90m 54| [39m    [34me
xpect[39m(fetchMock)[33m.[
39m[34mtoHaveBeenCalledWith
[39m(
    [90m   | [39m          
            [31m^[39m
    [90m 55| [39m      [32
m'https://openrouter.ai/api/v
1/chat/completions'[39m[33m
,[39m
    [90m 56| [39m      expe
ct[33m.[39m[34mobjectConta
ining[39m({

[31m[2mΓÄ»ΓÄ»ΓÄ»ΓÄ»ΓÄ»ΓÄ»ΓÄ
»ΓÄ»ΓÄ»ΓÄ»ΓÄ»ΓÄ»ΓÄ»ΓÄ»ΓÄ»ΓÄ»Γ
Ä»ΓÄ»ΓÄ»ΓÄ»ΓÄ»ΓÄ»[23/44]ΓÄ»[
22m[39m

[41m[1m FAIL [22m[49m .au
to-claude/worktrees/tasks/012
-replace-bouncing-notificatio
n-with-smooth-toast/src/servi
ces/llm.test.ts[2m > 
[22mLLM Service Routing[2m 
> [22mshould route Image 
calls to OpenRouter with 
correct image model
[31m[1mAssertionError[22m:
 expected "vi.fn()" to be 
called with arguments: [ 
ΓÇª(2) ][90m

Received: 

[1m  1st vi.fn() call:

[22m[2m  [[22m
[32m-   "https://openrouter.
ai/api/v1/chat/completions",
[90m
[32m-   ObjectContaining 
{[90m
[32m-     "body": 
StringContaining "\"model\":\
"google/gemini-3-pro-image-pr
eview\"",[90m
[31m+   "http://localhost:30
00/api/user/api-keys",[90m
[31m+   {[90m
[31m+     "credentials": 
"include",[90m
[31m+     "headers": {[90m
[31m+       "Content-Type": 
"application/json",[90m
[31m+     },[90m
[31m+     "method": 
"GET",[90m
[2m    },[22m
[2m  ][22m

[1m  2nd vi.fn() call:

[22m[2m  [[22m
[32m-   "https://openrouter.
ai/api/v1/chat/completions",
[90m
[32m-   ObjectContaining 
{[90m
[32m-     "body": 
StringContaining "\"model\":\
"google/gemini-3-pro-image-pr
eview\"",[90m
[31m+   "http://localhost:30
00/api/ai/image/generate",[9
0m
[31m+   {[90m
[31m+     "body": 
"{\"prompt\":\"A cool banner\
",\"model\":\"google/gemini-3
-pro-image-preview\",\"provid
er\":\"openrouter\",\"aspect_
ratio\":\"16:9\"}",[90m
[31m+     "credentials": 
"include",[90m
[31m+     "headers": {[90m
[31m+       "Content-Type": 
"application/json",[90m
[31m+     },[90m
[31m+     "method": 
"POST",[90m
[2m    },[22m
[2m  ][22m
[31m[90m

Number of calls: [1m2[22m
[31m[39m
[36m [2mΓ¥»[22m .auto-clau
de/worktrees/tasks/012-replac
e-bouncing-notification-with-
smooth-toast/src/services/llm
.test.ts:[2m83:23[22m[39m
    [90m 81| [39m
    [90m 82| [39m    
[90m// Should use the 
imageGen model constant[39m
    [90m 83| [39m    [34me
xpect[39m(fetchMock)[33m.[
39m[34mtoHaveBeenCalledWith
[39m(
    [90m   | [39m          
            [31m^[39m
    [90m 84| [39m      [32
m'https://openrouter.ai/api/v
1/chat/completions'[39m[33m
,[39m
    [90m 85| [39m      expe
ct[33m.[39m[34mobjectConta
ining[39m({

[31m[2mΓÄ»ΓÄ»ΓÄ»ΓÄ»ΓÄ»ΓÄ»ΓÄ
»ΓÄ»ΓÄ»ΓÄ»ΓÄ»ΓÄ»ΓÄ»ΓÄ»ΓÄ»ΓÄ»Γ
Ä»ΓÄ»ΓÄ»ΓÄ»ΓÄ»ΓÄ»[24/44]ΓÄ»[
22m[39m

[41m[1m FAIL [22m[49m .au
to-claude/worktrees/tasks/013
-add-keyboard-navigation-to-p
rofile-dropdown-menu/src/serv
ices/llm.test.ts[2m > 
[22mLLM Service Routing[2m 
> [22mshould route Chat 
calls to OpenRouter when 
configured
[31m[1mAssertionError[22m
[39m: expected "vi.fn()" to 
be called with arguments: [ 
ΓÇª(2) ][90m

Received: 

[1m  1st vi.fn() call:

[22m[2m  [[22m
[32m-   "https://openrouter.
ai/api/v1/chat/completions",
[90m
[32m-   ObjectContaining 
{[90m
[32m-     "body": 
StringContaining "\"model\":\
"google/gemini-3-pro-preview\
"",[90m
[32m-     "headers": 
ObjectContaining {[90m
[32m-       
"Authorization": "Bearer 
sk-test-key",[90m
[32m-       "X-Title": 
"NanoBanna Pro",[90m
[31m+   "http://localhost:30
00/api/ai/chat",[90m
[31m+   {[90m
[31m+     "body": "{\"messag
es\":[{\"role\":\"system\",\"
content\":[{\"type\":\"text\"
,\"text\":\"You are 
\\\"Nano\\\", the lead 
Design Partner at Nano 
Banana Pro. You are an 
energetic, expert creative 
director specializing in 
Personal Branding and 
LinkedIn 
Optimization.\\nYour mission 
is to collaborate with the 
user to design the *perfect* 
LinkedIn Banner (1584 x 396 
px) that stops the scroll 
and drives 
engagement.\\n\\n### YOUR 
PERSONA\\n-   **Enthusiastic 
& Proactive**: Don't just 
wait for orders. Suggest 
ideas! \\\"I noticed your 
logo is blueΓÇöhow about we 
use a complementary orange 
accent to make it 
pop?\\\"\\n-   **The Expert 
Guide**: You know the 
LinkedIn algorithm and 
psychology. Explain *why* 
certain designs work.\\n-   
**Conversational**: Talk 
like a human colleague. Use 
emojis sparingly but 
effectively.\\n-   
**Probing**: You always want 
to know *more* before you 
design. Ask clarifying 
questions to get the vibe 
right.\\n\\n### YOUR DESIGN 
PROCESS (The \\\"Nano 
Method\\\")\\n\\n1.  **PHASE 
1: DISCOVERY & ANALYSIS 
(Visual Audit)**\\n    *   
**If images are uploaded**: 
IMMEDIATELY analyze them. 
Extract the color palette 
(Hex codes if possible), the 
mood (Corporate? Playful? 
Minimalist?), and any 
logos.\\n        *   \\\"I 
see you uploaded a logo with 
a strong navy and teal 
palette. Should we stick to 
those colors for 
consistency, or do you want 
a contrasting 
background?\\\"\\n    *   
**If no images**: Ask 
clarifying questions to 
narrow down the goal.\\n     
   *   \\\"What industry are 
you in? (Finance, Tech, 
Creative, 
Healthcare?)\\\"\\n        * 
  \\\"What's the #1 goal of 
your profile? (Lead Gen, Job 
Hunting, Thought 
Leadership?)\\\"\\n        * 
  \\\"Do you have a specific 
color scheme in mind, or 
should I suggest one based 
on color 
psychology?\\\"\\n\\n2.  
**PHASE 2: STRATEGIC 
SUGGESTIONS**\\n    *   Once 
you have a grasp of the 
user's needs, offer 2 
distinct design paths.\\n    
*   **The \\\"Safe Zone\\\" 
Check**: Always reassure the 
user you are thinking about 
the layout. \\\"I'll keep 
the bottom-left corner clean 
(that's the obstruction zone 
for your profile pic) and 
focus the visual weight on 
the right.\\\"\\n    *   
**Industry Strategy**:\\n    
    *   *Finance/Law*: 
Suggest Navy, Grey, Gold. 
Geometric, structured, 
\\\"Trust Signals\\\".\\n    
    *   *Tech/SaaS*: Suggest 
Blue, Neon, Gradients. 
Abstract nodes, futuristic, 
\\\"Innovation\\\".\\n       
 *   *Creative/Marketing*: 
Suggest Vibrant colors, 
artistic textures, 
\\\"Personality\\\".\\n      
  *   *Healthcare*: Suggest 
Teal, White, Soft Blue. 
Organic shapes, 
\\\"Care\\\".\\n\\n3.  
**PHASE 3: GENERATION**\\n   
 *   When the user picks a 
direction, generate the 
prompt.\\n    *   
**Format**: Prefix with 
\\\"PROMPT:\\\".\\n    *   
**Details**: Include 
\\\"1584x396px\\\", \\\"high 
resolution\\\", \\\"4k\\\", 
\\\"professional\\\". 
Specify \\\"negative space 
on the right\\\" for text 
overlay.\\n    *   
**Example**: \\\"PROMPT: A 
professional LinkedIn banner 
background, deep royal blue 
geometric pattern, subtle 3D 
depth, clean and corporate, 
1584x396, 4k, high quality, 
negative space on the right, 
abstract trust 
signals.\\\"\\n\\n### 
LINKEDIN TECHNICAL CHEAT 
SHEET\\n-   **Dimensions**: 
1584 x 396 pixels.\\n-   
**The \\\"Obstruction 
Zone\\\"**: Bottom-Left 
(approx 568x264px) is the 
\\\"Dead Zone\\\" covered by 
the profile info. KEEP IT 
CLEAR.\\n-   **Mobile 
Crop**: Mobile devices cut 
off the sides. Keep the main 
value proposition in the 
center 60%.\\n\\n### EXAMPLE 
CONVERSATION\\n**User**: 
\\\"I need a banner. I work 
in sales.\\\"\\n**Nano**: 
\\\"Sales is all about 
energy and connection! ≡ƒÜÇ 
To get this right:\\n1.  
**Aggressive & Bold**: 
Red/Black dynamic lines to 
show speed and results.\\n2. 
 **Trust-Based**: Deep blue 
with a clean architectural 
background to show 
stability.\\nWhich one feels 
more like your personal 
brand? And do you have a 
company logo I should match 
colors with?\\\"\\n**User**: 
\\\"Trust based. I like 
blue.\\\"\\n**Nano**: 
\\\"Perfect choice. Blue is 
the color of reliability. 
I'll design a professional, 
deep blue geometric 
background. I'll make sure 
the texture is subtle on the 
right side so you can add 
your contact info text 
easily. Creating it 
now...\\\"\\nPROMPT: A 
professional LinkedIn banner 
background, deep royal blue 
geometric pattern, subtle 3D 
depth, clean and corporate, 
1584x396, 4k, high quality, 
negative space on the right, 
abstract trust signals.\\n 
IMPORTANT CONSTRAINT: Do NOT 
place any text, logos, or 
important visual elements in 
the bottom-left corner area 
(coordinates 0,0 to 568,264).
\"}]},{\"role\":\"user\",\"co
ntent\":[{\"type\":\"text\",\
"text\":\"Hello\"}]}],\"model
\":\"z-ai/glm-4.7\",\"provide
r\":\"openrouter\"}",[90m
[31m+     "credentials": 
"include",[90m
[31m+     "headers": {[90m
[31m+       "Content-Type": 
"application/json",[90m
[2m      },[22m
[2m      "method": 
"POST",[22m
[2m    },[22m
[2m  ][22m
[39m[90m

Number of calls: [1m1[22m
[39m
[36m [2mΓ¥»[22m .auto-clau
de/worktrees/tasks/013-add-ke
yboard-navigation-to-profile-
dropdown-menu/src/services/ll
m.test.ts:[2m54:23[22m[39m
    [90m 52| [39m    
[35mawait[39m [34mgenerate
DesignChatResponse[39m([32m
'Hello'[39m)[33m;[39m
    [90m 53| [39m
    [90m 54| [39m    [34me
xpect[39m(fetchMock)[33m.[
39m[34mtoHaveBeenCalledWith
[39m(
    [90m   | [39m          
            [31m^[39m
    [90m 55| [39m      [32
m'https://openrouter.ai/api/v
1/chat/completions'[39m[33m
,[39m
    [90m 56| [39m      expe
ct[33m.[39m[34mobjectConta
ining[39m({

[31m[2mΓÄ»ΓÄ»ΓÄ»ΓÄ»ΓÄ»ΓÄ»ΓÄ
»ΓÄ»ΓÄ»ΓÄ»ΓÄ»ΓÄ»ΓÄ»ΓÄ»ΓÄ»ΓÄ»Γ
Ä»ΓÄ»ΓÄ»ΓÄ»ΓÄ»ΓÄ»[25/44]ΓÄ»[
22m[39m

[41m[1m FAIL [22m[49m .au
to-claude/worktrees/tasks/013
-add-keyboard-navigation-to-p
rofile-dropdown-menu/src/serv
ices/llm.test.ts[2m > 
[22mLLM Service Routing[2m 
> [22mshould route Image 
calls to OpenRouter with 
correct image model
[31m[1mAssertionError[22m:
 expected "vi.fn()" to be 
called with arguments: [ 
ΓÇª(2) ][90m

Received: 

[1m  1st vi.fn() call:

[22m[2m  [[22m
[32m-   "https://openrouter.
ai/api/v1/chat/completions",
[90m
[32m-   ObjectContaining 
{[90m
[32m-     "body": 
StringContaining "\"model\":\
"google/gemini-3-pro-image-pr
eview\"",[90m
[31m+   "http://localhost:30
00/api/user/api-keys",[90m
[31m+   {[90m
[31m+     "credentials": 
"include",[90m
[31m+     "headers": {[90m
[31m+       "Content-Type": 
"application/json",[90m
[31m+     },[90m
[31m+     "method": 
"GET",[90m
[2m    },[22m
[2m  ][22m

[1m  2nd vi.fn() call:

[22m[2m  [[22m
[32m-   "https://openrouter.
ai/api/v1/chat/completions",
[90m
[32m-   ObjectContaining 
{[90m
[32m-     "body": 
StringContaining "\"model\":\
"google/gemini-3-pro-image-pr
eview\"",[90m
[31m+   "http://localhost:30
00/api/ai/image/generate",[9
0m
[31m+   {[90m
[31m+     "body": 
"{\"prompt\":\"A cool banner\
",\"model\":\"google/gemini-3
-pro-image-preview\",\"provid
er\":\"openrouter\",\"aspect_
ratio\":\"16:9\"}",[90m
[31m+     "credentials": 
"include",[90m
[31m+     "headers": {[90m
[31m+       "Content-Type": 
"application/json",[90m
[31m+     },[90m
[31m+     "method": 
"POST",[90m
[2m    },[22m
[2m  ][22m
[31m[90m

Number of calls: [1m2[22m
[31m[39m
[36m [2mΓ¥»[22m .auto-clau
de/worktrees/tasks/013-add-ke
yboard-navigation-to-profile-
dropdown-menu/src/services/ll
m.test.ts:[2m83:23[22m[39m
    [90m 81| [39m
    [90m 82| [39m    
[90m// Should use the 
imageGen model constant[39m
    [90m 83| [39m    [34me
xpect[39m(fetchMock)[33m.[
39m[34mtoHaveBeenCalledWith
[39m(
    [90m   | [39m          
            [31m^[39m
    [90m 84| [39m      [32
m'https://openrouter.ai/api/v
1/chat/completions'[39m[33m
,[39m
    [90m 85| [39m      expe
ct[33m.[39m[34mobjectConta
ining[39m({

[31m[2mΓÄ»ΓÄ»ΓÄ»ΓÄ»ΓÄ»ΓÄ»ΓÄ
»ΓÄ»ΓÄ»ΓÄ»ΓÄ»ΓÄ»ΓÄ»ΓÄ»ΓÄ»ΓÄ»Γ
Ä»ΓÄ»ΓÄ»ΓÄ»ΓÄ»ΓÄ»[26/44]ΓÄ»[
22m[39m

[41m[1m FAIL [22m[49m .au
to-claude/worktrees/tasks/015
-improve-voice-agent-connecti
on-feedback/src/services/llm.
test.ts[2m > [22mLLM 
Service Routing[2m > 
[22mshould route Chat calls 
to OpenRouter when configured
[31m[1mAssertionError[22m
[39m: expected "vi.fn()" to 
be called with arguments: [ 
ΓÇª(2) ][90m

Received: 

[1m  1st vi.fn() call:

[22m[2m  [[22m
[32m-   "https://openrouter.
ai/api/v1/chat/completions",
[90m
[32m-   ObjectContaining 
{[90m
[32m-     "body": 
StringContaining "\"model\":\
"google/gemini-3-pro-preview\
"",[90m
[32m-     "headers": 
ObjectContaining {[90m
[32m-       
"Authorization": "Bearer 
sk-test-key",[90m
[32m-       "X-Title": 
"NanoBanna Pro",[90m
[31m+   "http://localhost:30
00/api/ai/chat",[90m
[31m+   {[90m
[31m+     "body": "{\"messag
es\":[{\"role\":\"system\",\"
content\":[{\"type\":\"text\"
,\"text\":\"You are 
\\\"Nano\\\", the lead 
Design Partner at Nano 
Banana Pro. You are an 
energetic, expert creative 
director specializing in 
Personal Branding and 
LinkedIn 
Optimization.\\nYour mission 
is to collaborate with the 
user to design the *perfect* 
LinkedIn Banner (1584 x 396 
px) that stops the scroll 
and drives 
engagement.\\n\\n### YOUR 
PERSONA\\n-   **Enthusiastic 
& Proactive**: Don't just 
wait for orders. Suggest 
ideas! \\\"I noticed your 
logo is blueΓÇöhow about we 
use a complementary orange 
accent to make it 
pop?\\\"\\n-   **The Expert 
Guide**: You know the 
LinkedIn algorithm and 
psychology. Explain *why* 
certain designs work.\\n-   
**Conversational**: Talk 
like a human colleague. Use 
emojis sparingly but 
effectively.\\n-   
**Probing**: You always want 
to know *more* before you 
design. Ask clarifying 
questions to get the vibe 
right.\\n\\n### YOUR DESIGN 
PROCESS (The \\\"Nano 
Method\\\")\\n\\n1.  **PHASE 
1: DISCOVERY & ANALYSIS 
(Visual Audit)**\\n    *   
**If images are uploaded**: 
IMMEDIATELY analyze them. 
Extract the color palette 
(Hex codes if possible), the 
mood (Corporate? Playful? 
Minimalist?), and any 
logos.\\n        *   \\\"I 
see you uploaded a logo with 
a strong navy and teal 
palette. Should we stick to 
those colors for 
consistency, or do you want 
a contrasting 
background?\\\"\\n    *   
**If no images**: Ask 
clarifying questions to 
narrow down the goal.\\n     
   *   \\\"What industry are 
you in? (Finance, Tech, 
Creative, 
Healthcare?)\\\"\\n        * 
  \\\"What's the #1 goal of 
your profile? (Lead Gen, Job 
Hunting, Thought 
Leadership?)\\\"\\n        * 
  \\\"Do you have a specific 
color scheme in mind, or 
should I suggest one based 
on color 
psychology?\\\"\\n\\n2.  
**PHASE 2: STRATEGIC 
SUGGESTIONS**\\n    *   Once 
you have a grasp of the 
user's needs, offer 2 
distinct design paths.\\n    
*   **The \\\"Safe Zone\\\" 
Check**: Always reassure the 
user you are thinking about 
the layout. \\\"I'll keep 
the bottom-left corner clean 
(that's the obstruction zone 
for your profile pic) and 
focus the visual weight on 
the right.\\\"\\n    *   
**Industry Strategy**:\\n    
    *   *Finance/Law*: 
Suggest Navy, Grey, Gold. 
Geometric, structured, 
\\\"Trust Signals\\\".\\n    
    *   *Tech/SaaS*: Suggest 
Blue, Neon, Gradients. 
Abstract nodes, futuristic, 
\\\"Innovation\\\".\\n       
 *   *Creative/Marketing*: 
Suggest Vibrant colors, 
artistic textures, 
\\\"Personality\\\".\\n      
  *   *Healthcare*: Suggest 
Teal, White, Soft Blue. 
Organic shapes, 
\\\"Care\\\".\\n\\n3.  
**PHASE 3: GENERATION**\\n   
 *   When the user picks a 
direction, generate the 
prompt.\\n    *   
**Format**: Prefix with 
\\\"PROMPT:\\\".\\n    *   
**Details**: Include 
\\\"1584x396px\\\", \\\"high 
resolution\\\", \\\"4k\\\", 
\\\"professional\\\". 
Specify \\\"negative space 
on the right\\\" for text 
overlay.\\n    *   
**Example**: \\\"PROMPT: A 
professional LinkedIn banner 
background, deep royal blue 
geometric pattern, subtle 3D 
depth, clean and corporate, 
1584x396, 4k, high quality, 
negative space on the right, 
abstract trust 
signals.\\\"\\n\\n### 
LINKEDIN TECHNICAL CHEAT 
SHEET\\n-   **Dimensions**: 
1584 x 396 pixels.\\n-   
**The \\\"Obstruction 
Zone\\\"**: Bottom-Left 
(approx 568x264px) is the 
\\\"Dead Zone\\\" covered by 
the profile info. KEEP IT 
CLEAR.\\n-   **Mobile 
Crop**: Mobile devices cut 
off the sides. Keep the main 
value proposition in the 
center 60%.\\n\\n### EXAMPLE 
CONVERSATION\\n**User**: 
\\\"I need a banner. I work 
in sales.\\\"\\n**Nano**: 
\\\"Sales is all about 
energy and connection! ≡ƒÜÇ 
To get this right:\\n1.  
**Aggressive & Bold**: 
Red/Black dynamic lines to 
show speed and results.\\n2. 
 **Trust-Based**: Deep blue 
with a clean architectural 
background to show 
stability.\\nWhich one feels 
more like your personal 
brand? And do you have a 
company logo I should match 
colors with?\\\"\\n**User**: 
\\\"Trust based. I like 
blue.\\\"\\n**Nano**: 
\\\"Perfect choice. Blue is 
the color of reliability. 
I'll design a professional, 
deep blue geometric 
background. I'll make sure 
the texture is subtle on the 
right side so you can add 
your contact info text 
easily. Creating it 
now...\\\"\\nPROMPT: A 
professional LinkedIn banner 
background, deep royal blue 
geometric pattern, subtle 3D 
depth, clean and corporate, 
1584x396, 4k, high quality, 
negative space on the right, 
abstract trust signals.\\n 
IMPORTANT CONSTRAINT: Do NOT 
place any text, logos, or 
important visual elements in 
the bottom-left corner area 
(coordinates 0,0 to 568,264).
\"}]},{\"role\":\"user\",\"co
ntent\":[{\"type\":\"text\",\
"text\":\"Hello\"}]}],\"model
\":\"z-ai/glm-4.7\",\"provide
r\":\"openrouter\"}",[90m
[31m+     "credentials": 
"include",[90m
[31m+     "headers": {[90m
[31m+       "Content-Type": 
"application/json",[90m
[2m      },[22m
[2m      "method": 
"POST",[22m
[2m    },[22m
[2m  ][22m
[39m[90m

Number of calls: [1m1[22m
[39m
[36m [2mΓ¥»[22m .auto-clau
de/worktrees/tasks/015-improv
e-voice-agent-connection-feed
back/src/services/llm.test.ts
:[2m54:23[22m[39m
    [90m 52| [39m    
[35mawait[39m [34mgenerate
DesignChatResponse[39m([32m
'Hello'[39m)[33m;[39m
    [90m 53| [39m
    [90m 54| [39m    [34me
xpect[39m(fetchMock)[33m.[
39m[34mtoHaveBeenCalledWith
[39m(
    [90m   | [39m          
            [31m^[39m
    [90m 55| [39m      [32
m'https://openrouter.ai/api/v
1/chat/completions'[39m[33m
,[39m
    [90m 56| [39m      expe
ct[33m.[39m[34mobjectConta
ining[39m({

[31m[2mΓÄ»ΓÄ»ΓÄ»ΓÄ»ΓÄ»ΓÄ»ΓÄ
»ΓÄ»ΓÄ»ΓÄ»ΓÄ»ΓÄ»ΓÄ»ΓÄ»ΓÄ»ΓÄ»Γ
Ä»ΓÄ»ΓÄ»ΓÄ»ΓÄ»ΓÄ»[27/44]ΓÄ»[
22m[39m

[41m[1m FAIL [22m[49m .au
to-claude/worktrees/tasks/015
-improve-voice-agent-connecti
on-feedback/src/services/llm.
test.ts[2m > [22mLLM 
Service Routing[2m > 
[22mshould route Image 
calls to OpenRouter with 
correct image model
[31m[1mAssertionError[22m:
 expected "vi.fn()" to be 
called with arguments: [ 
ΓÇª(2) ][90m

Received: 

[1m  1st vi.fn() call:

[22m[2m  [[22m
[32m-   "https://openrouter.
ai/api/v1/chat/completions",
[90m
[32m-   ObjectContaining 
{[90m
[32m-     "body": 
StringContaining "\"model\":\
"google/gemini-3-pro-image-pr
eview\"",[90m
[31m+   "http://localhost:30
00/api/user/api-keys",[90m
[31m+   {[90m
[31m+     "credentials": 
"include",[90m
[31m+     "headers": {[90m
[31m+       "Content-Type": 
"application/json",[90m
[31m+     },[90m
[31m+     "method": 
"GET",[90m
[2m    },[22m
[2m  ][22m

[1m  2nd vi.fn() call:

[22m[2m  [[22m
[32m-   "https://openrouter.
ai/api/v1/chat/completions",
[90m
[32m-   ObjectContaining 
{[90m
[32m-     "body": 
StringContaining "\"model\":\
"google/gemini-3-pro-image-pr
eview\"",[90m
[31m+   "http://localhost:30
00/api/ai/image/generate",[9
0m
[31m+   {[90m
[31m+     "body": 
"{\"prompt\":\"A cool banner\
",\"model\":\"google/gemini-3
-pro-image-preview\",\"provid
er\":\"openrouter\",\"aspect_
ratio\":\"16:9\"}",[90m
[31m+     "credentials": 
"include",[90m
[31m+     "headers": {[90m
[31m+       "Content-Type": 
"application/json",[90m
[31m+     },[90m
[31m+     "method": 
"POST",[90m
[2m    },[22m
[2m  ][22m
[31m[90m

Number of calls: [1m2[22m
[31m[39m
[36m [2mΓ¥»[22m .auto-clau
de/worktrees/tasks/015-improv
e-voice-agent-connection-feed
back/src/services/llm.test.ts
:[2m83:23[22m[39m
    [90m 81| [39m
    [90m 82| [39m    
[90m// Should use the 
imageGen model constant[39m
    [90m 83| [39m    [34me
xpect[39m(fetchMock)[33m.[
39m[34mtoHaveBeenCalledWith
[39m(
    [90m   | [39m          
            [31m^[39m
    [90m 84| [39m      [32
m'https://openrouter.ai/api/v
1/chat/completions'[39m[33m
,[39m
    [90m 85| [39m      expe
ct[33m.[39m[34mobjectConta
ining[39m({

[31m[2mΓÄ»ΓÄ»ΓÄ»ΓÄ»ΓÄ»ΓÄ»ΓÄ
»ΓÄ»ΓÄ»ΓÄ»ΓÄ»ΓÄ»ΓÄ»ΓÄ»ΓÄ»ΓÄ»Γ
Ä»ΓÄ»ΓÄ»ΓÄ»ΓÄ»ΓÄ»[28/44]ΓÄ»[
22m[39m

[41m[1m FAIL [22m[49m .au
to-claude/worktrees/tasks/016
-upgrade-vulnerable-npm-depen
dencies-with-known-cve/src/se
rvices/llm.test.ts[2m > 
[22mLLM Service Routing[2m 
> [22mshould route Chat 
calls to OpenRouter when 
configured
[31m[1mAssertionError[22m
[39m: expected "vi.fn()" to 
be called with arguments: [ 
ΓÇª(2) ][90m

Received: 

[1m  1st vi.fn() call:

[22m[2m  [[22m
[32m-   "https://openrouter.
ai/api/v1/chat/completions",
[90m
[32m-   ObjectContaining 
{[90m
[32m-     "body": 
StringContaining "\"model\":\
"google/gemini-3-pro-preview\
"",[90m
[32m-     "headers": 
ObjectContaining {[90m
[32m-       
"Authorization": "Bearer 
sk-test-key",[90m
[32m-       "X-Title": 
"NanoBanna Pro",[90m
[31m+   "http://localhost:30
00/api/ai/chat",[90m
[31m+   {[90m
[31m+     "body": "{\"messag
es\":[{\"role\":\"system\",\"
content\":[{\"type\":\"text\"
,\"text\":\"You are 
\\\"Nano\\\", the lead 
Design Partner at Nano 
Banana Pro. You are an 
energetic, expert creative 
director specializing in 
Personal Branding and 
LinkedIn 
Optimization.\\nYour mission 
is to collaborate with the 
user to design the *perfect* 
LinkedIn Banner (1584 x 396 
px) that stops the scroll 
and drives 
engagement.\\n\\n### YOUR 
PERSONA\\n-   **Enthusiastic 
& Proactive**: Don't just 
wait for orders. Suggest 
ideas! \\\"I noticed your 
logo is blueΓÇöhow about we 
use a complementary orange 
accent to make it 
pop?\\\"\\n-   **The Expert 
Guide**: You know the 
LinkedIn algorithm and 
psychology. Explain *why* 
certain designs work.\\n-   
**Conversational**: Talk 
like a human colleague. Use 
emojis sparingly but 
effectively.\\n-   
**Probing**: You always want 
to know *more* before you 
design. Ask clarifying 
questions to get the vibe 
right.\\n\\n### YOUR DESIGN 
PROCESS (The \\\"Nano 
Method\\\")\\n\\n1.  **PHASE 
1: DISCOVERY & ANALYSIS 
(Visual Audit)**\\n    *   
**If images are uploaded**: 
IMMEDIATELY analyze them. 
Extract the color palette 
(Hex codes if possible), the 
mood (Corporate? Playful? 
Minimalist?), and any 
logos.\\n        *   \\\"I 
see you uploaded a logo with 
a strong navy and teal 
palette. Should we stick to 
those colors for 
consistency, or do you want 
a contrasting 
background?\\\"\\n    *   
**If no images**: Ask 
clarifying questions to 
narrow down the goal.\\n     
   *   \\\"What industry are 
you in? (Finance, Tech, 
Creative, 
Healthcare?)\\\"\\n        * 
  \\\"What's the #1 goal of 
your profile? (Lead Gen, Job 
Hunting, Thought 
Leadership?)\\\"\\n        * 
  \\\"Do you have a specific 
color scheme in mind, or 
should I suggest one based 
on color 
psychology?\\\"\\n\\n2.  
**PHASE 2: STRATEGIC 
SUGGESTIONS**\\n    *   Once 
you have a grasp of the 
user's needs, offer 2 
distinct design paths.\\n    
*   **The \\\"Safe Zone\\\" 
Check**: Always reassure the 
user you are thinking about 
the layout. \\\"I'll keep 
the bottom-left corner clean 
(that's the obstruction zone 
for your profile pic) and 
focus the visual weight on 
the right.\\\"\\n    *   
**Industry Strategy**:\\n    
    *   *Finance/Law*: 
Suggest Navy, Grey, Gold. 
Geometric, structured, 
\\\"Trust Signals\\\".\\n    
    *   *Tech/SaaS*: Suggest 
Blue, Neon, Gradients. 
Abstract nodes, futuristic, 
\\\"Innovation\\\".\\n       
 *   *Creative/Marketing*: 
Suggest Vibrant colors, 
artistic textures, 
\\\"Personality\\\".\\n      
  *   *Healthcare*: Suggest 
Teal, White, Soft Blue. 
Organic shapes, 
\\\"Care\\\".\\n\\n3.  
**PHASE 3: GENERATION**\\n   
 *   When the user picks a 
direction, generate the 
prompt.\\n    *   
**Format**: Prefix with 
\\\"PROMPT:\\\".\\n    *   
**Details**: Include 
\\\"1584x396px\\\", \\\"high 
resolution\\\", \\\"4k\\\", 
\\\"professional\\\". 
Specify \\\"negative space 
on the right\\\" for text 
overlay.\\n    *   
**Example**: \\\"PROMPT: A 
professional LinkedIn banner 
background, deep royal blue 
geometric pattern, subtle 3D 
depth, clean and corporate, 
1584x396, 4k, high quality, 
negative space on the right, 
abstract trust 
signals.\\\"\\n\\n### 
LINKEDIN TECHNICAL CHEAT 
SHEET\\n-   **Dimensions**: 
1584 x 396 pixels.\\n-   
**The \\\"Obstruction 
Zone\\\"**: Bottom-Left 
(approx 568x264px) is the 
\\\"Dead Zone\\\" covered by 
the profile info. KEEP IT 
CLEAR.\\n-   **Mobile 
Crop**: Mobile devices cut 
off the sides. Keep the main 
value proposition in the 
center 60%.\\n\\n### EXAMPLE 
CONVERSATION\\n**User**: 
\\\"I need a banner. I work 
in sales.\\\"\\n**Nano**: 
\\\"Sales is all about 
energy and connection! ≡ƒÜÇ 
To get this right:\\n1.  
**Aggressive & Bold**: 
Red/Black dynamic lines to 
show speed and results.\\n2. 
 **Trust-Based**: Deep blue 
with a clean architectural 
background to show 
stability.\\nWhich one feels 
more like your personal 
brand? And do you have a 
company logo I should match 
colors with?\\\"\\n**User**: 
\\\"Trust based. I like 
blue.\\\"\\n**Nano**: 
\\\"Perfect choice. Blue is 
the color of reliability. 
I'll design a professional, 
deep blue geometric 
background. I'll make sure 
the texture is subtle on the 
right side so you can add 
your contact info text 
easily. Creating it 
now...\\\"\\nPROMPT: A 
professional LinkedIn banner 
background, deep royal blue 
geometric pattern, subtle 3D 
depth, clean and corporate, 
1584x396, 4k, high quality, 
negative space on the right, 
abstract trust signals.\\n 
IMPORTANT CONSTRAINT: Do NOT 
place any text, logos, or 
important visual elements in 
the bottom-left corner area 
(coordinates 0,0 to 568,264).
\"}]},{\"role\":\"user\",\"co
ntent\":[{\"type\":\"text\",\
"text\":\"Hello\"}]}],\"model
\":\"z-ai/glm-4.7\",\"provide
r\":\"openrouter\"}",[90m
[31m+     "credentials": 
"include",[90m
[31m+     "headers": {[90m
[31m+       "Content-Type": 
"application/json",[90m
[2m      },[22m
[2m      "method": 
"POST",[22m
[2m    },[22m
[2m  ][22m
[39m[90m

Number of calls: [1m1[22m
[39m
[36m [2mΓ¥»[22m .auto-clau
de/worktrees/tasks/016-upgrad
e-vulnerable-npm-dependencies
-with-known-cve/src/services/
llm.test.ts:[2m54:23[22m[3
9m
    [90m 52| [39m    
[35mawait[39m [34mgenerate
DesignChatResponse[39m([32m
'Hello'[39m)[33m;[39m
    [90m 53| [39m
    [90m 54| [39m    [34me
xpect[39m(fetchMock)[33m.[
39m[34mtoHaveBeenCalledWith
[39m(
    [90m   | [39m          
            [31m^[39m
    [90m 55| [39m      [32
m'https://openrouter.ai/api/v
1/chat/completions'[39m[33m
,[39m
    [90m 56| [39m      expe
ct[33m.[39m[34mobjectConta
ining[39m({

[31m[2mΓÄ»ΓÄ»ΓÄ»ΓÄ»ΓÄ»ΓÄ»ΓÄ
»ΓÄ»ΓÄ»ΓÄ»ΓÄ»ΓÄ»ΓÄ»ΓÄ»ΓÄ»ΓÄ»Γ
Ä»ΓÄ»ΓÄ»ΓÄ»ΓÄ»ΓÄ»[29/44]ΓÄ»[
22m[39m

[41m[1m FAIL [22m[49m .au
to-claude/worktrees/tasks/016
-upgrade-vulnerable-npm-depen
dencies-with-known-cve/src/se
rvices/llm.test.ts[2m > 
[22mLLM Service Routing[2m 
> [22mshould route Image 
calls to OpenRouter with 
correct image model
[31m[1mAssertionError[22m:
 expected "vi.fn()" to be 
called with arguments: [ 
ΓÇª(2) ][90m

Received: 

[1m  1st vi.fn() call:

[22m[2m  [[22m
[32m-   "https://openrouter.
ai/api/v1/chat/completions",
[90m
[32m-   ObjectContaining 
{[90m
[32m-     "body": 
StringContaining "\"model\":\
"google/gemini-3-pro-image-pr
eview\"",[90m
[31m+   "http://localhost:30
00/api/user/api-keys",[90m
[31m+   {[90m
[31m+     "credentials": 
"include",[90m
[31m+     "headers": {[90m
[31m+       "Content-Type": 
"application/json",[90m
[31m+     },[90m
[31m+     "method": 
"GET",[90m
[2m    },[22m
[2m  ][22m

[1m  2nd vi.fn() call:

[22m[2m  [[22m
[32m-   "https://openrouter.
ai/api/v1/chat/completions",
[90m
[32m-   ObjectContaining 
{[90m
[32m-     "body": 
StringContaining "\"model\":\
"google/gemini-3-pro-image-pr
eview\"",[90m
[31m+   "http://localhost:30
00/api/ai/image/generate",[9
0m
[31m+   {[90m
[31m+     "body": 
"{\"prompt\":\"A cool banner\
",\"model\":\"google/gemini-3
-pro-image-preview\",\"provid
er\":\"openrouter\",\"aspect_
ratio\":\"16:9\"}",[90m
[31m+     "credentials": 
"include",[90m
[31m+     "headers": {[90m
[31m+       "Content-Type": 
"application/json",[90m
[31m+     },[90m
[31m+     "method": 
"POST",[90m
[2m    },[22m
[2m  ][22m
[31m[90m

Number of calls: [1m2[22m
[31m[39m
[36m [2mΓ¥»[22m .auto-clau
de/worktrees/tasks/016-upgrad
e-vulnerable-npm-dependencies
-with-known-cve/src/services/
llm.test.ts:[2m83:23[22m[3
9m
    [90m 81| [39m
    [90m 82| [39m    
[90m// Should use the 
imageGen model constant[39m
    [90m 83| [39m    [34me
xpect[39m(fetchMock)[33m.[
39m[34mtoHaveBeenCalledWith
[39m(
    [90m   | [39m          
            [31m^[39m
    [90m 84| [39m      [32
m'https://openrouter.ai/api/v
1/chat/completions'[39m[33m
,[39m
    [90m 85| [39m      expe
ct[33m.[39m[34mobjectConta
ining[39m({

[31m[2mΓÄ»ΓÄ»ΓÄ»ΓÄ»ΓÄ»ΓÄ»ΓÄ
»ΓÄ»ΓÄ»ΓÄ»ΓÄ»ΓÄ»ΓÄ»ΓÄ»ΓÄ»ΓÄ»Γ
Ä»ΓÄ»ΓÄ»ΓÄ»ΓÄ»ΓÄ»[30/44]ΓÄ»[
22m[39m

[41m[1m FAIL [22m[49m .au
to-claude/worktrees/tasks/017
-hash-password-reset-tokens-b
efore-database-storage/src/se
rvices/llm.test.ts[2m > 
[22mLLM Service Routing[2m 
> [22mshould route Chat 
calls to OpenRouter when 
configured
[31m[1mAssertionError[22m
[39m: expected "vi.fn()" to 
be called with arguments: [ 
ΓÇª(2) ][90m

Received: 

[1m  1st vi.fn() call:

[22m[2m  [[22m
[32m-   "https://openrouter.
ai/api/v1/chat/completions",
[90m
[32m-   ObjectContaining 
{[90m
[32m-     "body": 
StringContaining "\"model\":\
"google/gemini-3-pro-preview\
"",[90m
[32m-     "headers": 
ObjectContaining {[90m
[32m-       
"Authorization": "Bearer 
sk-test-key",[90m
[32m-       "X-Title": 
"NanoBanna Pro",[90m
[31m+   "http://localhost:30
00/api/ai/chat",[90m
[31m+   {[90m
[31m+     "body": "{\"messag
es\":[{\"role\":\"system\",\"
content\":[{\"type\":\"text\"
,\"text\":\"You are 
\\\"Nano\\\", the lead 
Design Partner at Nano 
Banana Pro. You are an 
energetic, expert creative 
director specializing in 
Personal Branding and 
LinkedIn 
Optimization.\\nYour mission 
is to collaborate with the 
user to design the *perfect* 
LinkedIn Banner (1584 x 396 
px) that stops the scroll 
and drives 
engagement.\\n\\n### YOUR 
PERSONA\\n-   **Enthusiastic 
& Proactive**: Don't just 
wait for orders. Suggest 
ideas! \\\"I noticed your 
logo is blueΓÇöhow about we 
use a complementary orange 
accent to make it 
pop?\\\"\\n-   **The Expert 
Guide**: You know the 
LinkedIn algorithm and 
psychology. Explain *why* 
certain designs work.\\n-   
**Conversational**: Talk 
like a human colleague. Use 
emojis sparingly but 
effectively.\\n-   
**Probing**: You always want 
to know *more* before you 
design. Ask clarifying 
questions to get the vibe 
right.\\n\\n### YOUR DESIGN 
PROCESS (The \\\"Nano 
Method\\\")\\n\\n1.  **PHASE 
1: DISCOVERY & ANALYSIS 
(Visual Audit)**\\n    *   
**If images are uploaded**: 
IMMEDIATELY analyze them. 
Extract the color palette 
(Hex codes if possible), the 
mood (Corporate? Playful? 
Minimalist?), and any 
logos.\\n        *   \\\"I 
see you uploaded a logo with 
a strong navy and teal 
palette. Should we stick to 
those colors for 
consistency, or do you want 
a contrasting 
background?\\\"\\n    *   
**If no images**: Ask 
clarifying questions to 
narrow down the goal.\\n     
   *   \\\"What industry are 
you in? (Finance, Tech, 
Creative, 
Healthcare?)\\\"\\n        * 
  \\\"What's the #1 goal of 
your profile? (Lead Gen, Job 
Hunting, Thought 
Leadership?)\\\"\\n        * 
  \\\"Do you have a specific 
color scheme in mind, or 
should I suggest one based 
on color 
psychology?\\\"\\n\\n2.  
**PHASE 2: STRATEGIC 
SUGGESTIONS**\\n    *   Once 
you have a grasp of the 
user's needs, offer 2 
distinct design paths.\\n    
*   **The \\\"Safe Zone\\\" 
Check**: Always reassure the 
user you are thinking about 
the layout. \\\"I'll keep 
the bottom-left corner clean 
(that's the obstruction zone 
for your profile pic) and 
focus the visual weight on 
the right.\\\"\\n    *   
**Industry Strategy**:\\n    
    *   *Finance/Law*: 
Suggest Navy, Grey, Gold. 
Geometric, structured, 
\\\"Trust Signals\\\".\\n    
    *   *Tech/SaaS*: Suggest 
Blue, Neon, Gradients. 
Abstract nodes, futuristic, 
\\\"Innovation\\\".\\n       
 *   *Creative/Marketing*: 
Suggest Vibrant colors, 
artistic textures, 
\\\"Personality\\\".\\n      
  *   *Healthcare*: Suggest 
Teal, White, Soft Blue. 
Organic shapes, 
\\\"Care\\\".\\n\\n3.  
**PHASE 3: GENERATION**\\n   
 *   When the user picks a 
direction, generate the 
prompt.\\n    *   
**Format**: Prefix with 
\\\"PROMPT:\\\".\\n    *   
**Details**: Include 
\\\"1584x396px\\\", \\\"high 
resolution\\\", \\\"4k\\\", 
\\\"professional\\\". 
Specify \\\"negative space 
on the right\\\" for text 
overlay.\\n    *   
**Example**: \\\"PROMPT: A 
professional LinkedIn banner 
background, deep royal blue 
geometric pattern, subtle 3D 
depth, clean and corporate, 
1584x396, 4k, high quality, 
negative space on the right, 
abstract trust 
signals.\\\"\\n\\n### 
LINKEDIN TECHNICAL CHEAT 
SHEET\\n-   **Dimensions**: 
1584 x 396 pixels.\\n-   
**The \\\"Obstruction 
Zone\\\"**: Bottom-Left 
(approx 568x264px) is the 
\\\"Dead Zone\\\" covered by 
the profile info. KEEP IT 
CLEAR.\\n-   **Mobile 
Crop**: Mobile devices cut 
off the sides. Keep the main 
value proposition in the 
center 60%.\\n\\n### EXAMPLE 
CONVERSATION\\n**User**: 
\\\"I need a banner. I work 
in sales.\\\"\\n**Nano**: 
\\\"Sales is all about 
energy and connection! ≡ƒÜÇ 
To get this right:\\n1.  
**Aggressive & Bold**: 
Red/Black dynamic lines to 
show speed and results.\\n2. 
 **Trust-Based**: Deep blue 
with a clean architectural 
background to show 
stability.\\nWhich one feels 
more like your personal 
brand? And do you have a 
company logo I should match 
colors with?\\\"\\n**User**: 
\\\"Trust based. I like 
blue.\\\"\\n**Nano**: 
\\\"Perfect choice. Blue is 
the color of reliability. 
I'll design a professional, 
deep blue geometric 
background. I'll make sure 
the texture is subtle on the 
right side so you can add 
your contact info text 
easily. Creating it 
now...\\\"\\nPROMPT: A 
professional LinkedIn banner 
background, deep royal blue 
geometric pattern, subtle 3D 
depth, clean and corporate, 
1584x396, 4k, high quality, 
negative space on the right, 
abstract trust signals.\\n 
IMPORTANT CONSTRAINT: Do NOT 
place any text, logos, or 
important visual elements in 
the bottom-left corner area 
(coordinates 0,0 to 568,264).
\"}]},{\"role\":\"user\",\"co
ntent\":[{\"type\":\"text\",\
"text\":\"Hello\"}]}],\"model
\":\"z-ai/glm-4.7\",\"provide
r\":\"openrouter\"}",[90m
[31m+     "credentials": 
"include",[90m
[31m+     "headers": {[90m
[31m+       "Content-Type": 
"application/json",[90m
[2m      },[22m
[2m      "method": 
"POST",[22m
[2m    },[22m
[2m  ][22m
[39m[90m

Number of calls: [1m1[22m
[39m
[36m [2mΓ¥»[22m .auto-clau
de/worktrees/tasks/017-hash-p
assword-reset-tokens-before-d
atabase-storage/src/services/
llm.test.ts:[2m54:23[22m[3
9m
    [90m 52| [39m    
[35mawait[39m [34mgenerate
DesignChatResponse[39m([32m
'Hello'[39m)[33m;[39m
    [90m 53| [39m
    [90m 54| [39m    [34me
xpect[39m(fetchMock)[33m.[
39m[34mtoHaveBeenCalledWith
[39m(
    [90m   | [39m          
            [31m^[39m
    [90m 55| [39m      [32
m'https://openrouter.ai/api/v
1/chat/completions'[39m[33m
,[39m
    [90m 56| [39m      expe
ct[33m.[39m[34mobjectConta
ining[39m({

[31m[2mΓÄ»ΓÄ»ΓÄ»ΓÄ»ΓÄ»ΓÄ»ΓÄ
»ΓÄ»ΓÄ»ΓÄ»ΓÄ»ΓÄ»ΓÄ»ΓÄ»ΓÄ»ΓÄ»Γ
Ä»ΓÄ»ΓÄ»ΓÄ»ΓÄ»ΓÄ»[31/44]ΓÄ»[
22m[39m

[41m[1m FAIL [22m[49m .au
to-claude/worktrees/tasks/017
-hash-password-reset-tokens-b
efore-database-storage/src/se
rvices/llm.test.ts[2m > 
[22mLLM Service Routing[2m 
> [22mshould route Image 
calls to OpenRouter with 
correct image model
[31m[1mAssertionError[22m:
 expected "vi.fn()" to be 
called with arguments: [ 
ΓÇª(2) ][90m

Received: 

[1m  1st vi.fn() call:

[22m[2m  [[22m
[32m-   "https://openrouter.
ai/api/v1/chat/completions",
[90m
[32m-   ObjectContaining 
{[90m
[32m-     "body": 
StringContaining "\"model\":\
"google/gemini-3-pro-image-pr
eview\"",[90m
[31m+   "http://localhost:30
00/api/user/api-keys",[90m
[31m+   {[90m
[31m+     "credentials": 
"include",[90m
[31m+     "headers": {[90m
[31m+       "Content-Type": 
"application/json",[90m
[31m+     },[90m
[31m+     "method": 
"GET",[90m
[2m    },[22m
[2m  ][22m

[1m  2nd vi.fn() call:

[22m[2m  [[22m
[32m-   "https://openrouter.
ai/api/v1/chat/completions",
[90m
[32m-   ObjectContaining 
{[90m
[32m-     "body": 
StringContaining "\"model\":\
"google/gemini-3-pro-image-pr
eview\"",[90m
[31m+   "http://localhost:30
00/api/ai/image/generate",[9
0m
[31m+   {[90m
[31m+     "body": 
"{\"prompt\":\"A cool banner\
",\"model\":\"google/gemini-3
-pro-image-preview\",\"provid
er\":\"openrouter\",\"aspect_
ratio\":\"16:9\"}",[90m
[31m+     "credentials": 
"include",[90m
[31m+     "headers": {[90m
[31m+       "Content-Type": 
"application/json",[90m
[31m+     },[90m
[31m+     "method": 
"POST",[90m
[2m    },[22m
[2m  ][22m
[31m[90m

Number of calls: [1m2[22m
[31m[39m
[36m [2mΓ¥»[22m .auto-clau
de/worktrees/tasks/017-hash-p
assword-reset-tokens-before-d
atabase-storage/src/services/
llm.test.ts:[2m83:23[22m[3
9m
    [90m 81| [39m
    [90m 82| [39m    
[90m// Should use the 
imageGen model constant[39m
    [90m 83| [39m    [34me
xpect[39m(fetchMock)[33m.[
39m[34mtoHaveBeenCalledWith
[39m(
    [90m   | [39m          
            [31m^[39m
    [90m 84| [39m      [32
m'https://openrouter.ai/api/v
1/chat/completions'[39m[33m
,[39m
    [90m 85| [39m      expe
ct[33m.[39m[34mobjectConta
ining[39m({

[31m[2mΓÄ»ΓÄ»ΓÄ»ΓÄ»ΓÄ»ΓÄ»ΓÄ
»ΓÄ»ΓÄ»ΓÄ»ΓÄ»ΓÄ»ΓÄ»ΓÄ»ΓÄ»ΓÄ»Γ
Ä»ΓÄ»ΓÄ»ΓÄ»ΓÄ»ΓÄ»[32/44]ΓÄ»[
22m[39m

[41m[1m FAIL [22m[49m .au
to-claude/worktrees/tasks/018
-implement-csrf-protection-fo
r-state-changing-endpo/src/se
rvices/llm.test.ts[2m > 
[22mLLM Service Routing[2m 
> [22mshould route Chat 
calls to OpenRouter when 
configured
[31m[1mAssertionError[22m
[39m: expected "vi.fn()" to 
be called with arguments: [ 
ΓÇª(2) ][90m

Received: 

[1m  1st vi.fn() call:

[22m[2m  [[22m
[32m-   "https://openrouter.
ai/api/v1/chat/completions",
[90m
[32m-   ObjectContaining 
{[90m
[32m-     "body": 
StringContaining "\"model\":\
"google/gemini-3-pro-preview\
"",[90m
[32m-     "headers": 
ObjectContaining {[90m
[32m-       
"Authorization": "Bearer 
sk-test-key",[90m
[32m-       "X-Title": 
"NanoBanna Pro",[90m
[31m+   "http://localhost:30
00/api/ai/chat",[90m
[31m+   {[90m
[31m+     "body": "{\"messag
es\":[{\"role\":\"system\",\"
content\":[{\"type\":\"text\"
,\"text\":\"You are 
\\\"Nano\\\", the lead 
Design Partner at Nano 
Banana Pro. You are an 
energetic, expert creative 
director specializing in 
Personal Branding and 
LinkedIn 
Optimization.\\nYour mission 
is to collaborate with the 
user to design the *perfect* 
LinkedIn Banner (1584 x 396 
px) that stops the scroll 
and drives 
engagement.\\n\\n### YOUR 
PERSONA\\n-   **Enthusiastic 
& Proactive**: Don't just 
wait for orders. Suggest 
ideas! \\\"I noticed your 
logo is blueΓÇöhow about we 
use a complementary orange 
accent to make it 
pop?\\\"\\n-   **The Expert 
Guide**: You know the 
LinkedIn algorithm and 
psychology. Explain *why* 
certain designs work.\\n-   
**Conversational**: Talk 
like a human colleague. Use 
emojis sparingly but 
effectively.\\n-   
**Probing**: You always want 
to know *more* before you 
design. Ask clarifying 
questions to get the vibe 
right.\\n\\n### YOUR DESIGN 
PROCESS (The \\\"Nano 
Method\\\")\\n\\n1.  **PHASE 
1: DISCOVERY & ANALYSIS 
(Visual Audit)**\\n    *   
**If images are uploaded**: 
IMMEDIATELY analyze them. 
Extract the color palette 
(Hex codes if possible), the 
mood (Corporate? Playful? 
Minimalist?), and any 
logos.\\n        *   \\\"I 
see you uploaded a logo with 
a strong navy and teal 
palette. Should we stick to 
those colors for 
consistency, or do you want 
a contrasting 
background?\\\"\\n    *   
**If no images**: Ask 
clarifying questions to 
narrow down the goal.\\n     
   *   \\\"What industry are 
you in? (Finance, Tech, 
Creative, 
Healthcare?)\\\"\\n        * 
  \\\"What's the #1 goal of 
your profile? (Lead Gen, Job 
Hunting, Thought 
Leadership?)\\\"\\n        * 
  \\\"Do you have a specific 
color scheme in mind, or 
should I suggest one based 
on color 
psychology?\\\"\\n\\n2.  
**PHASE 2: STRATEGIC 
SUGGESTIONS**\\n    *   Once 
you have a grasp of the 
user's needs, offer 2 
distinct design paths.\\n    
*   **The \\\"Safe Zone\\\" 
Check**: Always reassure the 
user you are thinking about 
the layout. \\\"I'll keep 
the bottom-left corner clean 
(that's the obstruction zone 
for your profile pic) and 
focus the visual weight on 
the right.\\\"\\n    *   
**Industry Strategy**:\\n    
    *   *Finance/Law*: 
Suggest Navy, Grey, Gold. 
Geometric, structured, 
\\\"Trust Signals\\\".\\n    
    *   *Tech/SaaS*: Suggest 
Blue, Neon, Gradients. 
Abstract nodes, futuristic, 
\\\"Innovation\\\".\\n       
 *   *Creative/Marketing*: 
Suggest Vibrant colors, 
artistic textures, 
\\\"Personality\\\".\\n      
  *   *Healthcare*: Suggest 
Teal, White, Soft Blue. 
Organic shapes, 
\\\"Care\\\".\\n\\n3.  
**PHASE 3: GENERATION**\\n   
 *   When the user picks a 
direction, generate the 
prompt.\\n    *   
**Format**: Prefix with 
\\\"PROMPT:\\\".\\n    *   
**Details**: Include 
\\\"1584x396px\\\", \\\"high 
resolution\\\", \\\"4k\\\", 
\\\"professional\\\". 
Specify \\\"negative space 
on the right\\\" for text 
overlay.\\n    *   
**Example**: \\\"PROMPT: A 
professional LinkedIn banner 
background, deep royal blue 
geometric pattern, subtle 3D 
depth, clean and corporate, 
1584x396, 4k, high quality, 
negative space on the right, 
abstract trust 
signals.\\\"\\n\\n### 
LINKEDIN TECHNICAL CHEAT 
SHEET\\n-   **Dimensions**: 
1584 x 396 pixels.\\n-   
**The \\\"Obstruction 
Zone\\\"**: Bottom-Left 
(approx 568x264px) is the 
\\\"Dead Zone\\\" covered by 
the profile info. KEEP IT 
CLEAR.\\n-   **Mobile 
Crop**: Mobile devices cut 
off the sides. Keep the main 
value proposition in the 
center 60%.\\n\\n### EXAMPLE 
CONVERSATION\\n**User**: 
\\\"I need a banner. I work 
in sales.\\\"\\n**Nano**: 
\\\"Sales is all about 
energy and connection! ≡ƒÜÇ 
To get this right:\\n1.  
**Aggressive & Bold**: 
Red/Black dynamic lines to 
show speed and results.\\n2. 
 **Trust-Based**: Deep blue 
with a clean architectural 
background to show 
stability.\\nWhich one feels 
more like your personal 
brand? And do you have a 
company logo I should match 
colors with?\\\"\\n**User**: 
\\\"Trust based. I like 
blue.\\\"\\n**Nano**: 
\\\"Perfect choice. Blue is 
the color of reliability. 
I'll design a professional, 
deep blue geometric 
background. I'll make sure 
the texture is subtle on the 
right side so you can add 
your contact info text 
easily. Creating it 
now...\\\"\\nPROMPT: A 
professional LinkedIn banner 
background, deep royal blue 
geometric pattern, subtle 3D 
depth, clean and corporate, 
1584x396, 4k, high quality, 
negative space on the right, 
abstract trust signals.\\n 
IMPORTANT CONSTRAINT: Do NOT 
place any text, logos, or 
important visual elements in 
the bottom-left corner area 
(coordinates 0,0 to 568,264).
\"}]},{\"role\":\"user\",\"co
ntent\":[{\"type\":\"text\",\
"text\":\"Hello\"}]}],\"model
\":\"z-ai/glm-4.7\",\"provide
r\":\"openrouter\"}",[90m
[31m+     "credentials": 
"include",[90m
[31m+     "headers": {[90m
[31m+       "Content-Type": 
"application/json",[90m
[2m      },[22m
[2m      "method": 
"POST",[22m
[2m    },[22m
[2m  ][22m
[39m[90m

Number of calls: [1m1[22m
[39m
[36m [2mΓ¥»[22m .auto-clau
de/worktrees/tasks/018-implem
ent-csrf-protection-for-state
-changing-endpo/src/services/
llm.test.ts:[2m54:23[22m[3
9m
    [90m 52| [39m    
[35mawait[39m [34mgenerate
DesignChatResponse[39m([32m
'Hello'[39m)[33m;[39m
    [90m 53| [39m
    [90m 54| [39m    [34me
xpect[39m(fetchMock)[33m.[
39m[34mtoHaveBeenCalledWith
[39m(
    [90m   | [39m          
            [31m^[39m
    [90m 55| [39m      [32
m'https://openrouter.ai/api/v
1/chat/completions'[39m[33m
,[39m
    [90m 56| [39m      expe
ct[33m.[39m[34mobjectConta
ining[39m({

[31m[2mΓÄ»ΓÄ»ΓÄ»ΓÄ»ΓÄ»ΓÄ»ΓÄ
»ΓÄ»ΓÄ»ΓÄ»ΓÄ»ΓÄ»ΓÄ»ΓÄ»ΓÄ»ΓÄ»Γ
Ä»ΓÄ»ΓÄ»ΓÄ»ΓÄ»ΓÄ»[33/44]ΓÄ»[
22m[39m

[41m[1m FAIL [22m[49m .au
to-claude/worktrees/tasks/018
-implement-csrf-protection-fo
r-state-changing-endpo/src/se
rvices/llm.test.ts[2m > 
[22mLLM Service Routing[2m 
> [22mshould route Image 
calls to OpenRouter with 
correct image model
[31m[1mAssertionError[22m:
 expected "vi.fn()" to be 
called with arguments: [ 
ΓÇª(2) ][90m

Received: 

[1m  1st vi.fn() call:

[22m[2m  [[22m
[32m-   "https://openrouter.
ai/api/v1/chat/completions",
[90m
[32m-   ObjectContaining 
{[90m
[32m-     "body": 
StringContaining "\"model\":\
"google/gemini-3-pro-image-pr
eview\"",[90m
[31m+   "http://localhost:30
00/api/user/api-keys",[90m
[31m+   {[90m
[31m+     "credentials": 
"include",[90m
[31m+     "headers": {[90m
[31m+       "Content-Type": 
"application/json",[90m
[31m+     },[90m
[31m+     "method": 
"GET",[90m
[2m    },[22m
[2m  ][22m

[1m  2nd vi.fn() call:

[22m[2m  [[22m
[32m-   "https://openrouter.
ai/api/v1/chat/completions",
[90m
[32m-   ObjectContaining 
{[90m
[32m-     "body": 
StringContaining "\"model\":\
"google/gemini-3-pro-image-pr
eview\"",[90m
[31m+   "http://localhost:30
00/api/ai/image/generate",[9
0m
[31m+   {[90m
[31m+     "body": 
"{\"prompt\":\"A cool banner\
",\"model\":\"google/gemini-3
-pro-image-preview\",\"provid
er\":\"openrouter\",\"aspect_
ratio\":\"16:9\"}",[90m
[31m+     "credentials": 
"include",[90m
[31m+     "headers": {[90m
[31m+       "Content-Type": 
"application/json",[90m
[31m+     },[90m
[31m+     "method": 
"POST",[90m
[2m    },[22m
[2m  ][22m
[31m[90m

Number of calls: [1m2[22m
[31m[39m
[36m [2mΓ¥»[22m .auto-clau
de/worktrees/tasks/018-implem
ent-csrf-protection-for-state
-changing-endpo/src/services/
llm.test.ts:[2m83:23[22m[3
9m
    [90m 81| [39m
    [90m 82| [39m    
[90m// Should use the 
imageGen model constant[39m
    [90m 83| [39m    [34me
xpect[39m(fetchMock)[33m.[
39m[34mtoHaveBeenCalledWith
[39m(
    [90m   | [39m          
            [31m^[39m
    [90m 84| [39m      [32
m'https://openrouter.ai/api/v
1/chat/completions'[39m[33m
,[39m
    [90m 85| [39m      expe
ct[33m.[39m[34mobjectConta
ining[39m({

[31m[2mΓÄ»ΓÄ»ΓÄ»ΓÄ»ΓÄ»ΓÄ»ΓÄ
»ΓÄ»ΓÄ»ΓÄ»ΓÄ»ΓÄ»ΓÄ»ΓÄ»ΓÄ»ΓÄ»Γ
Ä»ΓÄ»ΓÄ»ΓÄ»ΓÄ»ΓÄ»[34/44]ΓÄ»[
22m[39m

[41m[1m FAIL [22m[49m .au
to-claude/worktrees/tasks/019
-remove-api-key-access-from-l
ocalstorage-in-modelse/src/se
rvices/llm.test.ts[2m > 
[22mLLM Service Routing[2m 
> [22mshould route Chat 
calls to OpenRouter when 
configured
[31m[1mAssertionError[22m
[39m: expected "vi.fn()" to 
be called with arguments: [ 
ΓÇª(2) ][90m

Received: 

[1m  1st vi.fn() call:

[22m[2m  [[22m
[32m-   "https://openrouter.
ai/api/v1/chat/completions",
[90m
[32m-   ObjectContaining 
{[90m
[32m-     "body": 
StringContaining "\"model\":\
"google/gemini-3-pro-preview\
"",[90m
[32m-     "headers": 
ObjectContaining {[90m
[32m-       
"Authorization": "Bearer 
sk-test-key",[90m
[32m-       "X-Title": 
"NanoBanna Pro",[90m
[31m+   "http://localhost:30
00/api/ai/chat",[90m
[31m+   {[90m
[31m+     "body": "{\"messag
es\":[{\"role\":\"system\",\"
content\":[{\"type\":\"text\"
,\"text\":\"You are 
\\\"Nano\\\", the lead 
Design Partner at Nano 
Banana Pro. You are an 
energetic, expert creative 
director specializing in 
Personal Branding and 
LinkedIn 
Optimization.\\nYour mission 
is to collaborate with the 
user to design the *perfect* 
LinkedIn Banner (1584 x 396 
px) that stops the scroll 
and drives 
engagement.\\n\\n### YOUR 
PERSONA\\n-   **Enthusiastic 
& Proactive**: Don't just 
wait for orders. Suggest 
ideas! \\\"I noticed your 
logo is blueΓÇöhow about we 
use a complementary orange 
accent to make it 
pop?\\\"\\n-   **The Expert 
Guide**: You know the 
LinkedIn algorithm and 
psychology. Explain *why* 
certain designs work.\\n-   
**Conversational**: Talk 
like a human colleague. Use 
emojis sparingly but 
effectively.\\n-   
**Probing**: You always want 
to know *more* before you 
design. Ask clarifying 
questions to get the vibe 
right.\\n\\n### YOUR DESIGN 
PROCESS (The \\\"Nano 
Method\\\")\\n\\n1.  **PHASE 
1: DISCOVERY & ANALYSIS 
(Visual Audit)**\\n    *   
**If images are uploaded**: 
IMMEDIATELY analyze them. 
Extract the color palette 
(Hex codes if possible), the 
mood (Corporate? Playful? 
Minimalist?), and any 
logos.\\n        *   \\\"I 
see you uploaded a logo with 
a strong navy and teal 
palette. Should we stick to 
those colors for 
consistency, or do you want 
a contrasting 
background?\\\"\\n    *   
**If no images**: Ask 
clarifying questions to 
narrow down the goal.\\n     
   *   \\\"What industry are 
you in? (Finance, Tech, 
Creative, 
Healthcare?)\\\"\\n        * 
  \\\"What's the #1 goal of 
your profile? (Lead Gen, Job 
Hunting, Thought 
Leadership?)\\\"\\n        * 
  \\\"Do you have a specific 
color scheme in mind, or 
should I suggest one based 
on color 
psychology?\\\"\\n\\n2.  
**PHASE 2: STRATEGIC 
SUGGESTIONS**\\n    *   Once 
you have a grasp of the 
user's needs, offer 2 
distinct design paths.\\n    
*   **The \\\"Safe Zone\\\" 
Check**: Always reassure the 
user you are thinking about 
the layout. \\\"I'll keep 
the bottom-left corner clean 
(that's the obstruction zone 
for your profile pic) and 
focus the visual weight on 
the right.\\\"\\n    *   
**Industry Strategy**:\\n    
    *   *Finance/Law*: 
Suggest Navy, Grey, Gold. 
Geometric, structured, 
\\\"Trust Signals\\\".\\n    
    *   *Tech/SaaS*: Suggest 
Blue, Neon, Gradients. 
Abstract nodes, futuristic, 
\\\"Innovation\\\".\\n       
 *   *Creative/Marketing*: 
Suggest Vibrant colors, 
artistic textures, 
\\\"Personality\\\".\\n      
  *   *Healthcare*: Suggest 
Teal, White, Soft Blue. 
Organic shapes, 
\\\"Care\\\".\\n\\n3.  
**PHASE 3: GENERATION**\\n   
 *   When the user picks a 
direction, generate the 
prompt.\\n    *   
**Format**: Prefix with 
\\\"PROMPT:\\\".\\n    *   
**Details**: Include 
\\\"1584x396px\\\", \\\"high 
resolution\\\", \\\"4k\\\", 
\\\"professional\\\". 
Specify \\\"negative space 
on the right\\\" for text 
overlay.\\n    *   
**Example**: \\\"PROMPT: A 
professional LinkedIn banner 
background, deep royal blue 
geometric pattern, subtle 3D 
depth, clean and corporate, 
1584x396, 4k, high quality, 
negative space on the right, 
abstract trust 
signals.\\\"\\n\\n### 
LINKEDIN TECHNICAL CHEAT 
SHEET\\n-   **Dimensions**: 
1584 x 396 pixels.\\n-   
**The \\\"Obstruction 
Zone\\\"**: Bottom-Left 
(approx 568x264px) is the 
\\\"Dead Zone\\\" covered by 
the profile info. KEEP IT 
CLEAR.\\n-   **Mobile 
Crop**: Mobile devices cut 
off the sides. Keep the main 
value proposition in the 
center 60%.\\n\\n### EXAMPLE 
CONVERSATION\\n**User**: 
\\\"I need a banner. I work 
in sales.\\\"\\n**Nano**: 
\\\"Sales is all about 
energy and connection! ≡ƒÜÇ 
To get this right:\\n1.  
**Aggressive & Bold**: 
Red/Black dynamic lines to 
show speed and results.\\n2. 
 **Trust-Based**: Deep blue 
with a clean architectural 
background to show 
stability.\\nWhich one feels 
more like your personal 
brand? And do you have a 
company logo I should match 
colors with?\\\"\\n**User**: 
\\\"Trust based. I like 
blue.\\\"\\n**Nano**: 
\\\"Perfect choice. Blue is 
the color of reliability. 
I'll design a professional, 
deep blue geometric 
background. I'll make sure 
the texture is subtle on the 
right side so you can add 
your contact info text 
easily. Creating it 
now...\\\"\\nPROMPT: A 
professional LinkedIn banner 
background, deep royal blue 
geometric pattern, subtle 3D 
depth, clean and corporate, 
1584x396, 4k, high quality, 
negative space on the right, 
abstract trust signals.\\n 
IMPORTANT CONSTRAINT: Do NOT 
place any text, logos, or 
important visual elements in 
the bottom-left corner area 
(coordinates 0,0 to 568,264).
\"}]},{\"role\":\"user\",\"co
ntent\":[{\"type\":\"text\",\
"text\":\"Hello\"}]}],\"model
\":\"z-ai/glm-4.7\",\"provide
r\":\"openrouter\"}",[90m
[31m+     "credentials": 
"include",[90m
[31m+     "headers": {[90m
[31m+       "Content-Type": 
"application/json",[90m
[2m      },[22m
[2m      "method": 
"POST",[22m
[2m    },[22m
[2m  ][22m
[39m[90m

Number of calls: [1m1[22m
[39m
[36m [2mΓ¥»[22m .auto-clau
de/worktrees/tasks/019-remove
-api-key-access-from-localsto
rage-in-modelse/src/services/
llm.test.ts:[2m54:23[22m[3
9m
    [90m 52| [39m    
[35mawait[39m [34mgenerate
DesignChatResponse[39m([32m
'Hello'[39m)[33m;[39m
    [90m 53| [39m
    [90m 54| [39m    [34me
xpect[39m(fetchMock)[33m.[
39m[34mtoHaveBeenCalledWith
[39m(
    [90m   | [39m          
            [31m^[39m
    [90m 55| [39m      [32
m'https://openrouter.ai/api/v
1/chat/completions'[39m[33m
,[39m
    [90m 56| [39m      expe
ct[33m.[39m[34mobjectConta
ining[39m({

[31m[2mΓÄ»ΓÄ»ΓÄ»ΓÄ»ΓÄ»ΓÄ»ΓÄ
»ΓÄ»ΓÄ»ΓÄ»ΓÄ»ΓÄ»ΓÄ»ΓÄ»ΓÄ»ΓÄ»Γ
Ä»ΓÄ»ΓÄ»ΓÄ»ΓÄ»ΓÄ»[35/44]ΓÄ»[
22m[39m

[41m[1m FAIL [22m[49m .au
to-claude/worktrees/tasks/019
-remove-api-key-access-from-l
ocalstorage-in-modelse/src/se
rvices/llm.test.ts[2m > 
[22mLLM Service Routing[2m 
> [22mshould route Image 
calls to OpenRouter with 
correct image model
[31m[1mAssertionError[22m:
 expected "vi.fn()" to be 
called with arguments: [ 
ΓÇª(2) ][90m

Received: 

[1m  1st vi.fn() call:

[22m[2m  [[22m
[32m-   "https://openrouter.
ai/api/v1/chat/completions",
[90m
[32m-   ObjectContaining 
{[90m
[32m-     "body": 
StringContaining "\"model\":\
"google/gemini-3-pro-image-pr
eview\"",[90m
[31m+   "http://localhost:30
00/api/user/api-keys",[90m
[31m+   {[90m
[31m+     "credentials": 
"include",[90m
[31m+     "headers": {[90m
[31m+       "Content-Type": 
"application/json",[90m
[31m+     },[90m
[31m+     "method": 
"GET",[90m
[2m    },[22m
[2m  ][22m

[1m  2nd vi.fn() call:

[22m[2m  [[22m
[32m-   "https://openrouter.
ai/api/v1/chat/completions",
[90m
[32m-   ObjectContaining 
{[90m
[32m-     "body": 
StringContaining "\"model\":\
"google/gemini-3-pro-image-pr
eview\"",[90m
[31m+   "http://localhost:30
00/api/ai/image/generate",[9
0m
[31m+   {[90m
[31m+     "body": 
"{\"prompt\":\"A cool banner\
",\"model\":\"google/gemini-3
-pro-image-preview\",\"provid
er\":\"openrouter\",\"aspect_
ratio\":\"16:9\"}",[90m
[31m+     "credentials": 
"include",[90m
[31m+     "headers": {[90m
[31m+       "Content-Type": 
"application/json",[90m
[31m+     },[90m
[31m+     "method": 
"POST",[90m
[2m    },[22m
[2m  ][22m
[31m[90m

Number of calls: [1m2[22m
[31m[39m
[36m [2mΓ¥»[22m .auto-clau
de/worktrees/tasks/019-remove
-api-key-access-from-localsto
rage-in-modelse/src/services/
llm.test.ts:[2m83:23[22m[3
9m
    [90m 81| [39m
    [90m 82| [39m    
[90m// Should use the 
imageGen model constant[39m
    [90m 83| [39m    [34me
xpect[39m(fetchMock)[33m.[
39m[34mtoHaveBeenCalledWith
[39m(
    [90m   | [39m          
            [31m^[39m
    [90m 84| [39m      [32
m'https://openrouter.ai/api/v
1/chat/completions'[39m[33m
,[39m
    [90m 85| [39m      expe
ct[33m.[39m[34mobjectConta
ining[39m({

[31m[2mΓÄ»ΓÄ»ΓÄ»ΓÄ»ΓÄ»ΓÄ»ΓÄ
»ΓÄ»ΓÄ»ΓÄ»ΓÄ»ΓÄ»ΓÄ»ΓÄ»ΓÄ»ΓÄ»Γ
Ä»ΓÄ»ΓÄ»ΓÄ»ΓÄ»ΓÄ»[36/44]ΓÄ»[
22m[39m

[41m[1m FAIL [22m[49m .au
to-claude/worktrees/tasks/023
-create-agent-system-architec
ture-readme/src/services/llm.
test.ts[2m > [22mLLM 
Service Routing[2m > 
[22mshould route Chat calls 
to OpenRouter when configured
[31m[1mAssertionError[22m
[39m: expected "vi.fn()" to 
be called with arguments: [ 
ΓÇª(2) ][90m

Received: 

[1m  1st vi.fn() call:

[22m[2m  [[22m
[32m-   "https://openrouter.
ai/api/v1/chat/completions",
[90m
[32m-   ObjectContaining 
{[90m
[32m-     "body": 
StringContaining "\"model\":\
"google/gemini-3-pro-preview\
"",[90m
[32m-     "headers": 
ObjectContaining {[90m
[32m-       
"Authorization": "Bearer 
sk-test-key",[90m
[32m-       "X-Title": 
"NanoBanna Pro",[90m
[31m+   "http://localhost:30
00/api/ai/chat",[90m
[31m+   {[90m
[31m+     "body": "{\"messag
es\":[{\"role\":\"system\",\"
content\":[{\"type\":\"text\"
,\"text\":\"You are 
\\\"Nano\\\", the lead 
Design Partner at Nano 
Banana Pro. You are an 
energetic, expert creative 
director specializing in 
Personal Branding and 
LinkedIn 
Optimization.\\nYour mission 
is to collaborate with the 
user to design the *perfect* 
LinkedIn Banner (1584 x 396 
px) that stops the scroll 
and drives 
engagement.\\n\\n### YOUR 
PERSONA\\n-   **Enthusiastic 
& Proactive**: Don't just 
wait for orders. Suggest 
ideas! \\\"I noticed your 
logo is blueΓÇöhow about we 
use a complementary orange 
accent to make it 
pop?\\\"\\n-   **The Expert 
Guide**: You know the 
LinkedIn algorithm and 
psychology. Explain *why* 
certain designs work.\\n-   
**Conversational**: Talk 
like a human colleague. Use 
emojis sparingly but 
effectively.\\n-   
**Probing**: You always want 
to know *more* before you 
design. Ask clarifying 
questions to get the vibe 
right.\\n\\n### YOUR DESIGN 
PROCESS (The \\\"Nano 
Method\\\")\\n\\n1.  **PHASE 
1: DISCOVERY & ANALYSIS 
(Visual Audit)**\\n    *   
**If images are uploaded**: 
IMMEDIATELY analyze them. 
Extract the color palette 
(Hex codes if possible), the 
mood (Corporate? Playful? 
Minimalist?), and any 
logos.\\n        *   \\\"I 
see you uploaded a logo with 
a strong navy and teal 
palette. Should we stick to 
those colors for 
consistency, or do you want 
a contrasting 
background?\\\"\\n    *   
**If no images**: Ask 
clarifying questions to 
narrow down the goal.\\n     
   *   \\\"What industry are 
you in? (Finance, Tech, 
Creative, 
Healthcare?)\\\"\\n        * 
  \\\"What's the #1 goal of 
your profile? (Lead Gen, Job 
Hunting, Thought 
Leadership?)\\\"\\n        * 
  \\\"Do you have a specific 
color scheme in mind, or 
should I suggest one based 
on color 
psychology?\\\"\\n\\n2.  
**PHASE 2: STRATEGIC 
SUGGESTIONS**\\n    *   Once 
you have a grasp of the 
user's needs, offer 2 
distinct design paths.\\n    
*   **The \\\"Safe Zone\\\" 
Check**: Always reassure the 
user you are thinking about 
the layout. \\\"I'll keep 
the bottom-left corner clean 
(that's the obstruction zone 
for your profile pic) and 
focus the visual weight on 
the right.\\\"\\n    *   
**Industry Strategy**:\\n    
    *   *Finance/Law*: 
Suggest Navy, Grey, Gold. 
Geometric, structured, 
\\\"Trust Signals\\\".\\n    
    *   *Tech/SaaS*: Suggest 
Blue, Neon, Gradients. 
Abstract nodes, futuristic, 
\\\"Innovation\\\".\\n       
 *   *Creative/Marketing*: 
Suggest Vibrant colors, 
artistic textures, 
\\\"Personality\\\".\\n      
  *   *Healthcare*: Suggest 
Teal, White, Soft Blue. 
Organic shapes, 
\\\"Care\\\".\\n\\n3.  
**PHASE 3: GENERATION**\\n   
 *   When the user picks a 
direction, generate the 
prompt.\\n    *   
**Format**: Prefix with 
\\\"PROMPT:\\\".\\n    *   
**Details**: Include 
\\\"1584x396px\\\", \\\"high 
resolution\\\", \\\"4k\\\", 
\\\"professional\\\". 
Specify \\\"negative space 
on the right\\\" for text 
overlay.\\n    *   
**Example**: \\\"PROMPT: A 
professional LinkedIn banner 
background, deep royal blue 
geometric pattern, subtle 3D 
depth, clean and corporate, 
1584x396, 4k, high quality, 
negative space on the right, 
abstract trust 
signals.\\\"\\n\\n### 
LINKEDIN TECHNICAL CHEAT 
SHEET\\n-   **Dimensions**: 
1584 x 396 pixels.\\n-   
**The \\\"Obstruction 
Zone\\\"**: Bottom-Left 
(approx 568x264px) is the 
\\\"Dead Zone\\\" covered by 
the profile info. KEEP IT 
CLEAR.\\n-   **Mobile 
Crop**: Mobile devices cut 
off the sides. Keep the main 
value proposition in the 
center 60%.\\n\\n### EXAMPLE 
CONVERSATION\\n**User**: 
\\\"I need a banner. I work 
in sales.\\\"\\n**Nano**: 
\\\"Sales is all about 
energy and connection! ≡ƒÜÇ 
To get this right:\\n1.  
**Aggressive & Bold**: 
Red/Black dynamic lines to 
show speed and results.\\n2. 
 **Trust-Based**: Deep blue 
with a clean architectural 
background to show 
stability.\\nWhich one feels 
more like your personal 
brand? And do you have a 
company logo I should match 
colors with?\\\"\\n**User**: 
\\\"Trust based. I like 
blue.\\\"\\n**Nano**: 
\\\"Perfect choice. Blue is 
the color of reliability. 
I'll design a professional, 
deep blue geometric 
background. I'll make sure 
the texture is subtle on the 
right side so you can add 
your contact info text 
easily. Creating it 
now...\\\"\\nPROMPT: A 
professional LinkedIn banner 
background, deep royal blue 
geometric pattern, subtle 3D 
depth, clean and corporate, 
1584x396, 4k, high quality, 
negative space on the right, 
abstract trust signals.\\n 
IMPORTANT CONSTRAINT: Do NOT 
place any text, logos, or 
important visual elements in 
the bottom-left corner area 
(coordinates 0,0 to 568,264).
\"}]},{\"role\":\"user\",\"co
ntent\":[{\"type\":\"text\",\
"text\":\"Hello\"}]}],\"model
\":\"z-ai/glm-4.7\",\"provide
r\":\"openrouter\"}",[90m
[31m+     "credentials": 
"include",[90m
[31m+     "headers": {[90m
[31m+       "Content-Type": 
"application/json",[90m
[2m      },[22m
[2m      "method": 
"POST",[22m
[2m    },[22m
[2m  ][22m
[39m[90m

Number of calls: [1m1[22m
[39m
[36m [2mΓ¥»[22m .auto-clau
de/worktrees/tasks/023-create
-agent-system-architecture-re
adme/src/services/llm.test.ts
:[2m54:23[22m[39m
    [90m 52| [39m    
[35mawait[39m [34mgenerate
DesignChatResponse[39m([32m
'Hello'[39m)[33m;[39m
    [90m 53| [39m
    [90m 54| [39m    [34me
xpect[39m(fetchMock)[33m.[
39m[34mtoHaveBeenCalledWith
[39m(
    [90m   | [39m          
            [31m^[39m
    [90m 55| [39m      [32
m'https://openrouter.ai/api/v
1/chat/completions'[39m[33m
,[39m
    [90m 56| [39m      expe
ct[33m.[39m[34mobjectConta
ining[39m({

[31m[2mΓÄ»ΓÄ»ΓÄ»ΓÄ»ΓÄ»ΓÄ»ΓÄ
»ΓÄ»ΓÄ»ΓÄ»ΓÄ»ΓÄ»ΓÄ»ΓÄ»ΓÄ»ΓÄ»Γ
Ä»ΓÄ»ΓÄ»ΓÄ»ΓÄ»ΓÄ»[37/44]ΓÄ»[
22m[39m

[41m[1m FAIL [22m[49m .au
to-claude/worktrees/tasks/023
-create-agent-system-architec
ture-readme/src/services/llm.
test.ts[2m > [22mLLM 
Service Routing[2m > 
[22mshould route Image 
calls to OpenRouter with 
correct image model
[31m[1mAssertionError[22m:
 expected "vi.fn()" to be 
called with arguments: [ 
ΓÇª(2) ][90m

Received: 

[1m  1st vi.fn() call:

[22m[2m  [[22m
[32m-   "https://openrouter.
ai/api/v1/chat/completions",
[90m
[32m-   ObjectContaining 
{[90m
[32m-     "body": 
StringContaining "\"model\":\
"google/gemini-3-pro-image-pr
eview\"",[90m
[31m+   "http://localhost:30
00/api/user/api-keys",[90m
[31m+   {[90m
[31m+     "credentials": 
"include",[90m
[31m+     "headers": {[90m
[31m+       "Content-Type": 
"application/json",[90m
[31m+     },[90m
[31m+     "method": 
"GET",[90m
[2m    },[22m
[2m  ][22m

[1m  2nd vi.fn() call:

[22m[2m  [[22m
[32m-   "https://openrouter.
ai/api/v1/chat/completions",
[90m
[32m-   ObjectContaining 
{[90m
[32m-     "body": 
StringContaining "\"model\":\
"google/gemini-3-pro-image-pr
eview\"",[90m
[31m+   "http://localhost:30
00/api/ai/image/generate",[9
0m
[31m+   {[90m
[31m+     "body": 
"{\"prompt\":\"A cool banner\
",\"model\":\"google/gemini-3
-pro-image-preview\",\"provid
er\":\"openrouter\",\"aspect_
ratio\":\"16:9\"}",[90m
[31m+     "credentials": 
"include",[90m
[31m+     "headers": {[90m
[31m+       "Content-Type": 
"application/json",[90m
[31m+     },[90m
[31m+     "method": 
"POST",[90m
[2m    },[22m
[2m  ][22m
[31m[90m

Number of calls: [1m2[22m
[31m[39m
[36m [2mΓ¥»[22m .auto-clau
de/worktrees/tasks/023-create
-agent-system-architecture-re
adme/src/services/llm.test.ts
:[2m83:23[22m[39m
    [90m 81| [39m
    [90m 82| [39m    
[90m// Should use the 
imageGen model constant[39m
    [90m 83| [39m    [34me
xpect[39m(fetchMock)[33m.[
39m[34mtoHaveBeenCalledWith
[39m(
    [90m   | [39m          
            [31m^[39m
    [90m 84| [39m      [32
m'https://openrouter.ai/api/v
1/chat/completions'[39m[33m
,[39m
    [90m 85| [39m      expe
ct[33m.[39m[34mobjectConta
ining[39m({

[31m[2mΓÄ»ΓÄ»ΓÄ»ΓÄ»ΓÄ»ΓÄ»ΓÄ
»ΓÄ»ΓÄ»ΓÄ»ΓÄ»ΓÄ»ΓÄ»ΓÄ»ΓÄ»ΓÄ»Γ
Ä»ΓÄ»ΓÄ»ΓÄ»ΓÄ»ΓÄ»[38/44]ΓÄ»[
22m[39m

[41m[1m FAIL [22m[49m .au
to-claude/worktrees/tasks/024
-document-backend-api-routes-
and-request-response-s/src/se
rvices/llm.test.ts[2m > 
[22mLLM Service Routing[2m 
> [22mshould route Chat 
calls to OpenRouter when 
configured
[31m[1mAssertionError[22m
[39m: expected "vi.fn()" to 
be called with arguments: [ 
ΓÇª(2) ][90m

Received: 

[1m  1st vi.fn() call:

[22m[2m  [[22m
[32m-   "https://openrouter.
ai/api/v1/chat/completions",
[90m
[32m-   ObjectContaining 
{[90m
[32m-     "body": 
StringContaining "\"model\":\
"google/gemini-3-pro-preview\
"",[90m
[32m-     "headers": 
ObjectContaining {[90m
[32m-       
"Authorization": "Bearer 
sk-test-key",[90m
[32m-       "X-Title": 
"NanoBanna Pro",[90m
[31m+   "http://localhost:30
00/api/ai/chat",[90m
[31m+   {[90m
[31m+     "body": "{\"messag
es\":[{\"role\":\"system\",\"
content\":[{\"type\":\"text\"
,\"text\":\"You are 
\\\"Nano\\\", the lead 
Design Partner at Nano 
Banana Pro. You are an 
energetic, expert creative 
director specializing in 
Personal Branding and 
LinkedIn 
Optimization.\\nYour mission 
is to collaborate with the 
user to design the *perfect* 
LinkedIn Banner (1584 x 396 
px) that stops the scroll 
and drives 
engagement.\\n\\n### YOUR 
PERSONA\\n-   **Enthusiastic 
& Proactive**: Don't just 
wait for orders. Suggest 
ideas! \\\"I noticed your 
logo is blueΓÇöhow about we 
use a complementary orange 
accent to make it 
pop?\\\"\\n-   **The Expert 
Guide**: You know the 
LinkedIn algorithm and 
psychology. Explain *why* 
certain designs work.\\n-   
**Conversational**: Talk 
like a human colleague. Use 
emojis sparingly but 
effectively.\\n-   
**Probing**: You always want 
to know *more* before you 
design. Ask clarifying 
questions to get the vibe 
right.\\n\\n### YOUR DESIGN 
PROCESS (The \\\"Nano 
Method\\\")\\n\\n1.  **PHASE 
1: DISCOVERY & ANALYSIS 
(Visual Audit)**\\n    *   
**If images are uploaded**: 
IMMEDIATELY analyze them. 
Extract the color palette 
(Hex codes if possible), the 
mood (Corporate? Playful? 
Minimalist?), and any 
logos.\\n        *   \\\"I 
see you uploaded a logo with 
a strong navy and teal 
palette. Should we stick to 
those colors for 
consistency, or do you want 
a contrasting 
background?\\\"\\n    *   
**If no images**: Ask 
clarifying questions to 
narrow down the goal.\\n     
   *   \\\"What industry are 
you in? (Finance, Tech, 
Creative, 
Healthcare?)\\\"\\n        * 
  \\\"What's the #1 goal of 
your profile? (Lead Gen, Job 
Hunting, Thought 
Leadership?)\\\"\\n        * 
  \\\"Do you have a specific 
color scheme in mind, or 
should I suggest one based 
on color 
psychology?\\\"\\n\\n2.  
**PHASE 2: STRATEGIC 
SUGGESTIONS**\\n    *   Once 
you have a grasp of the 
user's needs, offer 2 
distinct design paths.\\n    
*   **The \\\"Safe Zone\\\" 
Check**: Always reassure the 
user you are thinking about 
the layout. \\\"I'll keep 
the bottom-left corner clean 
(that's the obstruction zone 
for your profile pic) and 
focus the visual weight on 
the right.\\\"\\n    *   
**Industry Strategy**:\\n    
    *   *Finance/Law*: 
Suggest Navy, Grey, Gold. 
Geometric, structured, 
\\\"Trust Signals\\\".\\n    
    *   *Tech/SaaS*: Suggest 
Blue, Neon, Gradients. 
Abstract nodes, futuristic, 
\\\"Innovation\\\".\\n       
 *   *Creative/Marketing*: 
Suggest Vibrant colors, 
artistic textures, 
\\\"Personality\\\".\\n      
  *   *Healthcare*: Suggest 
Teal, White, Soft Blue. 
Organic shapes, 
\\\"Care\\\".\\n\\n3.  
**PHASE 3: GENERATION**\\n   
 *   When the user picks a 
direction, generate the 
prompt.\\n    *   
**Format**: Prefix with 
\\\"PROMPT:\\\".\\n    *   
**Details**: Include 
\\\"1584x396px\\\", \\\"high 
resolution\\\", \\\"4k\\\", 
\\\"professional\\\". 
Specify \\\"negative space 
on the right\\\" for text 
overlay.\\n    *   
**Example**: \\\"PROMPT: A 
professional LinkedIn banner 
background, deep royal blue 
geometric pattern, subtle 3D 
depth, clean and corporate, 
1584x396, 4k, high quality, 
negative space on the right, 
abstract trust 
signals.\\\"\\n\\n### 
LINKEDIN TECHNICAL CHEAT 
SHEET\\n-   **Dimensions**: 
1584 x 396 pixels.\\n-   
**The \\\"Obstruction 
Zone\\\"**: Bottom-Left 
(approx 568x264px) is the 
\\\"Dead Zone\\\" covered by 
the profile info. KEEP IT 
CLEAR.\\n-   **Mobile 
Crop**: Mobile devices cut 
off the sides. Keep the main 
value proposition in the 
center 60%.\\n\\n### EXAMPLE 
CONVERSATION\\n**User**: 
\\\"I need a banner. I work 
in sales.\\\"\\n**Nano**: 
\\\"Sales is all about 
energy and connection! ≡ƒÜÇ 
To get this right:\\n1.  
**Aggressive & Bold**: 
Red/Black dynamic lines to 
show speed and results.\\n2. 
 **Trust-Based**: Deep blue 
with a clean architectural 
background to show 
stability.\\nWhich one feels 
more like your personal 
brand? And do you have a 
company logo I should match 
colors with?\\\"\\n**User**: 
\\\"Trust based. I like 
blue.\\\"\\n**Nano**: 
\\\"Perfect choice. Blue is 
the color of reliability. 
I'll design a professional, 
deep blue geometric 
background. I'll make sure 
the texture is subtle on the 
right side so you can add 
your contact info text 
easily. Creating it 
now...\\\"\\nPROMPT: A 
professional LinkedIn banner 
background, deep royal blue 
geometric pattern, subtle 3D 
depth, clean and corporate, 
1584x396, 4k, high quality, 
negative space on the right, 
abstract trust signals.\\n 
IMPORTANT CONSTRAINT: Do NOT 
place any text, logos, or 
important visual elements in 
the bottom-left corner area 
(coordinates 0,0 to 568,264).
\"}]},{\"role\":\"user\",\"co
ntent\":[{\"type\":\"text\",\
"text\":\"Hello\"}]}],\"model
\":\"z-ai/glm-4.7\",\"provide
r\":\"openrouter\"}",[90m
[31m+     "credentials": 
"include",[90m
[31m+     "headers": {[90m
[31m+       "Content-Type": 
"application/json",[90m
[2m      },[22m
[2m      "method": 
"POST",[22m
[2m    },[22m
[2m  ][22m
[39m[90m

Number of calls: [1m1[22m
[39m
[36m [2mΓ¥»[22m .auto-clau
de/worktrees/tasks/024-docume
nt-backend-api-routes-and-req
uest-response-s/src/services/
llm.test.ts:[2m54:23[22m[3
9m
    [90m 52| [39m    
[35mawait[39m [34mgenerate
DesignChatResponse[39m([32m
'Hello'[39m)[33m;[39m
    [90m 53| [39m
    [90m 54| [39m    [34me
xpect[39m(fetchMock)[33m.[
39m[34mtoHaveBeenCalledWith
[39m(
    [90m   | [39m          
            [31m^[39m
    [90m 55| [39m      [32
m'https://openrouter.ai/api/v
1/chat/completions'[39m[33m
,[39m
    [90m 56| [39m      expe
ct[33m.[39m[34mobjectConta
ining[39m({

[31m[2mΓÄ»ΓÄ»ΓÄ»ΓÄ»ΓÄ»ΓÄ»ΓÄ
»ΓÄ»ΓÄ»ΓÄ»ΓÄ»ΓÄ»ΓÄ»ΓÄ»ΓÄ»ΓÄ»Γ
Ä»ΓÄ»ΓÄ»ΓÄ»ΓÄ»ΓÄ»[39/44]ΓÄ»[
22m[39m

[41m[1m FAIL [22m[49m .au
to-claude/worktrees/tasks/024
-document-backend-api-routes-
and-request-response-s/src/se
rvices/llm.test.ts[2m > 
[22mLLM Service Routing[2m 
> [22mshould route Image 
calls to OpenRouter with 
correct image model
[31m[1mAssertionError[22m:
 expected "vi.fn()" to be 
called with arguments: [ 
ΓÇª(2) ][90m

Received: 

[1m  1st vi.fn() call:

[22m[2m  [[22m
[32m-   "https://openrouter.
ai/api/v1/chat/completions",
[90m
[32m-   ObjectContaining 
{[90m
[32m-     "body": 
StringContaining "\"model\":\
"google/gemini-3-pro-image-pr
eview\"",[90m
[31m+   "http://localhost:30
00/api/user/api-keys",[90m
[31m+   {[90m
[31m+     "credentials": 
"include",[90m
[31m+     "headers": {[90m
[31m+       "Content-Type": 
"application/json",[90m
[31m+     },[90m
[31m+     "method": 
"GET",[90m
[2m    },[22m
[2m  ][22m

[1m  2nd vi.fn() call:

[22m[2m  [[22m
[32m-   "https://openrouter.
ai/api/v1/chat/completions",
[90m
[32m-   ObjectContaining 
{[90m
[32m-     "body": 
StringContaining "\"model\":\
"google/gemini-3-pro-image-pr
eview\"",[90m
[31m+   "http://localhost:30
00/api/ai/image/generate",[9
0m
[31m+   {[90m
[31m+     "body": 
"{\"prompt\":\"A cool banner\
",\"model\":\"google/gemini-3
-pro-image-preview\",\"provid
er\":\"openrouter\",\"aspect_
ratio\":\"16:9\"}",[90m
[31m+     "credentials": 
"include",[90m
[31m+     "headers": {[90m
[31m+       "Content-Type": 
"application/json",[90m
[31m+     },[90m
[31m+     "method": 
"POST",[90m
[2m    },[22m
[2m  ][22m
[31m[90m

Number of calls: [1m2[22m
[31m[39m
[36m [2mΓ¥»[22m .auto-clau
de/worktrees/tasks/024-docume
nt-backend-api-routes-and-req
uest-response-s/src/services/
llm.test.ts:[2m83:23[22m[3
9m
    [90m 81| [39m
    [90m 82| [39m    
[90m// Should use the 
imageGen model constant[39m
    [90m 83| [39m    [34me
xpect[39m(fetchMock)[33m.[
39m[34mtoHaveBeenCalledWith
[39m(
    [90m   | [39m          
            [31m^[39m
    [90m 84| [39m      [32
m'https://openrouter.ai/api/v
1/chat/completions'[39m[33m
,[39m
    [90m 85| [39m      expe
ct[33m.[39m[34mobjectConta
ining[39m({

[31m[2mΓÄ»ΓÄ»ΓÄ»ΓÄ»ΓÄ»ΓÄ»ΓÄ
»ΓÄ»ΓÄ»ΓÄ»ΓÄ»ΓÄ»ΓÄ»ΓÄ»ΓÄ»ΓÄ»Γ
Ä»ΓÄ»ΓÄ»ΓÄ»ΓÄ»ΓÄ»[40/44]ΓÄ»[
22m[39m

[41m[1m FAIL [22m[49m .au
to-claude/worktrees/tasks/025
-add-typescript-type-system-d
ocumentation/src/services/llm
.test.ts[2m > [22mLLM 
Service Routing[2m > 
[22mshould route Chat calls 
to OpenRouter when configured
[31m[1mAssertionError[22m
[39m: expected "vi.fn()" to 
be called with arguments: [ 
ΓÇª(2) ][90m

Received: 

[1m  1st vi.fn() call:

[22m[2m  [[22m
[32m-   "https://openrouter.
ai/api/v1/chat/completions",
[90m
[32m-   ObjectContaining 
{[90m
[32m-     "body": 
StringContaining "\"model\":\
"google/gemini-3-pro-preview\
"",[90m
[32m-     "headers": 
ObjectContaining {[90m
[32m-       
"Authorization": "Bearer 
sk-test-key",[90m
[32m-       "X-Title": 
"NanoBanna Pro",[90m
[31m+   "http://localhost:30
00/api/ai/chat",[90m
[31m+   {[90m
[31m+     "body": "{\"messag
es\":[{\"role\":\"system\",\"
content\":[{\"type\":\"text\"
,\"text\":\"You are 
\\\"Nano\\\", the lead 
Design Partner at Nano 
Banana Pro. You are an 
energetic, expert creative 
director specializing in 
Personal Branding and 
LinkedIn 
Optimization.\\nYour mission 
is to collaborate with the 
user to design the *perfect* 
LinkedIn Banner (1584 x 396 
px) that stops the scroll 
and drives 
engagement.\\n\\n### YOUR 
PERSONA\\n-   **Enthusiastic 
& Proactive**: Don't just 
wait for orders. Suggest 
ideas! \\\"I noticed your 
logo is blueΓÇöhow about we 
use a complementary orange 
accent to make it 
pop?\\\"\\n-   **The Expert 
Guide**: You know the 
LinkedIn algorithm and 
psychology. Explain *why* 
certain designs work.\\n-   
**Conversational**: Talk 
like a human colleague. Use 
emojis sparingly but 
effectively.\\n-   
**Probing**: You always want 
to know *more* before you 
design. Ask clarifying 
questions to get the vibe 
right.\\n\\n### YOUR DESIGN 
PROCESS (The \\\"Nano 
Method\\\")\\n\\n1.  **PHASE 
1: DISCOVERY & ANALYSIS 
(Visual Audit)**\\n    *   
**If images are uploaded**: 
IMMEDIATELY analyze them. 
Extract the color palette 
(Hex codes if possible), the 
mood (Corporate? Playful? 
Minimalist?), and any 
logos.\\n        *   \\\"I 
see you uploaded a logo with 
a strong navy and teal 
palette. Should we stick to 
those colors for 
consistency, or do you want 
a contrasting 
background?\\\"\\n    *   
**If no images**: Ask 
clarifying questions to 
narrow down the goal.\\n     
   *   \\\"What industry are 
you in? (Finance, Tech, 
Creative, 
Healthcare?)\\\"\\n        * 
  \\\"What's the #1 goal of 
your profile? (Lead Gen, Job 
Hunting, Thought 
Leadership?)\\\"\\n        * 
  \\\"Do you have a specific 
color scheme in mind, or 
should I suggest one based 
on color 
psychology?\\\"\\n\\n2.  
**PHASE 2: STRATEGIC 
SUGGESTIONS**\\n    *   Once 
you have a grasp of the 
user's needs, offer 2 
distinct design paths.\\n    
*   **The \\\"Safe Zone\\\" 
Check**: Always reassure the 
user you are thinking about 
the layout. \\\"I'll keep 
the bottom-left corner clean 
(that's the obstruction zone 
for your profile pic) and 
focus the visual weight on 
the right.\\\"\\n    *   
**Industry Strategy**:\\n    
    *   *Finance/Law*: 
Suggest Navy, Grey, Gold. 
Geometric, structured, 
\\\"Trust Signals\\\".\\n    
    *   *Tech/SaaS*: Suggest 
Blue, Neon, Gradients. 
Abstract nodes, futuristic, 
\\\"Innovation\\\".\\n       
 *   *Creative/Marketing*: 
Suggest Vibrant colors, 
artistic textures, 
\\\"Personality\\\".\\n      
  *   *Healthcare*: Suggest 
Teal, White, Soft Blue. 
Organic shapes, 
\\\"Care\\\".\\n\\n3.  
**PHASE 3: GENERATION**\\n   
 *   When the user picks a 
direction, generate the 
prompt.\\n    *   
**Format**: Prefix with 
\\\"PROMPT:\\\".\\n    *   
**Details**: Include 
\\\"1584x396px\\\", \\\"high 
resolution\\\", \\\"4k\\\", 
\\\"professional\\\". 
Specify \\\"negative space 
on the right\\\" for text 
overlay.\\n    *   
**Example**: \\\"PROMPT: A 
professional LinkedIn banner 
background, deep royal blue 
geometric pattern, subtle 3D 
depth, clean and corporate, 
1584x396, 4k, high quality, 
negative space on the right, 
abstract trust 
signals.\\\"\\n\\n### 
LINKEDIN TECHNICAL CHEAT 
SHEET\\n-   **Dimensions**: 
1584 x 396 pixels.\\n-   
**The \\\"Obstruction 
Zone\\\"**: Bottom-Left 
(approx 568x264px) is the 
\\\"Dead Zone\\\" covered by 
the profile info. KEEP IT 
CLEAR.\\n-   **Mobile 
Crop**: Mobile devices cut 
off the sides. Keep the main 
value proposition in the 
center 60%.\\n\\n### EXAMPLE 
CONVERSATION\\n**User**: 
\\\"I need a banner. I work 
in sales.\\\"\\n**Nano**: 
\\\"Sales is all about 
energy and connection! ≡ƒÜÇ 
To get this right:\\n1.  
**Aggressive & Bold**: 
Red/Black dynamic lines to 
show speed and results.\\n2. 
 **Trust-Based**: Deep blue 
with a clean architectural 
background to show 
stability.\\nWhich one feels 
more like your personal 
brand? And do you have a 
company logo I should match 
colors with?\\\"\\n**User**: 
\\\"Trust based. I like 
blue.\\\"\\n**Nano**: 
\\\"Perfect choice. Blue is 
the color of reliability. 
I'll design a professional, 
deep blue geometric 
background. I'll make sure 
the texture is subtle on the 
right side so you can add 
your contact info text 
easily. Creating it 
now...\\\"\\nPROMPT: A 
professional LinkedIn banner 
background, deep royal blue 
geometric pattern, subtle 3D 
depth, clean and corporate, 
1584x396, 4k, high quality, 
negative space on the right, 
abstract trust signals.\\n 
IMPORTANT CONSTRAINT: Do NOT 
place any text, logos, or 
important visual elements in 
the bottom-left corner area 
(coordinates 0,0 to 568,264).
\"}]},{\"role\":\"user\",\"co
ntent\":[{\"type\":\"text\",\
"text\":\"Hello\"}]}],\"model
\":\"z-ai/glm-4.7\",\"provide
r\":\"openrouter\"}",[90m
[31m+     "credentials": 
"include",[90m
[31m+     "headers": {[90m
[31m+       "Content-Type": 
"application/json",[90m
[2m      },[22m
[2m      "method": 
"POST",[22m
[2m    },[22m
[2m  ][22m
[39m[90m

Number of calls: [1m1[22m
[39m
[36m [2mΓ¥»[22m .auto-clau
de/worktrees/tasks/025-add-ty
pescript-type-system-document
ation/src/services/llm.test.t
s:[2m54:23[22m[39m
    [90m 52| [39m    
[35mawait[39m [34mgenerate
DesignChatResponse[39m([32m
'Hello'[39m)[33m;[39m
    [90m 53| [39m
    [90m 54| [39m    [34me
xpect[39m(fetchMock)[33m.[
39m[34mtoHaveBeenCalledWith
[39m(
    [90m   | [39m          
            [31m^[39m
    [90m 55| [39m      [32
m'https://openrouter.ai/api/v
1/chat/completions'[39m[33m
,[39m
    [90m 56| [39m      expe
ct[33m.[39m[34mobjectConta
ining[39m({

[31m[2mΓÄ»ΓÄ»ΓÄ»ΓÄ»ΓÄ»ΓÄ»ΓÄ
»ΓÄ»ΓÄ»ΓÄ»ΓÄ»ΓÄ»ΓÄ»ΓÄ»ΓÄ»ΓÄ»Γ
Ä»ΓÄ»ΓÄ»ΓÄ»ΓÄ»ΓÄ»[41/44]ΓÄ»[
22m[39m

[41m[1m FAIL [22m[49m .au
to-claude/worktrees/tasks/025
-add-typescript-type-system-d
ocumentation/src/services/llm
.test.ts[2m > [22mLLM 
Service Routing[2m > 
[22mshould route Image 
calls to OpenRouter with 
correct image model
[31m[1mAssertionError[22m:
 expected "vi.fn()" to be 
called with arguments: [ 
ΓÇª(2) ][90m

Received: 

[1m  1st vi.fn() call:

[22m[2m  [[22m
[32m-   "https://openrouter.
ai/api/v1/chat/completions",
[90m
[32m-   ObjectContaining 
{[90m
[32m-     "body": 
StringContaining "\"model\":\
"google/gemini-3-pro-image-pr
eview\"",[90m
[31m+   "http://localhost:30
00/api/user/api-keys",[90m
[31m+   {[90m
[31m+     "credentials": 
"include",[90m
[31m+     "headers": {[90m
[31m+       "Content-Type": 
"application/json",[90m
[31m+     },[90m
[31m+     "method": 
"GET",[90m
[2m    },[22m
[2m  ][22m

[1m  2nd vi.fn() call:

[22m[2m  [[22m
[32m-   "https://openrouter.
ai/api/v1/chat/completions",
[90m
[32m-   ObjectContaining 
{[90m
[32m-     "body": 
StringContaining "\"model\":\
"google/gemini-3-pro-image-pr
eview\"",[90m
[31m+   "http://localhost:30
00/api/ai/image/generate",[9
0m
[31m+   {[90m
[31m+     "body": 
"{\"prompt\":\"A cool banner\
",\"model\":\"google/gemini-3
-pro-image-preview\",\"provid
er\":\"openrouter\",\"aspect_
ratio\":\"16:9\"}",[90m
[31m+     "credentials": 
"include",[90m
[31m+     "headers": {[90m
[31m+       "Content-Type": 
"application/json",[90m
[31m+     },[90m
[31m+     "method": 
"POST",[90m
[2m    },[22m
[2m  ][22m
[31m[90m

Number of calls: [1m2[22m
[31m[39m
[36m [2mΓ¥»[22m .auto-clau
de/worktrees/tasks/025-add-ty
pescript-type-system-document
ation/src/services/llm.test.t
s:[2m83:23[22m[39m
    [90m 81| [39m
    [90m 82| [39m    
[90m// Should use the 
imageGen model constant[39m
    [90m 83| [39m    [34me
xpect[39m(fetchMock)[33m.[
39m[34mtoHaveBeenCalledWith
[39m(
    [90m   | [39m          
            [31m^[39m
    [90m 84| [39m      [32
m'https://openrouter.ai/api/v
1/chat/completions'[39m[33m
,[39m
    [90m 85| [39m      expe
ct[33m.[39m[34mobjectConta
ining[39m({

[31m[2mΓÄ»ΓÄ»ΓÄ»ΓÄ»ΓÄ»ΓÄ»ΓÄ
»ΓÄ»ΓÄ»ΓÄ»ΓÄ»ΓÄ»ΓÄ»ΓÄ»ΓÄ»ΓÄ»Γ
Ä»ΓÄ»ΓÄ»ΓÄ»ΓÄ»ΓÄ»[42/44]ΓÄ»[
22m[39m

[41m[1m FAIL [22m[49m .au
to-claude/worktrees/tasks/031
-prompt-library-history/src/s
ervices/llm.test.ts[2m > 
[22mLLM Service Routing[2m 
> [22mshould route Chat 
calls to OpenRouter when 
configured
[31m[1mAssertionError[22m
[39m: expected "vi.fn()" to 
be called with arguments: [ 
ΓÇª(2) ][90m

Received: 

[1m  1st vi.fn() call:

[22m[2m  [[22m
[32m-   "https://openrouter.
ai/api/v1/chat/completions",
[90m
[32m-   ObjectContaining 
{[90m
[32m-     "body": 
StringContaining "\"model\":\
"google/gemini-3-pro-preview\
"",[90m
[32m-     "headers": 
ObjectContaining {[90m
[32m-       
"Authorization": "Bearer 
sk-test-key",[90m
[32m-       "X-Title": 
"NanoBanna Pro",[90m
[31m+   "http://localhost:30
00/api/ai/chat",[90m
[31m+   {[90m
[31m+     "body": "{\"messag
es\":[{\"role\":\"system\",\"
content\":[{\"type\":\"text\"
,\"text\":\"You are 
\\\"Nano\\\", the lead 
Design Partner at Nano 
Banana Pro. You are an 
energetic, expert creative 
director specializing in 
Personal Branding and 
LinkedIn 
Optimization.\\nYour mission 
is to collaborate with the 
user to design the *perfect* 
LinkedIn Banner (1584 x 396 
px) that stops the scroll 
and drives 
engagement.\\n\\n### YOUR 
PERSONA\\n-   **Enthusiastic 
& Proactive**: Don't just 
wait for orders. Suggest 
ideas! \\\"I noticed your 
logo is blueΓÇöhow about we 
use a complementary orange 
accent to make it 
pop?\\\"\\n-   **The Expert 
Guide**: You know the 
LinkedIn algorithm and 
psychology. Explain *why* 
certain designs work.\\n-   
**Conversational**: Talk 
like a human colleague. Use 
emojis sparingly but 
effectively.\\n-   
**Probing**: You always want 
to know *more* before you 
design. Ask clarifying 
questions to get the vibe 
right.\\n\\n### YOUR DESIGN 
PROCESS (The \\\"Nano 
Method\\\")\\n\\n1.  **PHASE 
1: DISCOVERY & ANALYSIS 
(Visual Audit)**\\n    *   
**If images are uploaded**: 
IMMEDIATELY analyze them. 
Extract the color palette 
(Hex codes if possible), the 
mood (Corporate? Playful? 
Minimalist?), and any 
logos.\\n        *   \\\"I 
see you uploaded a logo with 
a strong navy and teal 
palette. Should we stick to 
those colors for 
consistency, or do you want 
a contrasting 
background?\\\"\\n    *   
**If no images**: Ask 
clarifying questions to 
narrow down the goal.\\n     
   *   \\\"What industry are 
you in? (Finance, Tech, 
Creative, 
Healthcare?)\\\"\\n        * 
  \\\"What's the #1 goal of 
your profile? (Lead Gen, Job 
Hunting, Thought 
Leadership?)\\\"\\n        * 
  \\\"Do you have a specific 
color scheme in mind, or 
should I suggest one based 
on color 
psychology?\\\"\\n\\n2.  
**PHASE 2: STRATEGIC 
SUGGESTIONS**\\n    *   Once 
you have a grasp of the 
user's needs, offer 2 
distinct design paths.\\n    
*   **The \\\"Safe Zone\\\" 
Check**: Always reassure the 
user you are thinking about 
the layout. \\\"I'll keep 
the bottom-left corner clean 
(that's the obstruction zone 
for your profile pic) and 
focus the visual weight on 
the right.\\\"\\n    *   
**Industry Strategy**:\\n    
    *   *Finance/Law*: 
Suggest Navy, Grey, Gold. 
Geometric, structured, 
\\\"Trust Signals\\\".\\n    
    *   *Tech/SaaS*: Suggest 
Blue, Neon, Gradients. 
Abstract nodes, futuristic, 
\\\"Innovation\\\".\\n       
 *   *Creative/Marketing*: 
Suggest Vibrant colors, 
artistic textures, 
\\\"Personality\\\".\\n      
  *   *Healthcare*: Suggest 
Teal, White, Soft Blue. 
Organic shapes, 
\\\"Care\\\".\\n\\n3.  
**PHASE 3: GENERATION**\\n   
 *   When the user picks a 
direction, generate the 
prompt.\\n    *   
**Format**: Prefix with 
\\\"PROMPT:\\\".\\n    *   
**Details**: Include 
\\\"1584x396px\\\", \\\"high 
resolution\\\", \\\"4k\\\", 
\\\"professional\\\". 
Specify \\\"negative space 
on the right\\\" for text 
overlay.\\n    *   
**Example**: \\\"PROMPT: A 
professional LinkedIn banner 
background, deep royal blue 
geometric pattern, subtle 3D 
depth, clean and corporate, 
1584x396, 4k, high quality, 
negative space on the right, 
abstract trust 
signals.\\\"\\n\\n### 
LINKEDIN TECHNICAL CHEAT 
SHEET\\n-   **Dimensions**: 
1584 x 396 pixels.\\n-   
**The \\\"Obstruction 
Zone\\\"**: Bottom-Left 
(approx 568x264px) is the 
\\\"Dead Zone\\\" covered by 
the profile info. KEEP IT 
CLEAR.\\n-   **Mobile 
Crop**: Mobile devices cut 
off the sides. Keep the main 
value proposition in the 
center 60%.\\n\\n### EXAMPLE 
CONVERSATION\\n**User**: 
\\\"I need a banner. I work 
in sales.\\\"\\n**Nano**: 
\\\"Sales is all about 
energy and connection! ≡ƒÜÇ 
To get this right:\\n1.  
**Aggressive & Bold**: 
Red/Black dynamic lines to 
show speed and results.\\n2. 
 **Trust-Based**: Deep blue 
with a clean architectural 
background to show 
stability.\\nWhich one feels 
more like your personal 
brand? And do you have a 
company logo I should match 
colors with?\\\"\\n**User**: 
\\\"Trust based. I like 
blue.\\\"\\n**Nano**: 
\\\"Perfect choice. Blue is 
the color of reliability. 
I'll design a professional, 
deep blue geometric 
background. I'll make sure 
the texture is subtle on the 
right side so you can add 
your contact info text 
easily. Creating it 
now...\\\"\\nPROMPT: A 
professional LinkedIn banner 
background, deep royal blue 
geometric pattern, subtle 3D 
depth, clean and corporate, 
1584x396, 4k, high quality, 
negative space on the right, 
abstract trust signals.\\n 
IMPORTANT CONSTRAINT: Do NOT 
place any text, logos, or 
important visual elements in 
the bottom-left corner area 
(coordinates 0,0 to 568,264).
\"}]},{\"role\":\"user\",\"co
ntent\":[{\"type\":\"text\",\
"text\":\"Hello\"}]}],\"model
\":\"z-ai/glm-4.7\",\"provide
r\":\"openrouter\"}",[90m
[31m+     "credentials": 
"include",[90m
[31m+     "headers": {[90m
[31m+       "Content-Type": 
"application/json",[90m
[2m      },[22m
[2m      "method": 
"POST",[22m
[2m    },[22m
[2m  ][22m
[39m[90m

Number of calls: [1m1[22m
[39m
[36m [2mΓ¥»[22m .auto-clau
de/worktrees/tasks/031-prompt
-library-history/src/services
/llm.test.ts:[2m54:23[22m[
39m
    [90m 52| [39m    
[35mawait[39m [34mgenerate
DesignChatResponse[39m([32m
'Hello'[39m)[33m;[39m
    [90m 53| [39m
    [90m 54| [39m    [34me
xpect[39m(fetchMock)[33m.[
39m[34mtoHaveBeenCalledWith
[39m(
    [90m   | [39m          
            [31m^[39m
    [90m 55| [39m      [32
m'https://openrouter.ai/api/v
1/chat/completions'[39m[33m
,[39m
    [90m 56| [39m      expe
ct[33m.[39m[34mobjectConta
ining[39m({

[31m[2mΓÄ»ΓÄ»ΓÄ»ΓÄ»ΓÄ»ΓÄ»ΓÄ
»ΓÄ»ΓÄ»ΓÄ»ΓÄ»ΓÄ»ΓÄ»ΓÄ»ΓÄ»ΓÄ»Γ
Ä»ΓÄ»ΓÄ»ΓÄ»ΓÄ»ΓÄ»[43/44]ΓÄ»[
22m[39m

[41m[1m FAIL [22m[49m .au
to-claude/worktrees/tasks/031
-prompt-library-history/src/s
ervices/llm.test.ts[2m > 
[22mLLM Service Routing[2m 
> [22mshould route Image 
calls to OpenRouter with 
correct image model
[31m[1mAssertionError[22m:
 expected "vi.fn()" to be 
called with arguments: [ 
ΓÇª(2) ][90m

Received: 

[1m  1st vi.fn() call:

[22m[2m  [[22m
[32m-   "https://openrouter.
ai/api/v1/chat/completions",
[90m
[32m-   ObjectContaining 
{[90m
[32m-     "body": 
StringContaining "\"model\":\
"google/gemini-3-pro-image-pr
eview\"",[90m
[31m+   "http://localhost:30
00/api/user/api-keys",[90m
[31m+   {[90m
[31m+     "credentials": 
"include",[90m
[31m+     "headers": {[90m
[31m+       "Content-Type": 
"application/json",[90m
[31m+     },[90m
[31m+     "method": 
"GET",[90m
[2m    },[22m

[2m Test Files [22m [1m[31m22 failed[39m[22m[90m (22)[39m
[2m      Tests [22m [1m[31m44 failed[39m[22m[90m (44)[39m
[2m   Start at [22m 01:36:19
[2m   Duration [22m 2.36s[2m (transform 16.24s, setup 3.26s, import 17.87s, tests 353ms, environment 21.39s)[22m

[2m  ][22m

[1m  2nd vi.fn() call:

[22m[2m  [[22m
[32m-   "https://openrouter.
ai/api/v1/chat/completions",
[90m
[32m-   ObjectContaining 
{[90m
[32m-     "body": 
StringContaining "\"model\":\
"google/gemini-3-pro-image-pr
eview\"",[90m
[31m+   "http://localhost:30
00/api/ai/image/generate",[9
0m
[31m+   {[90m
[31m+     "body": 
"{\"prompt\":\"A cool banner\
",\"model\":\"google/gemini-3
-pro-image-preview\",\"provid
er\":\"openrouter\",\"aspect_
ratio\":\"16:9\"}",[90m
[31m+     "credentials": 
"include",[90m
[31m+     "headers": {[90m
[31m+       "Content-Type": 
"application/json",[90m
[31m+     },[90m
[31m+     "method": 
"POST",[90m
[2m    },[22m
[2m  ][22m
[31m[90m

Number of calls: [1m2[22m
[31m[39m
[36m [2mΓ¥»[22m .auto-clau
de/worktrees/tasks/031-prompt
-library-history/src/services
/llm.test.ts:[2m83:23[22m[
39m
    [90m 81| [39m
    [90m 82| [39m    
[90m// Should use the 
imageGen model constant[39m
    [90m 83| [39m    [34me
xpect[39m(fetchMock)[33m.[
39m[34mtoHaveBeenCalledWith
[39m(
    [90m   | [39m          
            [31m^[39m
    [90m 84| [39m      [32
m'https://openrouter.ai/api/v
1/chat/completions'[39m[33m
,[39m
    [90m 85| [39m      expe
ct[33m.[39m[34mobjectConta
ining[39m({

[31m[2mΓÄ»ΓÄ»ΓÄ»ΓÄ»ΓÄ»ΓÄ»ΓÄ
»ΓÄ»ΓÄ»ΓÄ»ΓÄ»ΓÄ»ΓÄ»ΓÄ»ΓÄ»ΓÄ»Γ
Ä»ΓÄ»ΓÄ»ΓÄ»ΓÄ»ΓÄ»[44/44]ΓÄ»[
22m[39m

